[TS:log] file=D:\Programming\GitHub\Timesplitters\timesplitters.log
[TS:boot] ELF=D:\Programming\GitHub\Timesplitters\project\game-data\SLUS_200.90
[TS:boot] disc=D:\Programming\GitHub\Timesplitters\project\disc\TimeSplitters.iso
[TS:native] original-EE AOT via PS2Recomp; missing functions STOP; no EE interpreter fallback
Loading segment: 0x200000 - 0x1ff5390 (filesz: 0x1afd94, memsz: 0x1df5390)
Registered code region: 200000 - 3afd94[kernel:callback-arena] base=0x80000 end=0x100000
ELF file loaded successfully. Entry point: 0x200008Starting execution at address 0x200008[SetupHeap] base=0x1ff5390 alignedBase=0x1ff5390 size=0x8000 runtimeBase=0x1ff5390 runtimeEnd=0x1ff5390
[SifInitRpc] Initialized[ps2xIOP] [IOP] loaded IRX id=1 entry=0x10abc base=0x10000 start=0
[SIF module] load-emulated id=1 ref=1 path="cdrom0:\MODULES\SIO2MAN.IRX;1"
[ps2xIOP] [IOP] loaded IRX id=2 entry=0x11d54 base=0x11300 start=0
[SIF module] load-emulated id=2 ref=1 path="cdrom0:\MODULES\MTAPMAN.IRX;1"
[ps2xIOP] [IOP] loaded IRX id=3 entry=0x15e68 base=0x13000 start=0
[SIF module] load-emulated id=3 ref=1 path="cdrom0:\MODULES\PADMAN.IRX;1"
[ps2xIOP] [IOP] loaded IRX id=4 entry=0x1c458 base=0x1c300 start=0
[SIF module] load-emulated id=4 ref=1 path="cdrom0:\MODULES\MCMAN.IRX;1"
[ps2xIOP] [IOP] loaded IRX id=5 entry=0x3fb40 base=0x3fb00 start=0
[SIF module] load-emulated id=5 ref=1 path="cdrom0:\MODULES\MCSERV.IRX;1"
[ps2xIOP] [IOP] loaded IRX id=6 entry=0x46830 base=0x42e00 start=0
[SIF module] load-emulated id=6 ref=1 path="cdrom0:\MODULES\LIBSD.IRX;1"
[ps2xIOP] [IOP printf] sdr driver version 1.4.0 (C)SCEI

[ps2xIOP] [IOP printf]  Exit rsd_main 

[ps2xIOP] [IOP] loaded IRX id=7 entry=0x47500 base=0x47500 start=0
[SIF module] load-emulated id=7 ref=1 path="cdrom0:\MODULES\SDRDRV.IRX;1"
[ps2xIOP] [IOP printf] FRD Stream Driver v%d.%d

[ps2xIOP] [IOP printf] Exit stream loader thread

[ps2xIOP] [IOP] loaded IRX id=8 entry=0x48700 base=0x48700 start=0
[SIF module] load-emulated id=8 ref=1 path="cdrom0:\MODULES\STREAM.IRX;1"
[gs:reg] idx=0 reg=0x41 value=0x8005
[gs:copy-reg] reg=0x41 value=0x8005 primCtxt=0 ctx0fbp=0 ctx1fbp=0
[gs:reg] idx=1 reg=0x42 value=0x3
[gs:reg] idx=2 reg=0x4c value=0x100000
[gs:reg] idx=3 reg=0x18 value=0x0
[gs:reg] idx=4 reg=0x40 value=0x400000004000000
[gs:reg] idx=5 reg=0x47 value=0x0
[gs:reg] idx=6 reg=0x0 value=0x6
[gs:copy-reg] reg=0x0 value=0x6 primCtxt=0 ctx0fbp=0 ctx1fbp=0
[gs:reg] idx=7 reg=0x1 value=0x3f80000000000000
[gs:reg] idx=8 reg=0x4 value=0x0
[gs:kick] idx=0 drawing=1 prim=6 vtxCount=1
[gs:reg] idx=9 reg=0x4 value=0x40004000
[gs:kick] idx=1 drawing=1 prim=6 vtxCount=2
[gs:prim] idx=0 type=6 tme=0 abe=0 fst=0 ctxt=0 fbp=0 fbw=16 psm=0x0 tex0=(tbp0=0 tbw=0 psm=0x0 tw=0 th=0 tcc=0 tfx=0 cbp=0 cpsm=0x0 csm=0 csa=0) texclut=(cbw=0 cou=0 cov=0) ofx=0 ofy=0 scissor=(0,0)-(1024,1024) test=0x0 alpha=0x3 v0=(0,0) uv0=(0,0) stq0=(0,0,1) v1=(1024,1024) uv1=(0,0) stq1=(0,0,1) v2=(0,0) uv2=(0,0) stq2=(0,0,1) rgba0=(0,0,0,0) rgba1=(0,0,0,0) rgba2=(0,0,0,0)
[sceDmaSend] ch=0x1000a000 madr=0x3136b0 qwc=0xa tadr=0x3136b0 chcr=0x181
[ps2xIOP] [IOP printf] goto stream cmd loop

[gs:reg] idx=10 reg=0x4c value=0x20a0000
[gs:reg] idx=11 reg=0x18 value=0x790800006c00
[gs:reg] idx=12 reg=0x40 value=0xdf0000027f0000
[gs:reg] idx=13 reg=0x47 value=0x30000
[gs:reg] idx=14 reg=0x4c value=0x20a0000
[gs:reg] idx=15 reg=0x18 value=0x790000006c00
[gs:reg] idx=16 reg=0x40 value=0xdf0000027f0000
[gs:reg] idx=17 reg=0x47 value=0x30000
[gs:reg] idx=18 reg=0x4c value=0x20a0000
[gs:reg] idx=19 reg=0x18 value=0x790800006c00
[gs:reg] idx=20 reg=0x40 value=0xdf0000027f0000
[gs:reg] idx=21 reg=0x47 value=0x30000
[gs:reg] idx=22 reg=0x4c value=0x20a0000
[gs:reg] idx=23 reg=0x18 value=0x790000006c00
[gs:reg] idx=24 reg=0x40 value=0xdf0000027f0000
[gs:reg] idx=25 reg=0x47 value=0x30000
[gs:reg] idx=26 reg=0x4c value=0x20a0000
[gs:reg] idx=27 reg=0x18 value=0x790800006c00
[gs:reg] idx=28 reg=0x40 value=0xdf0000027f0000
[gs:reg] idx=29 reg=0x47 value=0x30000
[gs:reg] idx=30 reg=0x4c value=0x20a0000
[gs:reg] idx=31 reg=0x18 value=0x790000006c00
[gs:reg] idx=32 reg=0x40 value=0xdf0000027f0000
[gs:reg] idx=33 reg=0x47 value=0x30000
[gs:reg] idx=34 reg=0x4c value=0x20a0000
[gs:reg] idx=35 reg=0x18 value=0x790800006c00
[gs:reg] idx=36 reg=0x40 value=0xdf0000027f0000
[gs:reg] idx=37 reg=0x47 value=0x30000
[gs:reg] idx=38 reg=0x4c value=0x20a0000
[gs:reg] idx=39 reg=0x18 value=0x790000006c00
[gs:reg] idx=40 reg=0x40 value=0xdf0000027f0000
[gs:reg] idx=41 reg=0x47 value=0x30000
[gs:reg] idx=42 reg=0x4c value=0x20a0000
[gs:reg] idx=43 reg=0x18 value=0x790800006c00
[gs:reg] idx=44 reg=0x40 value=0xdf0000027f0000
[gs:reg] idx=45 reg=0x47 value=0x30000
[gs:reg] idx=46 reg=0x4c value=0x20a0000
[gs:reg] idx=47 reg=0x18 value=0x790000006c00
[gs:reg] idx=48 reg=0x40 value=0xdf0000027f0000
[gs:reg] idx=49 reg=0x47 value=0x30000
[gs:reg] idx=50 reg=0x4c value=0x20a0000
[gs:reg] idx=51 reg=0x18 value=0x790800006c00
[gs:reg] idx=52 reg=0x40 value=0xdf0000027f0000
[gs:reg] idx=53 reg=0x47 value=0x30000
[gs:reg] idx=54 reg=0x4c value=0x20a0000
[gs:reg] idx=55 reg=0x18 value=0x790000006c00
[gs:reg] idx=56 reg=0x40 value=0xdf0000027f0000
[gs:reg] idx=57 reg=0x47 value=0x30000
[gs:reg] idx=58 reg=0x4c value=0x20a0000
[gs:reg] idx=59 reg=0x18 value=0x790800006c00
[gs:reg] idx=60 reg=0x40 value=0xdf0000027f0000
[gs:reg] idx=61 reg=0x47 value=0x30000
[gs:reg] idx=62 reg=0x4c value=0x20a0000
[gs:reg] idx=63 reg=0x18 value=0x790000006c00
[gs:reg] idx=64 reg=0x40 value=0xdf0000027f0000
[gs:reg] idx=65 reg=0x47 value=0x30000
[gs:reg] idx=66 reg=0x4c value=0x20a0000
[gs:reg] idx=67 reg=0x18 value=0x790800006c00
[gs:reg] idx=68 reg=0x40 value=0xdf0000027f0000
[gs:reg] idx=69 reg=0x47 value=0x30000
[gs:reg] idx=70 reg=0x4c value=0x20a0000
[gs:reg] idx=71 reg=0x18 value=0x790000006c00
[gs:reg] idx=72 reg=0x40 value=0xdf0000027f0000
[gs:reg] idx=73 reg=0x47 value=0x30000
[gs:reg] idx=74 reg=0x4c value=0x20a0000
[gs:reg] idx=75 reg=0x18 value=0x790800006c00
[gs:reg] idx=76 reg=0x40 value=0xdf0000027f0000
[gs:reg] idx=77 reg=0x47 value=0x30000
[gs:reg] idx=78 reg=0x4c value=0x20a0000
[gs:reg] idx=79 reg=0x18 value=0x790000006c00
[TS:rate] fps=61.88 vblank_per_s=57.88 game_per_s=0.00 syncv_per_s=0.00
[gs:reg] idx=80 reg=0x40 value=0xdf0000027f0000
[gs:reg] idx=81 reg=0x47 value=0x30000
[gs:reg] idx=82 reg=0x4c value=0x20a0000
[gs:reg] idx=83 reg=0x18 value=0x790800006c00
[gs:reg] idx=84 reg=0x40 value=0xdf0000027f0000
[gs:reg] idx=85 reg=0x47 value=0x30000
[gs:reg] idx=86 reg=0x4c value=0x20a0000
[gs:reg] idx=87 reg=0x18 value=0x790000006c00
[gs:reg] idx=88 reg=0x40 value=0xdf0000027f0000
[gs:reg] idx=89 reg=0x47 value=0x30000
[gs:reg] idx=90 reg=0x4c value=0x20a0000
[gs:reg] idx=91 reg=0x18 value=0x790800006c00
[gs:reg] idx=92 reg=0x40 value=0xdf0000027f0000
[gs:reg] idx=93 reg=0x47 value=0x30000
[gs:reg] idx=94 reg=0x4c value=0x20a0000
[gs:reg] idx=95 reg=0x18 value=0x790000006c00
[gs:reg] idx=96 reg=0x40 value=0xdf0000027f0000
[gs:reg] idx=97 reg=0x47 value=0x30000
[gs:reg] idx=98 reg=0x4c value=0x20a0000
[gs:reg] idx=99 reg=0x18 value=0x790800006c00
[gs:reg] idx=100 reg=0x40 value=0xdf0000027f0000
[gs:reg] idx=101 reg=0x47 value=0x30000
[gs:reg] idx=102 reg=0x4c value=0x20a0000
[gs:reg] idx=103 reg=0x18 value=0x790000006c00
[gs:reg] idx=104 reg=0x40 value=0xdf0000027f0000
[gs:reg] idx=105 reg=0x47 value=0x30000
[gs:reg] idx=106 reg=0x4c value=0x20a0000
[gs:reg] idx=107 reg=0x18 value=0x790800006c00
[gs:reg] idx=108 reg=0x40 value=0xdf0000027f0000
[gs:reg] idx=109 reg=0x47 value=0x30000
[gs:reg] idx=110 reg=0x4c value=0x20a0000
[gs:reg] idx=111 reg=0x18 value=0x790000006c00
[gs:reg] idx=112 reg=0x40 value=0xdf0000027f0000
[gs:reg] idx=113 reg=0x47 value=0x30000
[gs:reg] idx=114 reg=0x4c value=0x20a0000
[gs:reg] idx=115 reg=0x18 value=0x790800006c00
[gs:reg] idx=116 reg=0x40 value=0xdf0000027f0000
[gs:reg] idx=117 reg=0x47 value=0x30000
[gs:reg] idx=118 reg=0x4c value=0x20a0000
[gs:reg] idx=119 reg=0x18 value=0x790000006c00
[gs:reg] idx=120 reg=0x40 value=0xdf0000027f0000
[gs:reg] idx=121 reg=0x47 value=0x30000
[pad:open] port=0 slot=0 dma=0x31c740 connected=1
[pad:open] port=0 slot=1 dma=0x31c8c0 connected=0
[pad:open] port=0 slot=2 dma=0x31ca40 connected=0
[pad:open] port=0 slot=3 dma=0x31cbc0 connected=0
[pad:open] port=1 slot=0 dma=0x31cd40 connected=0
[pad:open] port=1 slot=1 dma=0x31cec0 connected=0
[pad:open] port=1 slot=2 dma=0x31d040 connected=0
[pad:open] port=1 slot=3 dma=0x31d1c0 connected=0
[gs:reg] idx=122 reg=0x4c value=0x20a0000
[gs:reg] idx=123 reg=0x18 value=0x790800006c00
[gs:reg] idx=124 reg=0x40 value=0xdf0000027f0000
[gs:reg] idx=125 reg=0x47 value=0x30000
PS2 printf: Timezone=-300
PS2 printf: SummerTime=0
[gs:reg] idx=126 reg=0x4c value=0x20a0000
[gs:reg] idx=127 reg=0x18 value=0x790000006c00
PS2 GsGetIMR: Returning IMR=0x0 pc=0x2d0448 ra=0x2ce948
PS2 GsGetIMR: Returning IMR=0x0 pc=0x2d0448 ra=0x2ce888
PS2 GsPutIMR:  new=0x0 a0_64=0x0 a0_32=0x0 a1_32=0x0 pc=0x2950248 ra=0x2943124
[TS:rate] fps=60.00 vblank_per_s=60.00 game_per_s=0.00 syncv_per_s=2.00
[gs:copy-reg] reg=0x0 value=0x4e primCtxt=0 ctx0fbp=0 ctx1fbp=0
[gs:kick] idx=2 drawing=1 prim=6 vtxCount=1
[gs:kick] idx=3 drawing=1 prim=6 vtxCount=2
[gs:prim] idx=1 type=6 tme=0 abe=1 fst=0 ctxt=0 fbp=0 fbw=10 psm=0x2 tex0=(tbp0=0 tbw=0 psm=0x0 tw=0 th=0 tcc=0 tfx=0 cbp=0 cpsm=0x0 csm=0 csa=0) texclut=(cbw=0 cou=0 cov=0) ofx=1728 ofy=1936 scissor=(0,0)-(639,223) test=0x30000 alpha=0x3 v0=(1.7e+03,1.9e+03) uv0=(0,0) stq0=(0,0,1) v1=(2.4e+03,2.2e+03) uv1=(0,0) stq1=(0,0,1) v2=(0,0) uv2=(0,0) stq2=(0,0,1) rgba0=(0,0,0,128) rgba1=(0,0,0,128) rgba2=(0,0,0,0)
[frame:upload] idx=0 tick=3 displayFbp=0 sourceFbp=0 size=640x224 preferred=0
[gs:copy-reg] reg=0x0 value=0x4c primCtxt=0 ctx0fbp=0 ctx1fbp=0
[gs:packed-xyzf] idx=0 x=32768 y=32768 z=0x8000 fog=0 kick=1 prim=4
[gs:kick] idx=4 drawing=1 prim=4 vtxCount=1
[gs:packed-xyzf] idx=1 x=32768 y=32768 z=0x8000 fog=0 kick=1 prim=4
[gs:kick] idx=5 drawing=1 prim=4 vtxCount=2
[gs:packed-xyzf] idx=2 x=32768 y=32768 z=0x8000 fog=0 kick=1 prim=4
[gs:kick] idx=6 drawing=1 prim=4 vtxCount=3
[gs:prim] idx=2 type=4 tme=0 abe=1 fst=0 ctxt=0 fbp=0 fbw=10 psm=0x2 tex0=(tbp0=5184 tbw=8 psm=0x13 tw=9 th=7 tcc=1 tfx=0 cbp=16356 cpsm=0x0 csm=0 csa=0) texclut=(cbw=0 cou=0 cov=0) ofx=1728 ofy=1936 scissor=(0,0)-(639,223) test=0x50000 alpha=0x3 v0=(2e+03,2e+03) uv0=(0,0) stq0=(0,0,1) v1=(2e+03,2e+03) uv1=(0,0) stq1=(0,0,1) v2=(2e+03,2e+03) uv2=(0,0) stq2=(0,0,1) rgba0=(255,255,255,255) rgba1=(255,255,255,255) rgba2=(255,255,255,255)
[gs:copy-reg] reg=0x0 value=0x156 primCtxt=0 ctx0fbp=0 ctx1fbp=0
[gs:packed-xyz] idx=3 x=28672 y=31136 z=0xffffffff kick=1 prim=6
[gs:kick] idx=7 drawing=1 prim=6 vtxCount=1
[gs:packed-xyz] idx=4 x=36864 y=32160 z=0xffffffff kick=1 prim=6
[gs:kick] idx=8 drawing=1 prim=6 vtxCount=2
[gs:prim] idx=3 type=6 tme=1 abe=1 fst=1 ctxt=0 fbp=0 fbw=10 psm=0x2 tex0=(tbp0=5184 tbw=8 psm=0x13 tw=9 th=7 tcc=1 tfx=0 cbp=16356 cpsm=0x0 csm=0 csa=0) texclut=(cbw=0 cou=0 cov=0) ofx=1728 ofy=1936 scissor=(0,0)-(639,223) test=0x30000 alpha=0x3 v0=(1.8e+03,1.9e+03) uv0=(0,0) stq0=(0,0,1) v1=(2.3e+03,2e+03) uv1=(512,128) stq1=(0,0,1) v2=(0,0) uv2=(0,0) stq2=(0,0,1) rgba0=(127,127,127,127) rgba1=(127,127,127,127) rgba2=(0,0,0,0)
[gs:copy-reg] reg=0x0 value=0x4c primCtxt=0 ctx0fbp=0 ctx1fbp=0
[gs:packed-xyzf] idx=5 x=32768 y=32768 z=0x8000 fog=0 kick=1 prim=4
[gs:kick] idx=9 drawing=1 prim=4 vtxCount=1
[gs:packed-xyzf] idx=6 x=32768 y=32768 z=0x8000 fog=0 kick=1 prim=4
[gs:kick] idx=10 drawing=1 prim=4 vtxCount=2
[gs:packed-xyzf] idx=7 x=32768 y=32768 z=0x8000 fog=0 kick=1 prim=4
[gs:kick] idx=11 drawing=1 prim=4 vtxCount=3
[gs:prim] idx=4 type=4 tme=0 abe=1 fst=0 ctxt=0 fbp=0 fbw=10 psm=0x2 tex0=(tbp0=5440 tbw=8 psm=0x13 tw=9 th=7 tcc=1 tfx=0 cbp=16360 cpsm=0x0 csm=0 csa=0) texclut=(cbw=0 cou=0 cov=0) ofx=1728 ofy=1936 scissor=(0,0)-(639,223) test=0x50000 alpha=0x3 v0=(2e+03,2e+03) uv0=(512,128) stq0=(0,0,1) v1=(2e+03,2e+03) uv1=(512,128) stq1=(0,0,1) v2=(2e+03,2e+03) uv2=(512,128) stq2=(0,0,1) rgba0=(255,255,255,255) rgba1=(255,255,255,255) rgba2=(255,255,255,255)
[gs:copy-reg] reg=0x0 value=0x156 primCtxt=0 ctx0fbp=0 ctx1fbp=0
[gs:packed-xyz] idx=8 x=28672 y=32160 z=0xffffffff kick=1 prim=6
[gs:kick] idx=12 drawing=1 prim=6 vtxCount=1
[gs:packed-xyz] idx=9 x=36864 y=33184 z=0xffffffff kick=1 prim=6
[gs:kick] idx=13 drawing=1 prim=6 vtxCount=2
[gs:prim] idx=5 type=6 tme=1 abe=1 fst=1 ctxt=0 fbp=0 fbw=10 psm=0x2 tex0=(tbp0=5440 tbw=8 psm=0x13 tw=9 th=7 tcc=1 tfx=0 cbp=16360 cpsm=0x0 csm=0 csa=0) texclut=(cbw=0 cou=0 cov=0) ofx=1728 ofy=1936 scissor=(0,0)-(639,223) test=0x30000 alpha=0x3 v0=(1.8e+03,2e+03) uv0=(0,0) stq0=(0,0,1) v1=(2.3e+03,2.1e+03) uv1=(512,128) stq1=(0,0,1) v2=(0,0) uv2=(0,0) stq2=(0,0,1) rgba0=(127,127,127,127) rgba1=(127,127,127,127) rgba2=(0,0,0,0)
[gs:copy-reg] reg=0x0 value=0x4c primCtxt=0 ctx0fbp=0 ctx1fbp=0
[gs:packed-xyzf] idx=10 x=32768 y=32768 z=0x8000 fog=0 kick=1 prim=4
[gs:kick] idx=14 drawing=1 prim=4 vtxCount=1
[gs:packed-xyzf] idx=11 x=32768 y=32768 z=0x8000 fog=0 kick=1 prim=4
[gs:kick] idx=15 drawing=1 prim=4 vtxCount=2
[gs:packed-xyzf] idx=12 x=32768 y=32768 z=0x8000 fog=0 kick=1 prim=4
[gs:kick] idx=16 drawing=1 prim=4 vtxCount=3
[gs:prim] idx=6 type=4 tme=0 abe=1 fst=0 ctxt=0 fbp=0 fbw=10 psm=0x2 tex0=(tbp0=5696 tbw=8 psm=0x13 tw=9 th=6 tcc=1 tfx=0 cbp=16364 cpsm=0x0 csm=0 csa=0) texclut=(cbw=0 cou=0 cov=0) ofx=1728 ofy=1936 scissor=(0,0)-(639,223) test=0x50000 alpha=0x3 v0=(2e+03,2e+03) uv0=(512,128) stq0=(0,0,1) v1=(2e+03,2e+03) uv1=(512,128) stq1=(0,0,1) v2=(2e+03,2e+03) uv2=(512,128) stq2=(0,0,1) rgba0=(255,255,255,255) rgba1=(255,255,255,255) rgba2=(255,255,255,255)
[gs:copy-reg] reg=0x0 value=0x156 primCtxt=0 ctx0fbp=0 ctx1fbp=0
[gs:packed-xyz] idx=13 x=28672 y=33184 z=0xffffffff kick=1 prim=6
[gs:kick] idx=17 drawing=1 prim=6 vtxCount=1
[gs:packed-xyz] idx=14 x=36864 y=33696 z=0xffffffff kick=1 prim=6
[gs:kick] idx=18 drawing=1 prim=6 vtxCount=2
[gs:prim] idx=7 type=6 tme=1 abe=1 fst=1 ctxt=0 fbp=0 fbw=10 psm=0x2 tex0=(tbp0=5696 tbw=8 psm=0x13 tw=9 th=6 tcc=1 tfx=0 cbp=16364 cpsm=0x0 csm=0 csa=0) texclut=(cbw=0 cou=0 cov=0) ofx=1728 ofy=1936 scissor=(0,0)-(639,223) test=0x30000 alpha=0x3 v0=(1.8e+03,2.1e+03) uv0=(0,0) stq0=(0,0,1) v1=(2.3e+03,2.1e+03) uv1=(512,64) stq1=(0,0,1) v2=(0,0) uv2=(0,0) stq2=(0,0,1) rgba0=(127,127,127,127) rgba1=(127,127,127,127) rgba2=(0,0,0,0)
[gs:copy-reg] reg=0x49 value=0x0 primCtxt=0 ctx0fbp=0 ctx1fbp=0
[gs:texa] idx=0 value=0x0 ta0=0x0 aem=0 ta1=0x0
[gs:copy-reg] reg=0x0 value=0x4c primCtxt=0 ctx0fbp=0 ctx1fbp=0
[gs:packed-xyzf] idx=15 x=32768 y=32768 z=0x8000 fog=0 kick=1 prim=4
[gs:kick] idx=19 drawing=1 prim=4 vtxCount=1
[gs:packed-xyzf] idx=16 x=32768 y=32768 z=0x8000 fog=0 kick=1 prim=4
[gs:kick] idx=20 drawing=1 prim=4 vtxCount=2
[gs:packed-xyzf] idx=17 x=32768 y=32768 z=0x8000 fog=0 kick=1 prim=4
[gs:kick] idx=21 drawing=1 prim=4 vtxCount=3
[gs:prim] idx=8 type=4 tme=0 abe=1 fst=0 ctxt=0 fbp=0 fbw=10 psm=0x2 tex0=(tbp0=5120 tbw=2 psm=0x13 tw=7 th=7 tcc=1 tfx=0 cbp=16352 cpsm=0x0 csm=0 csa=0) texclut=(cbw=0 cou=0 cov=0) ofx=1728 ofy=1936 scissor=(0,0)-(639,223) test=0x30000 alpha=0x44 v0=(2e+03,2e+03) uv0=(512,64) stq0=(0,0,1) v1=(2e+03,2e+03) uv1=(512,64) stq1=(0,0,1) v2=(2e+03,2e+03) uv2=(512,64) stq2=(0,0,1) rgba0=(255,255,255,255) rgba1=(255,255,255,255) rgba2=(255,255,255,255)
[gs:copy-reg] reg=0x0 value=0x156 primCtxt=0 ctx0fbp=0 ctx1fbp=0
[gs:packed-xyz] idx=18 x=28592 y=33904 z=0xffffffff kick=1 prim=6
[gs:kick] idx=22 drawing=1 prim=6 vtxCount=1
[gs:packed-xyz] idx=19 x=28656 y=33936 z=0xffffffff kick=1 prim=6
[gs:kick] idx=23 drawing=1 prim=6 vtxCount=2
[gs:prim] idx=9 type=6 tme=1 abe=1 fst=1 ctxt=0 fbp=0 fbw=10 psm=0x2 tex0=(tbp0=5120 tbw=2 psm=0x13 tw=7 th=7 tcc=1 tfx=0 cbp=16352 cpsm=0x0 csm=0 csa=0) texclut=(cbw=0 cou=0 cov=0) ofx=1728 ofy=1936 scissor=(0,0)-(639,223) test=0x30000 alpha=0x44 v0=(1.8e+03,2.1e+03) uv0=(5,0) stq0=(0,0,1) v1=(1.8e+03,2.1e+03) uv1=(14,4) stq1=(0,0,1) v2=(0,0) uv2=(0,0) stq2=(0,0,1) rgba0=(127,127,127,127) rgba1=(127,127,127,127) rgba2=(0,0,0,0)
[gs:copy-reg] reg=0x0 value=0x156 primCtxt=0 ctx0fbp=0 ctx1fbp=0
[gs:packed-xyz] idx=20 x=28656 y=33904 z=0xffffffff kick=1 prim=6
[gs:kick] idx=24 drawing=1 prim=6 vtxCount=1
[gs:packed-xyz] idx=21 x=28784 y=33984 z=0xffffffff kick=1 prim=6
[gs:kick] idx=25 drawing=1 prim=6 vtxCount=2
[gs:prim] idx=10 type=6 tme=1 abe=1 fst=1 ctxt=0 fbp=0 fbw=10 psm=0x2 tex0=(tbp0=5120 tbw=2 psm=0x13 tw=7 th=7 tcc=1 tfx=0 cbp=16352 cpsm=0x0 csm=0 csa=0) texclut=(cbw=0 cou=0 cov=0) ofx=1728 ofy=1936 scissor=(0,0)-(639,223) test=0x30000 alpha=0x44 v0=(1.8e+03,2.1e+03) uv0=(103,49) stq0=(0,0,1) v1=(1.8e+03,2.1e+03) uv1=(119,58) stq1=(0,0,1) v2=(0,0) uv2=(0,0) stq2=(0,0,1) rgba0=(127,127,127,127) rgba1=(127,127,127,127) rgba2=(0,0,0,0)
[gs:copy-reg] reg=0x0 value=0x156 primCtxt=0 ctx0fbp=0 ctx1fbp=0
[gs:packed-xyz] idx=22 x=28784 y=33904 z=0xffffffff kick=1 prim=6
[gs:kick] idx=26 drawing=1 prim=6 vtxCount=1
[gs:packed-xyz] idx=23 x=28816 y=33984 z=0xffffffff kick=1 prim=6
[gs:kick] idx=27 drawing=1 prim=6 vtxCount=2
[gs:prim] idx=11 type=6 tme=1 abe=1 fst=1 ctxt=0 fbp=0 fbw=10 psm=0x2 tex0=(tbp0=5120 tbw=2 psm=0x13 tw=7 th=7 tcc=1 tfx=0 cbp=16352 cpsm=0x0 csm=0 csa=0) texclut=(cbw=0 cou=0 cov=0) ofx=1728 ofy=1936 scissor=(0,0)-(639,223) test=0x30000 alpha=0x44 v0=(1.8e+03,2.1e+03) uv0=(116,73) stq0=(0,0,1) v1=(1.8e+03,2.1e+03) uv1=(121,82) stq1=(0,0,1) v2=(0,0) uv2=(0,0) stq2=(0,0,1) rgba0=(127,127,127,127) rgba1=(127,127,127,127) rgba2=(0,0,0,0)
[gs:copy-reg] reg=0x0 value=0x156 primCtxt=0 ctx0fbp=0 ctx1fbp=0
[gs:packed-xyz] idx=24 x=28816 y=33920 z=0xffffffff kick=1 prim=6
[gs:kick] idx=28 drawing=1 prim=6 vtxCount=1
[gs:packed-xyz] idx=25 x=28960 y=33984 z=0xffffffff kick=1 prim=6
[gs:kick] idx=29 drawing=1 prim=6 vtxCount=2
[gs:prim] idx=12 type=6 tme=1 abe=1 fst=1 ctxt=0 fbp=0 fbw=10 psm=0x2 tex0=(tbp0=5120 tbw=2 psm=0x13 tw=7 th=7 tcc=1 tfx=0 cbp=16352 cpsm=0x0 csm=0 csa=0) texclut=(cbw=0 cou=0 cov=0) ofx=1728 ofy=1936 scissor=(0,0)-(639,223) test=0x30000 alpha=0x44 v0=(1.8e+03,2.1e+03) uv0=(25,87) stq0=(0,0,1) v1=(1.8e+03,2.1e+03) uv1=(44,94) stq1=(0,0,1) v2=(0,0) uv2=(0,0) stq2=(0,0,1) rgba0=(127,127,127,127) rgba1=(127,127,127,127) rgba2=(0,0,0,0)
[gs:copy-reg] reg=0x0 value=0x156 primCtxt=0 ctx0fbp=0 ctx1fbp=0
[gs:packed-xyz] idx=26 x=28960 y=33920 z=0xffffffff kick=1 prim=6
[gs:kick] idx=30 drawing=1 prim=6 vtxCount=1
[gs:packed-xyz] idx=27 x=29056 y=33984 z=0xffffffff kick=1 prim=6
[gs:kick] idx=31 drawing=1 prim=6 vtxCount=2
[gs:prim] idx=13 type=6 tme=1 abe=1 fst=1 ctxt=0 fbp=0 fbw=10 psm=0x2 tex0=(tbp0=5120 tbw=2 psm=0x13 tw=7 th=7 tcc=1 tfx=0 cbp=16352 cpsm=0x0 csm=0 csa=0) texclut=(cbw=0 cou=0 cov=0) ofx=1728 ofy=1936 scissor=(0,0)-(639,223) test=0x30000 alpha=0x44 v0=(1.8e+03,2.1e+03) uv0=(70,75) stq0=(0,0,1) v1=(1.8e+03,2.1e+03) uv1=(82,82) stq1=(0,0,1) v2=(0,0) uv2=(0,0) stq2=(0,0,1) rgba0=(127,127,127,127) rgba1=(127,127,127,127) rgba2=(0,0,0,0)
[gs:copy-reg] reg=0x0 value=0x156 primCtxt=0 ctx0fbp=0 ctx1fbp=0
[gs:packed-xyz] idx=28 x=29040 y=33904 z=0xffffffff kick=1 prim=6
[gs:kick] idx=32 drawing=1 prim=6 vtxCount=1
[gs:packed-xyz] idx=29 x=29136 y=33984 z=0xffffffff kick=1 prim=6
[gs:kick] idx=33 drawing=1 prim=6 vtxCount=2
[gs:prim] idx=14 type=6 tme=1 abe=1 fst=1 ctxt=0 fbp=0 fbw=10 psm=0x2 tex0=(tbp0=5120 tbw=2 psm=0x13 tw=7 th=7 tcc=1 tfx=0 cbp=16352 cpsm=0x0 csm=0 csa=0) texclut=(cbw=0 cou=0 cov=0) ofx=1728 ofy=1936 scissor=(0,0)-(639,223) test=0x30000 alpha=0x44 v0=(1.8e+03,2.1e+03) uv0=(91,49) stq0=(0,0,1) v1=(1.8e+03,2.1e+03) uv1=(103,58) stq1=(0,0,1) v2=(0,0) uv2=(0,0) stq2=(0,0,1) rgba0=(127,127,127,127) rgba1=(127,127,127,127) rgba2=(0,0,0,0)
[gs:copy-reg] reg=0x0 value=0x156 primCtxt=0 ctx0fbp=0 ctx1fbp=0
[gs:packed-xyz] idx=30 x=29120 y=33920 z=0xffffffff kick=1 prim=6
[gs:kick] idx=34 drawing=1 prim=6 vtxCount=1
[gs:packed-xyz] idx=31 x=29216 y=34000 z=0xffffffff kick=1 prim=6
[gs:kick] idx=35 drawing=1 prim=6 vtxCount=2
[gs:prim] idx=15 type=6 tme=1 abe=1 fst=1 ctxt=0 fbp=0 fbw=10 psm=0x2 tex0=(tbp0=5120 tbw=2 psm=0x13 tw=7 th=7 tcc=1 tfx=0 cbp=16352 cpsm=0x0 csm=0 csa=0) texclut=(cbw=0 cou=0 cov=0) ofx=1728 ofy=1936 scissor=(0,0)-(639,223) test=0x30000 alpha=0x44 v0=(1.8e+03,2.1e+03) uv0=(68,87) stq0=(0,0,1) v1=(1.8e+03,2.1e+03) uv1=(81,95) stq1=(0,0,1) v2=(0,0) uv2=(0,0) stq2=(0,0,1) rgba0=(127,127,127,127) rgba1=(127,127,127,127) rgba2=(0,0,0,0)
[gs:copy-reg] reg=0x0 value=0x156 primCtxt=0 ctx0fbp=0 ctx1fbp=0
[gs:packed-xyz] idx=32 x=29216 y=33904 z=0xffffffff kick=1 prim=6
[gs:kick] idx=36 drawing=1 prim=6 vtxCount=1
[gs:packed-xyz] idx=33 x=29248 y=33984 z=0xffffffff kick=1 prim=6
[gs:kick] idx=37 drawing=1 prim=6 vtxCount=2
[gs:prim] idx=16 type=6 tme=1 abe=1 fst=1 ctxt=0 fbp=0 fbw=10 psm=0x2 tex0=(tbp0=5120 tbw=2 psm=0x13 tw=7 th=7 tcc=1 tfx=0 cbp=16352 cpsm=0x0 csm=0 csa=0) texclut=(cbw=0 cou=0 cov=0) ofx=1728 ofy=1936 scissor=(0,0)-(639,223) test=0x30000 alpha=0x44 v0=(1.8e+03,2.1e+03) uv0=(20,84) stq0=(0,0,1) v1=(1.8e+03,2.1e+03) uv1=(25,94) stq1=(0,0,1) v2=(0,0) uv2=(0,0) stq2=(0,0,1) rgba0=(127,127,127,127) rgba1=(127,127,127,127) rgba2=(0,0,0,0)
[gs:copy-reg] reg=0x0 value=0x156 primCtxt=0 ctx0fbp=0 ctx1fbp=0
[gs:packed-xyz] idx=34 x=29248 y=33904 z=0xffffffff kick=1 prim=6
[gs:kick] idx=38 drawing=1 prim=6 vtxCount=1
[gs:packed-xyz] idx=35 x=29280 y=33984 z=0xffffffff kick=1 prim=6
[gs:kick] idx=39 drawing=1 prim=6 vtxCount=2
[gs:prim] idx=17 type=6 tme=1 abe=1 fst=1 ctxt=0 fbp=0 fbw=10 psm=0x2 tex0=(tbp0=5120 tbw=2 psm=0x13 tw=7 th=7 tcc=1 tfx=0 cbp=16352 cpsm=0x0 csm=0 csa=0) texclut=(cbw=0 cou=0 cov=0) ofx=1728 ofy=1936 scissor=(0,0)-(639,223) test=0x30000 alpha=0x44 v0=(1.8e+03,2.1e+03) uv0=(116,73) stq0=(0,0,1) v1=(1.8e+03,2.1e+03) uv1=(121,82) stq1=(0,0,1) v2=(0,0) uv2=(0,0) stq2=(0,0,1) rgba0=(127,127,127,127) rgba1=(127,127,127,127) rgba2=(0,0,0,0)
[gs:copy-reg] reg=0x0 value=0x156 primCtxt=0 ctx0fbp=0 ctx1fbp=0
[gs:packed-xyz] idx=36 x=29280 y=33920 z=0xffffffff kick=1 prim=6
[gs:kick] idx=40 drawing=1 prim=6 vtxCount=1
[gs:packed-xyz] idx=37 x=29344 y=33984 z=0xffffffff kick=1 prim=6
[gs:kick] idx=41 drawing=1 prim=6 vtxCount=2
[gs:prim] idx=18 type=6 tme=1 abe=1 fst=1 ctxt=0 fbp=0 fbw=10 psm=0x2 tex0=(tbp0=5120 tbw=2 psm=0x13 tw=7 th=7 tcc=1 tfx=0 cbp=16352 cpsm=0x0 csm=0 csa=0) texclut=(cbw=0 cou=0 cov=0) ofx=1728 ofy=1936 scissor=(0,0)-(639,223) test=0x30000 alpha=0x44 v0=(1.8e+03,2.1e+03) uv0=(113,86) stq0=(0,0,1) v1=(1.8e+03,2.1e+03) uv1=(122,94) stq1=(0,0,1) v2=(0,0) uv2=(0,0) stq2=(0,0,1) rgba0=(127,127,127,127) rgba1=(127,127,127,127) rgba2=(0,0,0,0)
[gs:copy-reg] reg=0x0 value=0x156 primCtxt=0 ctx0fbp=0 ctx1fbp=0
[gs:packed-xyz] idx=38 x=29344 y=33920 z=0xffffffff kick=1 prim=6
[gs:kick] idx=42 drawing=1 prim=6 vtxCount=1
[gs:packed-xyz] idx=39 x=29408 y=33984 z=0xffffffff kick=1 prim=6
[gs:kick] idx=43 drawing=1 prim=6 vtxCount=2
[gs:prim] idx=19 type=6 tme=1 abe=1 fst=1 ctxt=0 fbp=0 fbw=10 psm=0x2 tex0=(tbp0=5120 tbw=2 psm=0x13 tw=7 th=7 tcc=1 tfx=0 cbp=16352 cpsm=0x0 csm=0 csa=0) texclut=(cbw=0 cou=0 cov=0) ofx=1728 ofy=1936 scissor=(0,0)-(639,223) test=0x30000 alpha=0x44 v0=(1.8e+03,2.1e+03) uv0=(113,86) stq0=(0,0,1) v1=(1.8e+03,2.1e+03) uv1=(122,94) stq1=(0,0,1) v2=(0,0) uv2=(0,0) stq2=(0,0,1) rgba0=(127,127,127,127) rgba1=(127,127,127,127) rgba2=(0,0,0,0)
[gs:copy-reg] reg=0x0 value=0x156 primCtxt=0 ctx0fbp=0 ctx1fbp=0
[gs:packed-xyz] idx=40 x=29392 y=33920 z=0xffffffff kick=1 prim=6
[gs:kick] idx=44 drawing=1 prim=6 vtxCount=1
[gs:packed-xyz] idx=41 x=29488 y=33984 z=0xffffffff kick=1 prim=6
[gs:kick] idx=45 drawing=1 prim=6 vtxCount=2
[gs:prim] idx=20 type=6 tme=1 abe=1 fst=1 ctxt=0 fbp=0 fbw=10 psm=0x2 tex0=(tbp0=5120 tbw=2 psm=0x13 tw=7 th=7 tcc=1 tfx=0 cbp=16352 cpsm=0x0 csm=0 csa=0) texclut=(cbw=0 cou=0 cov=0) ofx=1728 ofy=1936 scissor=(0,0)-(639,223) test=0x30000 alpha=0x44 v0=(1.8e+03,2.1e+03) uv0=(70,75) stq0=(0,0,1) v1=(1.8e+03,2.1e+03) uv1=(82,82) stq1=(0,0,1) v2=(0,0) uv2=(0,0) stq2=(0,0,1) rgba0=(127,127,127,127) rgba1=(127,127,127,127) rgba2=(0,0,0,0)
[gs:copy-reg] reg=0x0 value=0x156 primCtxt=0 ctx0fbp=0 ctx1fbp=0
[gs:packed-xyz] idx=42 x=29472 y=33920 z=0xffffffff kick=1 prim=6
[gs:kick] idx=46 drawing=1 prim=6 vtxCount=1
[gs:packed-xyz] idx=43 x=29536 y=33984 z=0xffffffff kick=1 prim=6
[gs:kick] idx=47 drawing=1 prim=6 vtxCount=2
[gs:prim] idx=21 type=6 tme=1 abe=1 fst=1 ctxt=0 fbp=0 fbw=10 psm=0x2 tex0=(tbp0=5120 tbw=2 psm=0x13 tw=7 th=7 tcc=1 tfx=0 cbp=16352 cpsm=0x0 csm=0 csa=0) texclut=(cbw=0 cou=0 cov=0) ofx=1728 ofy=1936 scissor=(0,0)-(639,223) test=0x30000 alpha=0x44 v0=(1.8e+03,2.1e+03) uv0=(94,87) stq0=(0,0,1) v1=(1.8e+03,2.1e+03) uv1=(102,94) stq1=(0,0,1) v2=(0,0) uv2=(0,0) stq2=(0,0,1) rgba0=(127,127,127,127) rgba1=(127,127,127,127) rgba2=(0,0,0,0)
[gs:copy-reg] reg=0x0 value=0x156 primCtxt=0 ctx0fbp=0 ctx1fbp=0
[gs:packed-xyz] idx=44 x=29520 y=33920 z=0xffffffff kick=1 prim=6
[gs:kick] idx=48 drawing=1 prim=6 vtxCount=1
[gs:packed-xyz] idx=45 x=29600 y=33984 z=0xffffffff kick=1 prim=6
[gs:kick] idx=49 drawing=1 prim=6 vtxCount=2
[gs:prim] idx=22 type=6 tme=1 abe=1 fst=1 ctxt=0 fbp=0 fbw=10 psm=0x2 tex0=(tbp0=5120 tbw=2 psm=0x13 tw=7 th=7 tcc=1 tfx=0 cbp=16352 cpsm=0x0 csm=0 csa=0) texclut=(cbw=0 cou=0 cov=0) ofx=1728 ofy=1936 scissor=(0,0)-(639,223) test=0x30000 alpha=0x44 v0=(1.8e+03,2.1e+03) uv0=(102,87) stq0=(0,0,1) v1=(1.8e+03,2.1e+03) uv1=(113,94) stq1=(0,0,1) v2=(0,0) uv2=(0,0) stq2=(0,0,1) rgba0=(127,127,127,127) rgba1=(127,127,127,127) rgba2=(0,0,0,0)
[gs:copy-reg] reg=0x0 value=0x156 primCtxt=0 ctx0fbp=0 ctx1fbp=0
[gs:packed-xyz] idx=46 x=29600 y=33904 z=0xffffffff kick=1 prim=6
[gs:kick] idx=50 drawing=1 prim=6 vtxCount=1
[gs:packed-xyz] idx=47 x=29664 y=33936 z=0xffffffff kick=1 prim=6
[gs:kick] idx=51 drawing=1 prim=6 vtxCount=2
[gs:prim] idx=23 type=6 tme=1 abe=1 fst=1 ctxt=0 fbp=0 fbw=10 psm=0x2 tex0=(tbp0=5120 tbw=2 psm=0x13 tw=7 th=7 tcc=1 tfx=0 cbp=16352 cpsm=0x0 csm=0 csa=0) texclut=(cbw=0 cou=0 cov=0) ofx=1728 ofy=1936 scissor=(0,0)-(639,223) test=0x30000 alpha=0x44 v0=(1.8e+03,2.1e+03) uv0=(5,0) stq0=(0,0,1) v1=(1.9e+03,2.1e+03) uv1=(14,4) stq1=(0,0,1) v2=(0,0) uv2=(0,0) stq2=(0,0,1) rgba0=(127,127,127,127) rgba1=(127,127,127,127) rgba2=(0,0,0,0)
[gs:copy-reg] reg=0x0 value=0x156 primCtxt=0 ctx0fbp=0 ctx1fbp=0
[gs:packed-xyz] idx=48 x=29728 y=33920 z=0xffffffff kick=1 prim=6
[gs:kick] idx=52 drawing=1 prim=6 vtxCount=1
[gs:packed-xyz] idx=49 x=29824 y=33984 z=0xffffffff kick=1 prim=6
[gs:kick] idx=53 drawing=1 prim=6 vtxCount=2
[gs:prim] idx=24 type=6 tme=1 abe=1 fst=1 ctxt=0 fbp=0 fbw=10 psm=0x2 tex0=(tbp0=5120 tbw=2 psm=0x13 tw=7 th=7 tcc=1 tfx=0 cbp=16352 cpsm=0x0 csm=0 csa=0) texclut=(cbw=0 cou=0 cov=0) ofx=1728 ofy=1936 scissor=(0,0)-(639,223) test=0x30000 alpha=0x44 v0=(1.9e+03,2.1e+03) uv0=(19,75) stq0=(0,0,1) v1=(1.9e+03,2.1e+03) uv1=(32,82) stq1=(0,0,1) v2=(0,0) uv2=(0,0) stq2=(0,0,1) rgba0=(127,127,127,127) rgba1=(127,127,127,127) rgba2=(0,0,0,0)
[gs:copy-reg] reg=0x0 value=0x156 primCtxt=0 ctx0fbp=0 ctx1fbp=0
[gs:packed-xyz] idx=50 x=29824 y=33920 z=0xffffffff kick=1 prim=6
[gs:kick] idx=54 drawing=1 prim=6 vtxCount=1
[gs:packed-xyz] idx=51 x=29904 y=33984 z=0xffffffff kick=1 prim=6
[gs:kick] idx=55 drawing=1 prim=6 vtxCount=2
[gs:prim] idx=25 type=6 tme=1 abe=1 fst=1 ctxt=0 fbp=0 fbw=10 psm=0x2 tex0=(tbp0=5120 tbw=2 psm=0x13 tw=7 th=7 tcc=1 tfx=0 cbp=16352 cpsm=0x0 csm=0 csa=0) texclut=(cbw=0 cou=0 cov=0) ofx=1728 ofy=1936 scissor=(0,0)-(639,223) test=0x30000 alpha=0x44 v0=(1.9e+03,2.1e+03) uv0=(44,87) stq0=(0,0,1) v1=(1.9e+03,2.1e+03) uv1=(55,94) stq1=(0,0,1) v2=(0,0) uv2=(0,0) stq2=(0,0,1) rgba0=(127,127,127,127) rgba1=(127,127,127,127) rgba2=(0,0,0,0)
[gs:copy-reg] reg=0x0 value=0x156 primCtxt=0 ctx0fbp=0 ctx1fbp=0
[gs:packed-xyz] idx=52 x=29904 y=33904 z=0xffffffff kick=1 prim=6
[gs:kick] idx=56 drawing=1 prim=6 vtxCount=1
[gs:packed-xyz] idx=53 x=30000 y=33984 z=0xffffffff kick=1 prim=6
[gs:kick] idx=57 drawing=1 prim=6 vtxCount=2
[gs:prim] idx=26 type=6 tme=1 abe=1 fst=1 ctxt=0 fbp=0 fbw=10 psm=0x2 tex0=(tbp0=5120 tbw=2 psm=0x13 tw=7 th=7 tcc=1 tfx=0 cbp=16352 cpsm=0x0 csm=0 csa=0) texclut=(cbw=0 cou=0 cov=0) ofx=1728 ofy=1936 scissor=(0,0)-(639,223) test=0x30000 alpha=0x44 v0=(1.9e+03,2.1e+03) uv0=(57,72) stq0=(0,0,1) v1=(1.9e+03,2.1e+03) uv1=(70,82) stq1=(0,0,1) v2=(0,0) uv2=(0,0) stq2=(0,0,1) rgba0=(127,127,127,127) rgba1=(127,127,127,127) rgba2=(0,0,0,0)
[gs:copy-reg] reg=0x0 value=0x156 primCtxt=0 ctx0fbp=0 ctx1fbp=0
[gs:packed-xyz] idx=54 x=30064 y=33904 z=0xffffffff kick=1 prim=6
[gs:kick] idx=58 drawing=1 prim=6 vtxCount=1
[gs:packed-xyz] idx=55 x=30128 y=33936 z=0xffffffff kick=1 prim=6
[gs:kick] idx=59 drawing=1 prim=6 vtxCount=2
[gs:prim] idx=27 type=6 tme=1 abe=1 fst=1 ctxt=0 fbp=0 fbw=10 psm=0x2 tex0=(tbp0=5120 tbw=2 psm=0x13 tw=7 th=7 tcc=1 tfx=0 cbp=16352 cpsm=0x0 csm=0 csa=0) texclut=(cbw=0 cou=0 cov=0) ofx=1728 ofy=1936 scissor=(0,0)-(639,223) test=0x30000 alpha=0x44 v0=(1.9e+03,2.1e+03) uv0=(5,0) stq0=(0,0,1) v1=(1.9e+03,2.1e+03) uv1=(14,4) stq1=(0,0,1) v2=(0,0) uv2=(0,0) stq2=(0,0,1) rgba0=(127,127,127,127) rgba1=(127,127,127,127) rgba2=(0,0,0,0)
[gs:copy-reg] reg=0x0 value=0x156 primCtxt=0 ctx0fbp=0 ctx1fbp=0
[gs:packed-xyz] idx=56 x=30128 y=33904 z=0xffffffff kick=1 prim=6
[gs:kick] idx=60 drawing=1 prim=6 vtxCount=1
[gs:packed-xyz] idx=57 x=30208 y=33984 z=0xffffffff kick=1 prim=6
[gs:kick] idx=61 drawing=1 prim=6 vtxCount=2
[gs:prim] idx=28 type=6 tme=1 abe=1 fst=1 ctxt=0 fbp=0 fbw=10 psm=0x2 tex0=(tbp0=5120 tbw=2 psm=0x13 tw=7 th=7 tcc=1 tfx=0 cbp=16352 cpsm=0x0 csm=0 csa=0) texclut=(cbw=0 cou=0 cov=0) ofx=1728 ofy=1936 scissor=(0,0)-(639,223) test=0x30000 alpha=0x44 v0=(1.9e+03,2.1e+03) uv0=(43,37) stq0=(0,0,1) v1=(1.9e+03,2.1e+03) uv1=(54,46) stq1=(0,0,1) v2=(0,0) uv2=(0,0) stq2=(0,0,1) rgba0=(127,127,127,127) rgba1=(127,127,127,127) rgba2=(0,0,0,0)
[gs:copy-reg] reg=0x0 value=0x156 primCtxt=0 ctx0fbp=0 ctx1fbp=0
[gs:packed-xyz] idx=58 x=30192 y=33920 z=0xffffffff kick=1 prim=6
[gs:kick] idx=62 drawing=1 prim=6 vtxCount=1
[gs:packed-xyz] idx=59 x=30256 y=33984 z=0xffffffff kick=1 prim=6
[gs:kick] idx=63 drawing=1 prim=6 vtxCount=2
[gs:prim] idx=29 type=6 tme=1 abe=1 fst=1 ctxt=0 fbp=0 fbw=10 psm=0x2 tex0=(tbp0=5120 tbw=2 psm=0x13 tw=7 th=7 tcc=1 tfx=0 cbp=16352 cpsm=0x0 csm=0 csa=0) texclut=(cbw=0 cou=0 cov=0) ofx=1728 ofy=1936 scissor=(0,0)-(639,223) test=0x30000 alpha=0x44 v0=(1.9e+03,2.1e+03) uv0=(94,87) stq0=(0,0,1) v1=(1.9e+03,2.1e+03) uv1=(102,94) stq1=(0,0,1) v2=(0,0) uv2=(0,0) stq2=(0,0,1) rgba0=(127,127,127,127) rgba1=(127,127,127,127) rgba2=(0,0,0,0)
[gs:copy-reg] reg=0x0 value=0x156 primCtxt=0 ctx0fbp=0 ctx1fbp=0
[gs:packed-xyz] idx=60 x=30240 y=33920 z=0xffffffff kick=1 prim=6
[gs:kick] idx=64 drawing=1 prim=6 vtxCount=1
[gs:packed-xyz] idx=61 x=30336 y=33984 z=0xffffffff kick=1 prim=6
[gs:kick] idx=65 drawing=1 prim=6 vtxCount=2
[gs:prim] idx=30 type=6 tme=1 abe=1 fst=1 ctxt=0 fbp=0 fbw=10 psm=0x2 tex0=(tbp0=5120 tbw=2 psm=0x13 tw=7 th=7 tcc=1 tfx=0 cbp=16352 cpsm=0x0 csm=0 csa=0) texclut=(cbw=0 cou=0 cov=0) ofx=1728 ofy=1936 scissor=(0,0)-(639,223) test=0x30000 alpha=0x44 v0=(1.9e+03,2.1e+03) uv0=(70,75) stq0=(0,0,1) v1=(1.9e+03,2.1e+03) uv1=(82,82) stq1=(0,0,1) v2=(0,0) uv2=(0,0) stq2=(0,0,1) rgba0=(127,127,127,127) rgba1=(127,127,127,127) rgba2=(0,0,0,0)
[gs:copy-reg] reg=0x0 value=0x156 primCtxt=0 ctx0fbp=0 ctx1fbp=0
[gs:packed-xyz] idx=62 x=30320 y=33920 z=0xffffffff kick=1 prim=6
[gs:kick] idx=66 drawing=1 prim=6 vtxCount=1
[gs:packed-xyz] idx=63 x=30416 y=33984 z=0xffffffff kick=1 prim=6
[gs:kick] idx=67 drawing=1 prim=6 vtxCount=2
[gs:prim] idx=31 type=6 tme=1 abe=1 fst=1 ctxt=0 fbp=0 fbw=10 psm=0x2 tex0=(tbp0=5120 tbw=2 psm=0x13 tw=7 th=7 tcc=1 tfx=0 cbp=16352 cpsm=0x0 csm=0 csa=0) texclut=(cbw=0 cou=0 cov=0) ofx=1728 ofy=1936 scissor=(0,0)-(639,223) test=0x30000 alpha=0x44 v0=(1.9e+03,2.1e+03) uv0=(70,75) stq0=(0,0,1) v1=(1.9e+03,2.1e+03) uv1=(82,82) stq1=(0,0,1) v2=(0,0) uv2=(0,0) stq2=(0,0,1) rgba0=(127,127,127,127) rgba1=(127,127,127,127) rgba2=(0,0,0,0)
[gs:copy-reg] reg=0x0 value=0x156 primCtxt=0 ctx0fbp=0 ctx1fbp=0
[gs:kick] idx=68 drawing=1 prim=6 vtxCount=1
[gs:kick] idx=69 drawing=1 prim=6 vtxCount=2
[gs:prim] idx=32 type=6 tme=1 abe=1 fst=1 ctxt=0 fbp=0 fbw=10 psm=0x2 tex0=(tbp0=5120 tbw=2 psm=0x13 tw=7 th=7 tcc=1 tfx=0 cbp=16352 cpsm=0x0 csm=0 csa=0) texclut=(cbw=0 cou=0 cov=0) ofx=1728 ofy=1936 scissor=(0,0)-(639,223) test=0x30000 alpha=0x44 v0=(1.9e+03,2.1e+03) uv0=(77,49) stq0=(0,0,1) v1=(1.9e+03,2.1e+03) uv1=(91,58) stq1=(0,0,1) v2=(0,0) uv2=(0,0) stq2=(0,0,1) rgba0=(127,127,127,127) rgba1=(127,127,127,127) rgba2=(0,0,0,0)
[gs:copy-reg] reg=0x0 value=0x156 primCtxt=0 ctx0fbp=0 ctx1fbp=0
[gs:kick] idx=70 drawing=1 prim=6 vtxCount=1
[gs:kick] idx=71 drawing=1 prim=6 vtxCount=2
[gs:prim] idx=33 type=6 tme=1 abe=1 fst=1 ctxt=0 fbp=0 fbw=10 psm=0x2 tex0=(tbp0=5120 tbw=2 psm=0x13 tw=7 th=7 tcc=1 tfx=0 cbp=16352 cpsm=0x0 csm=0 csa=0) texclut=(cbw=0 cou=0 cov=0) ofx=1728 ofy=1936 scissor=(0,0)-(639,223) test=0x30000 alpha=0x44 v0=(1.9e+03,2.1e+03) uv0=(19,75) stq0=(0,0,1) v1=(1.9e+03,2.1e+03) uv1=(32,82) stq1=(0,0,1) v2=(0,0) uv2=(0,0) stq2=(0,0,1) rgba0=(127,127,127,127) rgba1=(127,127,127,127) rgba2=(0,0,0,0)
[gs:copy-reg] reg=0x0 value=0x156 primCtxt=0 ctx0fbp=0 ctx1fbp=0
[gs:kick] idx=72 drawing=1 prim=6 vtxCount=1
[gs:kick] idx=73 drawing=1 prim=6 vtxCount=2
[gs:prim] idx=34 type=6 tme=1 abe=1 fst=1 ctxt=0 fbp=0 fbw=10 psm=0x2 tex0=(tbp0=5120 tbw=2 psm=0x13 tw=7 th=7 tcc=1 tfx=0 cbp=16352 cpsm=0x0 csm=0 csa=0) texclut=(cbw=0 cou=0 cov=0) ofx=1728 ofy=1936 scissor=(0,0)-(639,223) test=0x30000 alpha=0x44 v0=(1.9e+03,2.1e+03) uv0=(57,72) stq0=(0,0,1) v1=(1.9e+03,2.1e+03) uv1=(70,82) stq1=(0,0,1) v2=(0,0) uv2=(0,0) stq2=(0,0,1) rgba0=(127,127,127,127) rgba1=(127,127,127,127) rgba2=(0,0,0,0)
[gs:copy-reg] reg=0x0 value=0x156 primCtxt=0 ctx0fbp=0 ctx1fbp=0
[gs:kick] idx=74 drawing=1 prim=6 vtxCount=1
[gs:kick] idx=75 drawing=1 prim=6 vtxCount=2
[gs:prim] idx=35 type=6 tme=1 abe=1 fst=1 ctxt=0 fbp=0 fbw=10 psm=0x2 tex0=(tbp0=5120 tbw=2 psm=0x13 tw=7 th=7 tcc=1 tfx=0 cbp=16352 cpsm=0x0 csm=0 csa=0) texclut=(cbw=0 cou=0 cov=0) ofx=1728 ofy=1936 scissor=(0,0)-(639,223) test=0x30000 alpha=0x44 v0=(1.9e+03,2.1e+03) uv0=(116,73) stq0=(0,0,1) v1=(1.9e+03,2.1e+03) uv1=(121,82) stq1=(0,0,1) v2=(0,0) uv2=(0,0) stq2=(0,0,1) rgba0=(127,127,127,127) rgba1=(127,127,127,127) rgba2=(0,0,0,0)
[gs:copy-reg] reg=0x0 value=0x156 primCtxt=0 ctx0fbp=0 ctx1fbp=0
[gs:kick] idx=76 drawing=1 prim=6 vtxCount=1
[gs:kick] idx=77 drawing=1 prim=6 vtxCount=2
[gs:prim] idx=36 type=6 tme=1 abe=1 fst=1 ctxt=0 fbp=0 fbw=10 psm=0x2 tex0=(tbp0=5120 tbw=2 psm=0x13 tw=7 th=7 tcc=1 tfx=0 cbp=16352 cpsm=0x0 csm=0 csa=0) texclut=(cbw=0 cou=0 cov=0) ofx=1728 ofy=1936 scissor=(0,0)-(639,223) test=0x30000 alpha=0x44 v0=(1.9e+03,2.1e+03) uv0=(45,75) stq0=(0,0,1) v1=(1.9e+03,2.1e+03) uv1=(57,82) stq1=(0,0,1) v2=(0,0) uv2=(0,0) stq2=(0,0,1) rgba0=(127,127,127,127) rgba1=(127,127,127,127) rgba2=(0,0,0,0)
[gs:copy-reg] reg=0x0 value=0x156 primCtxt=0 ctx0fbp=0 ctx1fbp=0
[gs:kick] idx=78 drawing=1 prim=6 vtxCount=1
[gs:kick] idx=79 drawing=1 prim=6 vtxCount=2
[gs:prim] idx=37 type=6 tme=1 abe=1 fst=1 ctxt=0 fbp=0 fbw=10 psm=0x2 tex0=(tbp0=5120 tbw=2 psm=0x13 tw=7 th=7 tcc=1 tfx=0 cbp=16352 cpsm=0x0 csm=0 csa=0) texclut=(cbw=0 cou=0 cov=0) ofx=1728 ofy=1936 scissor=(0,0)-(639,223) test=0x30000 alpha=0x44 v0=(1.9e+03,2.1e+03) uv0=(19,75) stq0=(0,0,1) v1=(1.9e+03,2.1e+03) uv1=(32,82) stq1=(0,0,1) v2=(0,0) uv2=(0,0) stq2=(0,0,1) rgba0=(127,127,127,127) rgba1=(127,127,127,127) rgba2=(0,0,0,0)
[gs:copy-reg] reg=0x0 value=0x156 primCtxt=0 ctx0fbp=0 ctx1fbp=0
[gs:kick] idx=80 drawing=1 prim=6 vtxCount=1
[gs:kick] idx=81 drawing=1 prim=6 vtxCount=2
[gs:prim] idx=38 type=6 tme=1 abe=1 fst=1 ctxt=0 fbp=0 fbw=10 psm=0x2 tex0=(tbp0=5120 tbw=2 psm=0x13 tw=7 th=7 tcc=1 tfx=0 cbp=16352 cpsm=0x0 csm=0 csa=0) texclut=(cbw=0 cou=0 cov=0) ofx=1728 ofy=1936 scissor=(0,0)-(639,223) test=0x30000 alpha=0x44 v0=(1.9e+03,2.1e+03) uv0=(20,84) stq0=(0,0,1) v1=(1.9e+03,2.1e+03) uv1=(25,94) stq1=(0,0,1) v2=(0,0) uv2=(0,0) stq2=(0,0,1) rgba0=(127,127,127,127) rgba1=(127,127,127,127) rgba2=(0,0,0,0)
[gs:copy-reg] reg=0x0 value=0x156 primCtxt=0 ctx0fbp=0 ctx1fbp=0
[gs:kick] idx=82 drawing=1 prim=6 vtxCount=1
[gs:kick] idx=83 drawing=1 prim=6 vtxCount=2
[gs:prim] idx=39 type=6 tme=1 abe=1 fst=1 ctxt=0 fbp=0 fbw=10 psm=0x2 tex0=(tbp0=5120 tbw=2 psm=0x13 tw=7 th=7 tcc=1 tfx=0 cbp=16352 cpsm=0x0 csm=0 csa=0) texclut=(cbw=0 cou=0 cov=0) ofx=1728 ofy=1936 scissor=(0,0)-(639,223) test=0x30000 alpha=0x44 v0=(1.9e+03,2.1e+03) uv0=(15,37) stq0=(0,0,1) v1=(1.9e+03,2.1e+03) uv1=(31,46) stq1=(0,0,1) v2=(0,0) uv2=(0,0) stq2=(0,0,1) rgba0=(127,127,127,127) rgba1=(127,127,127,127) rgba2=(0,0,0,0)
[gs:copy-reg] reg=0x0 value=0x156 primCtxt=0 ctx0fbp=0 ctx1fbp=0
[gs:kick] idx=84 drawing=1 prim=6 vtxCount=1
[gs:kick] idx=85 drawing=1 prim=6 vtxCount=2
[gs:prim] idx=40 type=6 tme=1 abe=1 fst=1 ctxt=0 fbp=0 fbw=10 psm=0x2 tex0=(tbp0=5120 tbw=2 psm=0x13 tw=7 th=7 tcc=1 tfx=0 cbp=16352 cpsm=0x0 csm=0 csa=0) texclut=(cbw=0 cou=0 cov=0) ofx=1728 ofy=1936 scissor=(0,0)-(639,223) test=0x30000 alpha=0x44 v0=(1.9e+03,2.1e+03) uv0=(70,75) stq0=(0,0,1) v1=(2e+03,2.1e+03) uv1=(82,82) stq1=(0,0,1) v2=(0,0) uv2=(0,0) stq2=(0,0,1) rgba0=(127,127,127,127) rgba1=(127,127,127,127) rgba2=(0,0,0,0)
[gs:copy-reg] reg=0x0 value=0x156 primCtxt=0 ctx0fbp=0 ctx1fbp=0
[gs:kick] idx=86 drawing=1 prim=6 vtxCount=1
[gs:kick] idx=87 drawing=1 prim=6 vtxCount=2
[gs:prim] idx=41 type=6 tme=1 abe=1 fst=1 ctxt=0 fbp=0 fbw=10 psm=0x2 tex0=(tbp0=5120 tbw=2 psm=0x13 tw=7 th=7 tcc=1 tfx=0 cbp=16352 cpsm=0x0 csm=0 csa=0) texclut=(cbw=0 cou=0 cov=0) ofx=1728 ofy=1936 scissor=(0,0)-(639,223) test=0x30000 alpha=0x44 v0=(2e+03,2.1e+03) uv0=(102,87) stq0=(0,0,1) v1=(2e+03,2.1e+03) uv1=(113,94) stq1=(0,0,1) v2=(0,0) uv2=(0,0) stq2=(0,0,1) rgba0=(127,127,127,127) rgba1=(127,127,127,127) rgba2=(0,0,0,0)
[gs:copy-reg] reg=0x0 value=0x156 primCtxt=0 ctx0fbp=0 ctx1fbp=0
[gs:kick] idx=88 drawing=1 prim=6 vtxCount=1
[gs:kick] idx=89 drawing=1 prim=6 vtxCount=2
[gs:prim] idx=42 type=6 tme=1 abe=1 fst=1 ctxt=0 fbp=0 fbw=10 psm=0x2 tex0=(tbp0=5120 tbw=2 psm=0x13 tw=7 th=7 tcc=1 tfx=0 cbp=16352 cpsm=0x0 csm=0 csa=0) texclut=(cbw=0 cou=0 cov=0) ofx=1728 ofy=1936 scissor=(0,0)-(639,223) test=0x30000 alpha=0x44 v0=(2e+03,2.1e+03) uv0=(116,73) stq0=(0,0,1) v1=(2e+03,2.1e+03) uv1=(121,82) stq1=(0,0,1) v2=(0,0) uv2=(0,0) stq2=(0,0,1) rgba0=(127,127,127,127) rgba1=(127,127,127,127) rgba2=(0,0,0,0)
[gs:copy-reg] reg=0x0 value=0x156 primCtxt=0 ctx0fbp=0 ctx1fbp=0
[gs:kick] idx=90 drawing=1 prim=6 vtxCount=1
[gs:kick] idx=91 drawing=1 prim=6 vtxCount=2
[gs:prim] idx=43 type=6 tme=1 abe=1 fst=1 ctxt=0 fbp=0 fbw=10 psm=0x2 tex0=(tbp0=5120 tbw=2 psm=0x13 tw=7 th=7 tcc=1 tfx=0 cbp=16352 cpsm=0x0 csm=0 csa=0) texclut=(cbw=0 cou=0 cov=0) ofx=1728 ofy=1936 scissor=(0,0)-(639,223) test=0x30000 alpha=0x44 v0=(2e+03,2.1e+03) uv0=(92,75) stq0=(0,0,1) v1=(2e+03,2.1e+03) uv1=(105,83) stq1=(0,0,1) v2=(0,0) uv2=(0,0) stq2=(0,0,1) rgba0=(127,127,127,127) rgba1=(127,127,127,127) rgba2=(0,0,0,0)
[gs:copy-reg] reg=0x0 value=0x156 primCtxt=0 ctx0fbp=0 ctx1fbp=0
[gs:kick] idx=92 drawing=1 prim=6 vtxCount=1
[gs:kick] idx=93 drawing=1 prim=6 vtxCount=2
[gs:prim] idx=44 type=6 tme=1 abe=1 fst=1 ctxt=0 fbp=0 fbw=10 psm=0x2 tex0=(tbp0=5120 tbw=2 psm=0x13 tw=7 th=7 tcc=1 tfx=0 cbp=16352 cpsm=0x0 csm=0 csa=0) texclut=(cbw=0 cou=0 cov=0) ofx=1728 ofy=1936 scissor=(0,0)-(639,223) test=0x30000 alpha=0x44 v0=(2e+03,2.1e+03) uv0=(44,87) stq0=(0,0,1) v1=(2e+03,2.1e+03) uv1=(55,94) stq1=(0,0,1) v2=(0,0) uv2=(0,0) stq2=(0,0,1) rgba0=(127,127,127,127) rgba1=(127,127,127,127) rgba2=(0,0,0,0)
[gs:copy-reg] reg=0x0 value=0x156 primCtxt=0 ctx0fbp=0 ctx1fbp=0
[gs:kick] idx=94 drawing=1 prim=6 vtxCount=1
[gs:kick] idx=95 drawing=1 prim=6 vtxCount=2
[gs:prim] idx=45 type=6 tme=1 abe=1 fst=1 ctxt=0 fbp=0 fbw=10 psm=0x2 tex0=(tbp0=5120 tbw=2 psm=0x13 tw=7 th=7 tcc=1 tfx=0 cbp=16352 cpsm=0x0 csm=0 csa=0) texclut=(cbw=0 cou=0 cov=0) ofx=1728 ofy=1936 scissor=(0,0)-(639,223) test=0x30000 alpha=0x44 v0=(2e+03,2.1e+03) uv0=(5,0) stq0=(0,0,1) v1=(2e+03,2.1e+03) uv1=(14,4) stq1=(0,0,1) v2=(0,0) uv2=(0,0) stq2=(0,0,1) rgba0=(127,127,127,127) rgba1=(127,127,127,127) rgba2=(0,0,0,0)
[gs:copy-reg] reg=0x0 value=0x156 primCtxt=0 ctx0fbp=0 ctx1fbp=0
[gs:prim] idx=46 type=6 tme=1 abe=1 fst=1 ctxt=0 fbp=0 fbw=10 psm=0x2 tex0=(tbp0=5120 tbw=2 psm=0x13 tw=7 th=7 tcc=1 tfx=0 cbp=16352 cpsm=0x0 csm=0 csa=0) texclut=(cbw=0 cou=0 cov=0) ofx=1728 ofy=1936 scissor=(0,0)-(639,223) test=0x30000 alpha=0x44 v0=(2e+03,2.1e+03) uv0=(19,75) stq0=(0,0,1) v1=(2e+03,2.1e+03) uv1=(32,82) stq1=(0,0,1) v2=(0,0) uv2=(0,0) stq2=(0,0,1) rgba0=(127,127,127,127) rgba1=(127,127,127,127) rgba2=(0,0,0,0)
[gs:copy-reg] reg=0x0 value=0x156 primCtxt=0 ctx0fbp=0 ctx1fbp=0
[gs:prim] idx=47 type=6 tme=1 abe=1 fst=1 ctxt=0 fbp=0 fbw=10 psm=0x2 tex0=(tbp0=5120 tbw=2 psm=0x13 tw=7 th=7 tcc=1 tfx=0 cbp=16352 cpsm=0x0 csm=0 csa=0) texclut=(cbw=0 cou=0 cov=0) ofx=1728 ofy=1936 scissor=(0,0)-(639,223) test=0x30000 alpha=0x44 v0=(2e+03,2.1e+03) uv0=(44,87) stq0=(0,0,1) v1=(2e+03,2.1e+03) uv1=(55,94) stq1=(0,0,1) v2=(0,0) uv2=(0,0) stq2=(0,0,1) rgba0=(127,127,127,127) rgba1=(127,127,127,127) rgba2=(0,0,0,0)
[gs:copy-reg] reg=0x0 value=0x156 primCtxt=0 ctx0fbp=0 ctx1fbp=0
[gs:prim] idx=48 type=6 tme=1 abe=1 fst=1 ctxt=0 fbp=0 fbw=10 psm=0x2 tex0=(tbp0=5120 tbw=2 psm=0x13 tw=7 th=7 tcc=1 tfx=0 cbp=16352 cpsm=0x0 csm=0 csa=0) texclut=(cbw=0 cou=0 cov=0) ofx=1728 ofy=1936 scissor=(0,0)-(639,223) test=0x30000 alpha=0x44 v0=(2e+03,2.1e+03) uv0=(57,72) stq0=(0,0,1) v1=(2e+03,2.1e+03) uv1=(70,82) stq1=(0,0,1) v2=(0,0) uv2=(0,0) stq2=(0,0,1) rgba0=(127,127,127,127) rgba1=(127,127,127,127) rgba2=(0,0,0,0)
[gs:copy-reg] reg=0x0 value=0x156 primCtxt=0 ctx0fbp=0 ctx1fbp=0
[gs:prim] idx=49 type=6 tme=1 abe=1 fst=1 ctxt=0 fbp=0 fbw=10 psm=0x2 tex0=(tbp0=5120 tbw=2 psm=0x13 tw=7 th=7 tcc=1 tfx=0 cbp=16352 cpsm=0x0 csm=0 csa=0) texclut=(cbw=0 cou=0 cov=0) ofx=1728 ofy=1936 scissor=(0,0)-(639,223) test=0x30000 alpha=0x44 v0=(2e+03,2.1e+03) uv0=(19,75) stq0=(0,0,1) v1=(2e+03,2.1e+03) uv1=(32,82) stq1=(0,0,1) v2=(0,0) uv2=(0,0) stq2=(0,0,1) rgba0=(127,127,127,127) rgba1=(127,127,127,127) rgba2=(0,0,0,0)
[gs:copy-reg] reg=0x0 value=0x156 primCtxt=0 ctx0fbp=0 ctx1fbp=0
[gs:prim] idx=50 type=6 tme=1 abe=1 fst=1 ctxt=0 fbp=0 fbw=10 psm=0x2 tex0=(tbp0=5120 tbw=2 psm=0x13 tw=7 th=7 tcc=1 tfx=0 cbp=16352 cpsm=0x0 csm=0 csa=0) texclut=(cbw=0 cou=0 cov=0) ofx=1728 ofy=1936 scissor=(0,0)-(639,223) test=0x30000 alpha=0x44 v0=(2e+03,2.1e+03) uv0=(20,84) stq0=(0,0,1) v1=(2e+03,2.1e+03) uv1=(25,94) stq1=(0,0,1) v2=(0,0) uv2=(0,0) stq2=(0,0,1) rgba0=(127,127,127,127) rgba1=(127,127,127,127) rgba2=(0,0,0,0)
[gs:copy-reg] reg=0x0 value=0x156 primCtxt=0 ctx0fbp=0 ctx1fbp=0
[gs:prim] idx=51 type=6 tme=1 abe=1 fst=1 ctxt=0 fbp=0 fbw=10 psm=0x2 tex0=(tbp0=5120 tbw=2 psm=0x13 tw=7 th=7 tcc=1 tfx=0 cbp=16352 cpsm=0x0 csm=0 csa=0) texclut=(cbw=0 cou=0 cov=0) ofx=1728 ofy=1936 scissor=(0,0)-(639,223) test=0x30000 alpha=0x44 v0=(2e+03,2.1e+03) uv0=(20,84) stq0=(0,0,1) v1=(2e+03,2.1e+03) uv1=(25,94) stq1=(0,0,1) v2=(0,0) uv2=(0,0) stq2=(0,0,1) rgba0=(127,127,127,127) rgba1=(127,127,127,127) rgba2=(0,0,0,0)
[gs:copy-reg] reg=0x0 value=0x156 primCtxt=0 ctx0fbp=0 ctx1fbp=0
[gs:prim] idx=52 type=6 tme=1 abe=1 fst=1 ctxt=0 fbp=0 fbw=10 psm=0x2 tex0=(tbp0=5120 tbw=2 psm=0x13 tw=7 th=7 tcc=1 tfx=0 cbp=16352 cpsm=0x0 csm=0 csa=0) texclut=(cbw=0 cou=0 cov=0) ofx=1728 ofy=1936 scissor=(0,0)-(639,223) test=0x30000 alpha=0x44 v0=(2e+03,2.1e+03) uv0=(19,75) stq0=(0,0,1) v1=(2e+03,2.1e+03) uv1=(32,82) stq1=(0,0,1) v2=(0,0) uv2=(0,0) stq2=(0,0,1) rgba0=(127,127,127,127) rgba1=(127,127,127,127) rgba2=(0,0,0,0)
[gs:copy-reg] reg=0x0 value=0x156 primCtxt=0 ctx0fbp=0 ctx1fbp=0
[gs:prim] idx=53 type=6 tme=1 abe=1 fst=1 ctxt=0 fbp=0 fbw=10 psm=0x2 tex0=(tbp0=5120 tbw=2 psm=0x13 tw=7 th=7 tcc=1 tfx=0 cbp=16352 cpsm=0x0 csm=0 csa=0) texclut=(cbw=0 cou=0 cov=0) ofx=1728 ofy=1936 scissor=(0,0)-(639,223) test=0x30000 alpha=0x44 v0=(2e+03,2.1e+03) uv0=(102,87) stq0=(0,0,1) v1=(2e+03,2.1e+03) uv1=(113,94) stq1=(0,0,1) v2=(0,0) uv2=(0,0) stq2=(0,0,1) rgba0=(127,127,127,127) rgba1=(127,127,127,127) rgba2=(0,0,0,0)
[gs:copy-reg] reg=0x0 value=0x156 primCtxt=0 ctx0fbp=0 ctx1fbp=0
[gs:prim] idx=54 type=6 tme=1 abe=1 fst=1 ctxt=0 fbp=0 fbw=10 psm=0x2 tex0=(tbp0=5120 tbw=2 psm=0x13 tw=7 th=7 tcc=1 tfx=0 cbp=16352 cpsm=0x0 csm=0 csa=0) texclut=(cbw=0 cou=0 cov=0) ofx=1728 ofy=1936 scissor=(0,0)-(639,223) test=0x30000 alpha=0x44 v0=(2e+03,2.1e+03) uv0=(102,87) stq0=(0,0,1) v1=(2e+03,2.1e+03) uv1=(113,94) stq1=(0,0,1) v2=(0,0) uv2=(0,0) stq2=(0,0,1) rgba0=(127,127,127,127) rgba1=(127,127,127,127) rgba2=(0,0,0,0)
[gs:copy-reg] reg=0x0 value=0x156 primCtxt=0 ctx0fbp=0 ctx1fbp=0
[gs:prim] idx=55 type=6 tme=1 abe=1 fst=1 ctxt=0 fbp=0 fbw=10 psm=0x2 tex0=(tbp0=5120 tbw=2 psm=0x13 tw=7 th=7 tcc=1 tfx=0 cbp=16352 cpsm=0x0 csm=0 csa=0) texclut=(cbw=0 cou=0 cov=0) ofx=1728 ofy=1936 scissor=(0,0)-(639,223) test=0x30000 alpha=0x44 v0=(2e+03,2.1e+03) uv0=(55,87) stq0=(0,0,1) v1=(2e+03,2.1e+03) uv1=(68,94) stq1=(0,0,1) v2=(0,0) uv2=(0,0) stq2=(0,0,1) rgba0=(127,127,127,127) rgba1=(127,127,127,127) rgba2=(0,0,0,0)
[gs:copy-reg] reg=0x0 value=0x156 primCtxt=0 ctx0fbp=0 ctx1fbp=0
[gs:prim] idx=56 type=6 tme=1 abe=1 fst=1 ctxt=0 fbp=0 fbw=10 psm=0x2 tex0=(tbp0=5120 tbw=2 psm=0x13 tw=7 th=7 tcc=1 tfx=0 cbp=16352 cpsm=0x0 csm=0 csa=0) texclut=(cbw=0 cou=0 cov=0) ofx=1728 ofy=1936 scissor=(0,0)-(639,223) test=0x30000 alpha=0x44 v0=(2e+03,2.1e+03) uv0=(45,75) stq0=(0,0,1) v1=(2e+03,2.1e+03) uv1=(57,82) stq1=(0,0,1) v2=(0,0) uv2=(0,0) stq2=(0,0,1) rgba0=(127,127,127,127) rgba1=(127,127,127,127) rgba2=(0,0,0,0)
[gs:copy-reg] reg=0x0 value=0x156 primCtxt=0 ctx0fbp=0 ctx1fbp=0
[gs:prim] idx=57 type=6 tme=1 abe=1 fst=1 ctxt=0 fbp=0 fbw=10 psm=0x2 tex0=(tbp0=5120 tbw=2 psm=0x13 tw=7 th=7 tcc=1 tfx=0 cbp=16352 cpsm=0x0 csm=0 csa=0) texclut=(cbw=0 cou=0 cov=0) ofx=1728 ofy=1936 scissor=(0,0)-(639,223) test=0x30000 alpha=0x44 v0=(2e+03,2.1e+03) uv0=(116,73) stq0=(0,0,1) v1=(2e+03,2.1e+03) uv1=(121,82) stq1=(0,0,1) v2=(0,0) uv2=(0,0) stq2=(0,0,1) rgba0=(127,127,127,127) rgba1=(127,127,127,127) rgba2=(0,0,0,0)
[gs:copy-reg] reg=0x0 value=0x156 primCtxt=0 ctx0fbp=0 ctx1fbp=0
[gs:prim] idx=58 type=6 tme=1 abe=1 fst=1 ctxt=0 fbp=0 fbw=10 psm=0x2 tex0=(tbp0=5120 tbw=2 psm=0x13 tw=7 th=7 tcc=1 tfx=0 cbp=16352 cpsm=0x0 csm=0 csa=0) texclut=(cbw=0 cou=0 cov=0) ofx=1728 ofy=1936 scissor=(0,0)-(639,223) test=0x30000 alpha=0x44 v0=(2e+03,2.1e+03) uv0=(19,75) stq0=(0,0,1) v1=(2e+03,2.1e+03) uv1=(32,82) stq1=(0,0,1) v2=(0,0) uv2=(0,0) stq2=(0,0,1) rgba0=(127,127,127,127) rgba1=(127,127,127,127) rgba2=(0,0,0,0)
[gs:copy-reg] reg=0x0 value=0x156 primCtxt=0 ctx0fbp=0 ctx1fbp=0
[gs:prim] idx=59 type=6 tme=1 abe=1 fst=1 ctxt=0 fbp=0 fbw=10 psm=0x2 tex0=(tbp0=5120 tbw=2 psm=0x13 tw=7 th=7 tcc=1 tfx=0 cbp=16352 cpsm=0x0 csm=0 csa=0) texclut=(cbw=0 cou=0 cov=0) ofx=1728 ofy=1936 scissor=(0,0)-(639,223) test=0x30000 alpha=0x44 v0=(2e+03,2.1e+03) uv0=(113,86) stq0=(0,0,1) v1=(2.1e+03,2.1e+03) uv1=(122,94) stq1=(0,0,1) v2=(0,0) uv2=(0,0) stq2=(0,0,1) rgba0=(127,127,127,127) rgba1=(127,127,127,127) rgba2=(0,0,0,0)
[gs:copy-reg] reg=0x0 value=0x156 primCtxt=0 ctx0fbp=0 ctx1fbp=0
[gs:prim] idx=60 type=6 tme=1 abe=1 fst=1 ctxt=0 fbp=0 fbw=10 psm=0x2 tex0=(tbp0=5120 tbw=2 psm=0x13 tw=7 th=7 tcc=1 tfx=0 cbp=16352 cpsm=0x0 csm=0 csa=0) texclut=(cbw=0 cou=0 cov=0) ofx=1728 ofy=1936 scissor=(0,0)-(639,223) test=0x30000 alpha=0x44 v0=(2.1e+03,2.1e+03) uv0=(70,75) stq0=(0,0,1) v1=(2.1e+03,2.1e+03) uv1=(82,82) stq1=(0,0,1) v2=(0,0) uv2=(0,0) stq2=(0,0,1) rgba0=(127,127,127,127) rgba1=(127,127,127,127) rgba2=(0,0,0,0)
[gs:copy-reg] reg=0x0 value=0x156 primCtxt=0 ctx0fbp=0 ctx1fbp=0
[gs:prim] idx=61 type=6 tme=1 abe=1 fst=1 ctxt=0 fbp=0 fbw=10 psm=0x2 tex0=(tbp0=5120 tbw=2 psm=0x13 tw=7 th=7 tcc=1 tfx=0 cbp=16352 cpsm=0x0 csm=0 csa=0) texclut=(cbw=0 cou=0 cov=0) ofx=1728 ofy=1936 scissor=(0,0)-(639,223) test=0x30000 alpha=0x44 v0=(2.1e+03,2.1e+03) uv0=(57,72) stq0=(0,0,1) v1=(2.1e+03,2.1e+03) uv1=(70,82) stq1=(0,0,1) v2=(0,0) uv2=(0,0) stq2=(0,0,1) rgba0=(127,127,127,127) rgba1=(127,127,127,127) rgba2=(0,0,0,0)
[gs:prim] idx=62 type=6 tme=1 abe=1 fst=1 ctxt=0 fbp=0 fbw=10 psm=0x2 tex0=(tbp0=5120 tbw=2 psm=0x13 tw=7 th=7 tcc=1 tfx=0 cbp=16352 cpsm=0x0 csm=0 csa=0) texclut=(cbw=0 cou=0 cov=0) ofx=1728 ofy=1936 scissor=(0,0)-(639,223) test=0x30000 alpha=0x44 v0=(2.1e+03,2.1e+03) uv0=(20,84) stq0=(0,0,1) v1=(2.1e+03,2.1e+03) uv1=(25,94) stq1=(0,0,1) v2=(0,0) uv2=(0,0) stq2=(0,0,1) rgba0=(127,127,127,127) rgba1=(127,127,127,127) rgba2=(0,0,0,0)
[gs:prim] idx=63 type=6 tme=1 abe=1 fst=1 ctxt=0 fbp=0 fbw=10 psm=0x2 tex0=(tbp0=5120 tbw=2 psm=0x13 tw=7 th=7 tcc=1 tfx=0 cbp=16352 cpsm=0x0 csm=0 csa=0) texclut=(cbw=0 cou=0 cov=0) ofx=1728 ofy=1936 scissor=(0,0)-(639,223) test=0x30000 alpha=0x44 v0=(2.1e+03,2.1e+03) uv0=(55,87) stq0=(0,0,1) v1=(2.1e+03,2.1e+03) uv1=(68,94) stq1=(0,0,1) v2=(0,0) uv2=(0,0) stq2=(0,0,1) rgba0=(127,127,127,127) rgba1=(127,127,127,127) rgba2=(0,0,0,0)
[gs:texa] idx=1 value=0x0 ta0=0x0 aem=0 ta1=0x0
[sceDmaSend] ch=0x10009000 madr=0x0 qwc=0x0 tadr=0x100000 chcr=0x185
[sceDmaSend:head] ch=0x10009000 tagQwc=0x3bd id=0x3 irq=0x0 addr=0x2eeff0 w2=0x0 w3=0x0
[gs:texa] idx=2 value=0x0 ta0=0x0 aem=0 ta1=0x0
[gs:texa] idx=3 value=0x0 ta0=0x0 aem=0 ta1=0x0
[sceDmaSend] ch=0x10009000 madr=0x0 qwc=0x0 tadr=0x100000 chcr=0x185
[sceDmaSend:head] ch=0x10009000 tagQwc=0x3bd id=0x3 irq=0x0 addr=0x2eeff0 w2=0x0 w3=0x0
[frame:upload] idx=1 tick=5 displayFbp=0 sourceFbp=0 size=640x224 preferred=0
[frame:upload] idx=2 tick=6 displayFbp=0 sourceFbp=0 size=640x224 preferred=0
[gs:texa] idx=4 value=0x0 ta0=0x0 aem=0 ta1=0x0
[gs:texa] idx=5 value=0x0 ta0=0x0 aem=0 ta1=0x0
[sceDmaSend] ch=0x10009000 madr=0x0 qwc=0x0 tadr=0x100000 chcr=0x185
[sceDmaSend:head] ch=0x10009000 tagQwc=0x3bd id=0x3 irq=0x0 addr=0x2eeff0 w2=0x0 w3=0x0
[frame:upload] idx=3 tick=7 displayFbp=0 sourceFbp=0 size=640x224 preferred=0
[TS:rate] fps=60.00 vblank_per_s=60.00 game_per_s=19.36 syncv_per_s=0.00
[run:tick] tick=120 pc=0x2161dc ra=0x2161dc sp=0x1eb1ec0 gp=0x3b47f0 dispfb1=0x11400 display1=0xdf27f000202a4 activeThreads=3 dma=33 gif=26 gsw=0 vif=4
[TS:rate] fps=60.00 vblank_per_s=60.00 game_per_s=0.00 syncv_per_s=0.00
[sceSifSetDma:CALL] pc=0x2dd9c8 ra=0x2dd9c8 list=0x1ff2b00 count=1
[sceSifSetDma:DESC] i=0 src=0x2f2cc0 dst=0x12ab00 size=0x17c0 attr=0x0 pc=0x2dd9c8 ra=0x2dd9c8
[Audio:VoiceTrans] core=1 src=0x12ab00 dest=0x5010 size=0x17c0 mode=0x0 copied=1 physical=6080
[sceSifSetDma:CALL] pc=0x2dd9c8 ra=0x2dd9c8 list=0x1ff2b00 count=1
[sceSifSetDma:DESC] i=0 src=0x2f2cc0 dst=0x12ab00 size=0x1880 attr=0x0 pc=0x2dd9c8 ra=0x2dd9c8
[Audio:VoiceTrans] core=1 src=0x12ab00 dest=0x67d0 size=0x1880 mode=0x0 copied=1 physical=6272
[sceSifSetDma:CALL] pc=0x2dd9c8 ra=0x2dd9c8 list=0x1ff2b00 count=1
[sceSifSetDma:DESC] i=0 src=0x2f2cc0 dst=0x12ab00 size=0x1c80 attr=0x0 pc=0x2dd9c8 ra=0x2dd9c8
[Audio:VoiceTrans] core=1 src=0x12ab00 dest=0x8050 size=0x1c80 mode=0x0 copied=1 physical=7296
[sceSifSetDma:CALL] pc=0x2dd9c8 ra=0x2dd9c8 list=0x1ff2b00 count=1
[sceSifSetDma:DESC] i=0 src=0x2f2cc0 dst=0x12ab00 size=0x2e00 attr=0x0 pc=0x2dd9c8 ra=0x2dd9c8
[Audio:VoiceTrans] core=1 src=0x12ab00 dest=0x9cd0 size=0x2e00 mode=0x0 copied=1 physical=11776
[TS:rate] fps=60.00 vblank_per_s=60.00 game_per_s=0.00 syncv_per_s=0.00
[sceSifSetDma:CALL] pc=0x2dd9c8 ra=0x2dd9c8 list=0x1ff2b00 count=1
[sceSifSetDma:DESC] i=0 src=0x2f2cc0 dst=0x12ab00 size=0xec0 attr=0x0 pc=0x2dd9c8 ra=0x2dd9c8
[Audio:VoiceTrans] core=1 src=0x12ab00 dest=0xcad0 size=0xec0 mode=0x0 copied=1 physical=3776
[sceSifSetDma:CALL] pc=0x2dd9c8 ra=0x2dd9c8 list=0x1ff2b00 count=1
[sceSifSetDma:DESC] i=0 src=0x2f2cc0 dst=0x12ab00 size=0x4540 attr=0x0 pc=0x2dd9c8 ra=0x2dd9c8
[Audio:VoiceTrans] core=1 src=0x12ab00 dest=0xd990 size=0x4540 mode=0x0 copied=1 physical=17728
[sceSifSetDma:CALL] pc=0x2dd9c8 ra=0x2dd9c8 list=0x1ff2b00 count=1
[sceSifSetDma:DESC] i=0 src=0x2f2cc0 dst=0x12ab00 size=0x1340 attr=0x0 pc=0x2dd9c8 ra=0x2dd9c8
[Audio:VoiceTrans] core=1 src=0x12ab00 dest=0x11ed0 size=0x1340 mode=0x0 copied=1 physical=4928
[gs:texa] idx=6 value=0x0 ta0=0x0 aem=0 ta1=0x0
[TS:rate] fps=59.96 vblank_per_s=59.96 game_per_s=13.99 syncv_per_s=0.00
[frame:upload] idx=4 tick=8 displayFbp=0 sourceFbp=0 size=640x224 preferred=0
[gs:texa] idx=7 value=0x0 ta0=0x0 aem=0 ta1=0x0
[gs:texa] idx=8 value=0x0 ta0=0x0 aem=0 ta1=0x0
[gs:texa] idx=9 value=0x0 ta0=0x0 aem=0 ta1=0x0
[gs:texa] idx=10 value=0x0 ta0=0x0 aem=0 ta1=0x0
[gs:texa] idx=11 value=0x0 ta0=0x0 aem=0 ta1=0x0
[gs:texa] idx=12 value=0x0 ta0=0x0 aem=0 ta1=0x0
[gs:texa] idx=13 value=0x0 ta0=0x0 aem=0 ta1=0x0
[sceDmaSend] ch=0x10009000 madr=0x0 qwc=0x0 tadr=0x100000 chcr=0x185
[sceDmaSend:head] ch=0x10009000 tagQwc=0x3bd id=0x3 irq=0x0 addr=0x2eeff0 w2=0x0 w3=0x0
[frame:upload] idx=5 tick=9 displayFbp=0 sourceFbp=0 size=640x224 preferred=0
[gs:texa] idx=14 value=0x0 ta0=0x0 aem=0 ta1=0x0
[gs:texa] idx=15 value=0x0 ta0=0x0 aem=0 ta1=0x0
[gs:texa] idx=16 value=0x0 ta0=0x0 aem=0 ta1=0x0
[gs:texa] idx=17 value=0x0 ta0=0x0 aem=0 ta1=0x0
[gs:texa] idx=18 value=0x0 ta0=0x0 aem=0 ta1=0x0
[gs:texa] idx=19 value=0x0 ta0=0x0 aem=0 ta1=0x0
[gs:texa] idx=20 value=0x0 ta0=0x0 aem=0 ta1=0x0
[gs:texa] idx=21 value=0x0 ta0=0x0 aem=0 ta1=0x0
[sceDmaSend] ch=0x10009000 madr=0x0 qwc=0x0 tadr=0x100000 chcr=0x185
[sceDmaSend:head] ch=0x10009000 tagQwc=0x3bd id=0x3 irq=0x0 addr=0x2eeff0 w2=0x0 w3=0x0
[frame:upload] idx=6 tick=10 displayFbp=0 sourceFbp=0 size=640x224 preferred=0
[gs:texa] idx=22 value=0x0 ta0=0x0 aem=0 ta1=0x0
[frame:upload] idx=7 tick=11 displayFbp=0 sourceFbp=0 size=640x224 preferred=0
[gs:texa] idx=23 value=0x0 ta0=0x0 aem=0 ta1=0x0
[sceDmaSend] ch=0x10009000 madr=0x0 qwc=0x0 tadr=0x1ec1f80 chcr=0x185
[sceDmaSend:head] ch=0x10009000 tagQwc=0x3bd id=0x3 irq=0x0 addr=0x2eeff0 w2=0x0 w3=0x0
[frame:upload] idx=8 tick=12 displayFbp=0 sourceFbp=0 size=640x224 preferred=0
[frame:upload] idx=9 tick=13 displayFbp=0 sourceFbp=0 size=640x224 preferred=0
[sceDmaSend] ch=0x10009000 madr=0x0 qwc=0x0 tadr=0x100000 chcr=0x185
[sceDmaSend:head] ch=0x10009000 tagQwc=0x3bd id=0x3 irq=0x0 addr=0x2eeff0 w2=0x0 w3=0x0
[frame:upload] idx=10 tick=14 displayFbp=0 sourceFbp=0 size=640x224 preferred=0
[frame:upload] idx=11 tick=15 displayFbp=0 sourceFbp=0 size=640x224 preferred=0
[sceDmaSend] ch=0x10009000 madr=0x0 qwc=0x0 tadr=0x1ec1f80 chcr=0x185
[sceDmaSend:head] ch=0x10009000 tagQwc=0x3bd id=0x3 irq=0x0 addr=0x2eeff0 w2=0x0 w3=0x0
[frame:upload] idx=12 tick=16 displayFbp=0 sourceFbp=0 size=640x224 preferred=0
[frame:upload] idx=13 tick=17 displayFbp=0 sourceFbp=0 size=640x224 preferred=0
[sceDmaSend] ch=0x10009000 madr=0x0 qwc=0x0 tadr=0x100000 chcr=0x185
[sceDmaSend:head] ch=0x10009000 tagQwc=0x3bd id=0x3 irq=0x0 addr=0x2eeff0 w2=0x0 w3=0x0
[frame:upload] idx=14 tick=18 displayFbp=0 sourceFbp=0 size=640x224 preferred=0
[frame:upload] idx=15 tick=19 displayFbp=0 sourceFbp=0 size=640x224 preferred=0
[sceDmaSend] ch=0x10009000 madr=0x0 qwc=0x0 tadr=0x1ec1f80 chcr=0x185
[sceDmaSend:head] ch=0x10009000 tagQwc=0x3bd id=0x3 irq=0x0 addr=0x2eeff0 w2=0x0 w3=0x0
[frame:upload] idx=16 tick=20 displayFbp=0 sourceFbp=0 size=640x224 preferred=0
[frame:upload] idx=17 tick=21 displayFbp=0 sourceFbp=0 size=640x224 preferred=0
[sceDmaSend] ch=0x10009000 madr=0x0 qwc=0x0 tadr=0x100000 chcr=0x185
[sceDmaSend:head] ch=0x10009000 tagQwc=0x3bd id=0x3 irq=0x0 addr=0x2eeff0 w2=0x0 w3=0x0
[frame:upload] idx=18 tick=22 displayFbp=0 sourceFbp=0 size=640x224 preferred=0
[TS:rate] fps=59.94 vblank_per_s=59.94 game_per_s=15.98 syncv_per_s=0.00
[frame:upload] idx=19 tick=23 displayFbp=0 sourceFbp=0 size=640x224 preferred=0
[sceDmaSend] ch=0x10009000 madr=0x0 qwc=0x0 tadr=0x1ec1f80 chcr=0x185
[sceDmaSend:head] ch=0x10009000 tagQwc=0x3bd id=0x3 irq=0x0 addr=0x2eeff0 w2=0x0 w3=0x0
[frame:upload] idx=20 tick=24 displayFbp=0 sourceFbp=0 size=640x224 preferred=0
[frame:upload] idx=21 tick=25 displayFbp=0 sourceFbp=0 size=640x224 preferred=0
[sceDmaSend] ch=0x10009000 madr=0x0 qwc=0x0 tadr=0x100000 chcr=0x185
[sceDmaSend:head] ch=0x10009000 tagQwc=0x3bd id=0x3 irq=0x0 addr=0x2eeff0 w2=0x0 w3=0x0
[frame:upload] idx=22 tick=26 displayFbp=0 sourceFbp=0 size=640x224 preferred=0
[frame:upload] idx=23 tick=27 displayFbp=0 sourceFbp=0 size=640x224 preferred=0
[sceDmaSend] ch=0x10009000 madr=0x0 qwc=0x0 tadr=0x1ec1f80 chcr=0x185
[sceDmaSend:head] ch=0x10009000 tagQwc=0x3bd id=0x3 irq=0x0 addr=0x2eeff0 w2=0x0 w3=0x0
[frame:upload] idx=24 tick=28 displayFbp=0 sourceFbp=0 size=640x224 preferred=0
[frame:upload] idx=25 tick=29 displayFbp=0 sourceFbp=0 size=640x224 preferred=0
[sceDmaSend] ch=0x10009000 madr=0x0 qwc=0x0 tadr=0x100000 chcr=0x185
[frame:upload] idx=[sceDmaSend:head] ch=0x10009000 tagQwc=0x3bd id=0x3 irq=0x0 addr=0x2eeff0 w2=0x0 w3=0x0
26 tick=30 displayFbp=0 sourceFbp=0 size=640x224 preferred=0
[frame:upload] idx=27 tick=31 displayFbp=0 sourceFbp=0 size=640x224 preferred=0
[sceDmaSend] ch=0x10009000 madr=0x0 qwc=0x0 tadr=0x1ec1f80 chcr=0x185
[sceDmaSend:head] ch=0x10009000 tagQwc=0x3bd id=0x3 irq=0x0 addr=0x2eeff0 w2=0x0 w3=0x0
[frame:upload] idx=28 tick=32 displayFbp=0 sourceFbp=0 size=640x224 preferred=0
[frame:upload] idx=29 tick=33 displayFbp=0 sourceFbp=0 size=640x224 preferred=0
[sceDmaSend] ch=0x10009000 madr=0x0 qwc=0x0 tadr=0x100000 chcr=0x185
[sceDmaSend:head] ch=0x10009000 tagQwc=0x3bd id=0x3 irq=0x0 addr=0x2eeff0 w2=0x0 w3=0x0
[frame:upload] idx=30 tick=34 displayFbp=0 sourceFbp=0 size=640x224 preferred=0
[run:tick] tick=240 pc=0x201000 ra=0x201000 sp=0x1ec1f10 gp=0x3b47f0 dispfb1=0x11400 display1=0xdf27f000202a4 activeThreads=3 dma=642 gif=592 gsw=0 vif=32
[frame:upload] idx=31 tick=35 displayFbp=0 sourceFbp=0 size=640x224 preferred=0
[TS:rate] fps=59.94 vblank_per_s=53.95 game_per_s=11.99 syncv_per_s=0.00
[sceDmaSend] ch=0x10009000 madr=0x0 qwc=0x0 tadr=0x1ec1f80 chcr=0x185
[sceDmaSend:head] ch=0x10009000 tagQwc=0x3bd id=0x3 irq=0x0 addr=0x2eeff0 w2=0x0 w3=0x0
[frame:upload] idx=32 tick=36 displayFbp=0 sourceFbp=0 size=640x224 preferred=0
[frame:upload] idx=33 tick=37 displayFbp=0 sourceFbp=0 size=640x224 preferred=0
[sceDmaSend] ch=0x10009000 madr=0x0 qwc=0x0 tadr=0x100000 chcr=0x185
[sceDmaSend:head] ch=0x10009000 tagQwc=0x3bd id=0x3 irq=0x0 addr=0x2eeff0 w2=0x0 w3=0x0
[frame:upload] idx=34 tick=38 displayFbp=0 sourceFbp=0 size=640x224 preferred=0
[frame:upload] idx=35 tick=39 displayFbp=0 sourceFbp=0 size=640x224 preferred=0
[sceDmaSend] ch=0x10009000 madr=0x0 qwc=0x0 tadr=0x1ec1f80 chcr=0x185
[sceDmaSend:head] ch=0x10009000 tagQwc=0x3bd id=0x3 irq=0x0 addr=0x2eeff0 w2=0x0 w3=0x0
[frame:upload] idx=36 tick=40 displayFbp=0 sourceFbp=0 size=640x224 preferred=0
[frame:upload] idx=37 tick=41 displayFbp=0 sourceFbp=0 size=640x224 preferred=0
[sceDmaSend] ch=0x10009000 madr=0x0 qwc=0x0 tadr=0x100000 chcr=0x185
[sceDmaSend:head] ch=0x10009000 tagQwc=0x3bd id=0x3 irq=0x0 addr=0x2eeff0 w2=0x0 w3=0x0
[frame:upload] idx=38 tick=42 displayFbp=0 sourceFbp=0 size=640x224 preferred=0
[frame:upload] idx=39 tick=43 displayFbp=0 sourceFbp=0 size=640x224 preferred=0
[sceDmaSend] ch=0x10009000 madr=0x0 qwc=0x0 tadr=0x1ec1f80 chcr=0x185
[sceDmaSend:head] ch=0x10009000 tagQwc=0x3bd id=0x3 irq=0x0 addr=0x2eeff0 w2=0x0 w3=0x0
[frame:upload] idx=40 tick=44 displayFbp=0 sourceFbp=0 size=640x224 preferred=0
[frame:upload] idx=41 tick=45 displayFbp=0 sourceFbp=0 size=640x224 preferred=0
[sceDmaSend] ch=0x10009000 madr=0x0 qwc=0x0 tadr=0x100000 chcr=0x185
[sceDmaSend:head] ch=0x10009000 tagQwc=0x3bd id=0x3 irq=0x0 addr=0x2eeff0 w2=0x0 w3=0x0
[TS:rate] fps=60.00 vblank_per_s=66.00 game_per_s=12.00 syncv_per_s=0.00
[frame:upload] idx=42 tick=46 displayFbp=0 sourceFbp=0 size=640x224 preferred=0
[frame:upload] idx=43 tick=47 displayFbp=0 sourceFbp=0 size=640x224 preferred=0
[sceDmaSend] ch=0x10009000 madr=0x0 qwc=0x0 tadr=0x1ec1f80 chcr=0x185
[sceDmaSend:head] ch=0x10009000 tagQwc=0x3bd id=0x3 irq=0x0 addr=0x2eeff0 w2=0x0 w3=0x0
[frame:upload] idx=44 tick=48 displayFbp=0 sourceFbp=0 size=640x224 preferred=0
[frame:upload] idx=45 tick=49 displayFbp=0 sourceFbp=0 size=640x224 preferred=0
[sceDmaSend] ch=0x10009000 madr=0x0 qwc=0x0 tadr=0x100000 chcr=0x185
[sceDmaSend:head] ch=0x10009000 tagQwc=0x3bd id=0x3 irq=0x0 addr=0x2eeff0 w2=0x0 w3=0x0
[frame:upload] idx=46 tick=50 displayFbp=0 sourceFbp=0 size=640x224 preferred=0
[frame:upload] idx=47 tick=51 displayFbp=0 sourceFbp=0 size=640x224 preferred=0
[sceDmaSend] ch=0x10009000 madr=0x0 qwc=0x0 tadr=0x1ec1f80 chcr=0x185
[sceDmaSend:head] ch=0x10009000 tagQwc=0x3bd id=0x3 irq=0x0 addr=0x2eeff0 w2=0x0 w3=0x0
[frame:upload] idx=48 tick=52 displayFbp=0 sourceFbp=0 size=640x224 preferred=0
[frame:upload] idx=49 tick=53 displayFbp=0 sourceFbp=0 size=640x224 preferred=0
[TS:rate] fps=60.00 vblank_per_s=48.00 game_per_s=6.00 syncv_per_s=0.00
[sceDmaSend] ch=0x10009000 madr=0x0 qwc=0x0 tadr=0x100000 chcr=0x185
[sceDmaSend:head] ch=0x10009000 tagQwc=0x3bd id=0x3 irq=0x0 addr=0x2eeff0 w2=0x0 w3=0x0
[frame:upload] idx=50 tick=54 displayFbp=0 sourceFbp=0 size=640x224 preferred=0
[frame:upload] idx=51 tick=55 displayFbp=0 sourceFbp=0 size=640x224 preferred=0
[sceDmaSend] ch=0x10009000 madr=0x0 qwc=0x0 tadr=0x1ec1f80 chcr=0x185
[sceDmaSend:head] ch=0x10009000 tagQwc=0x3bd id=0x3 irq=0x0 addr=0x2eeff0 w2=0x0 w3=0x0
[frame:upload] idx=52 tick=56 displayFbp=0 sourceFbp=0 size=640x224 preferred=0
[frame:upload] idx=53 tick=57 displayFbp=0 sourceFbp=0 size=640x224 preferred=0
[sceDmaSend] ch=0x10009000 madr=0x0 qwc=0x0 tadr=0x100000 chcr=0x185
[sceDmaSend:head] ch=0x10009000 tagQwc=0x3bd id=0x3 irq=0x0 addr=0x2eeff0 w2=0x0 w3=0x0
[frame:upload] idx=54 tick=58 displayFbp=0 sourceFbp=0 size=640x224 preferred=0
[frame:upload] idx=55 tick=59 displayFbp=0 sourceFbp=0 size=640x224 preferred=0
[sceDmaSend] ch=0x10009000 madr=0x0 qwc=0x0 tadr=0x1ec1f80 chcr=0x185
[sceDmaSend:head] ch=0x10009000 tagQwc=0x3bd id=0x3 irq=0x0 addr=0x2eeff0 w2=0x0 w3=0x0
[frame:upload] idx=56 tick=60 displayFbp=0 sourceFbp=0 size=640x224 preferred=0
[frame:upload] idx=57 tick=61 displayFbp=0 sourceFbp=0 size=640x224 preferred=0
[TS:rate] fps=60.00 vblank_per_s=68.00 game_per_s=8.00 syncv_per_s=0.00
[sceDmaSend] ch=0x10009000 madr=0x0 qwc=0x0 tadr=0x100000 chcr=0x185
[sceDmaSend:head] ch=0x10009000 tagQwc=0x3bd id=0x3 irq=0x0 addr=0x2eeff0 w2=0x0 w3=0x0
[frame:upload] idx=58 tick=62 displayFbp=0 sourceFbp=0 size=640x224 preferred=0
[frame:upload] idx=59 tick=63 displayFbp=0 sourceFbp=0 size=640x224 preferred=0
[sceDmaSend] ch=0x10009000 madr=0x0 qwc=0x0 tadr=0x1ec1f80 chcr=0x185
[sceDmaSend:head] ch=0x10009000 tagQwc=0x3bd id=0x3 irq=0x0 addr=0x2eeff0 w2=0x0 w3=0x0
[frame:upload] idx=60 tick=64 displayFbp=0 sourceFbp=0 size=640x224 preferred=0
[frame:upload] idx=61 tick=65 displayFbp=0 sourceFbp=0 size=640x224 preferred=0
[sceDmaSend] ch=0x10009000 madr=0x0 qwc=0x0 tadr=0x100000 chcr=0x185
[sceDmaSend:head] ch=0x10009000 tagQwc=0x3bd id=0x3 irq=0x0 addr=0x2eeff0 w2=0x0 w3=0x0
[frame:upload] idx=62 tick=66 displayFbp=0 sourceFbp=0 size=640x224 preferred=0
[frame:upload] idx=63 tick=67 displayFbp=0 sourceFbp=0 size=640x224 preferred=0
[run:tick] tick=360 pc=0x201000 ra=0x201000 sp=0x1ec1f10 gp=0x3b47f0 dispfb1=0x11400 display1=0xdf27f000202a4 activeThreads=3 dma=690 gif=592 gsw=0 vif=64
[TS:rate] fps=59.99 vblank_per_s=55.99 game_per_s=6.00 syncv_per_s=0.00
[sceDmaSend] ch=0x10009000 madr=0x0 qwc=0x0 tadr=0x1ec1f80 chcr=0x185
[sceDmaSend:head] ch=0x10009000 tagQwc=0x3bd id=0x3 irq=0x0 addr=0x2eeff0 w2=0x0 w3=0x0
[frame:upload] idx=64 tick=68 displayFbp=0 sourceFbp=0 size=640x224 preferred=0
[frame:upload] idx=65 tick=69 displayFbp=0 sourceFbp=0 size=640x224 preferred=0
[sceDmaSend] ch=0x10009000 madr=0x0 qwc=0x0 tadr=0x100000 chcr=0x185
[sceDmaSend:head] ch=0x10009000 tagQwc=0x3bd id=0x3 irq=0x0 addr=0x2eeff0 w2=0x0 w3=0x0
[frame:upload] idx=66 tick=70 displayFbp=0 sourceFbp=0 size=640x224 preferred=0
[frame:upload] idx=67 tick=71 displayFbp=0 sourceFbp=0 size=640x224 preferred=0
[sceDmaSend] ch=0x10009000 madr=0x0 qwc=0x0 tadr=0x1ec1f80 chcr=0x185
[sceDmaSend:head] ch=0x10009000 tagQwc=0x3bd id=0x3 irq=0x0 addr=0x2eeff0 w2=0x0 w3=0x0
[frame:upload] idx=68 tick=72 displayFbp=0 sourceFbp=0 size=640x224 preferred=0
[frame:upload] idx=69 tick=73 displayFbp=0 sourceFbp=0 size=640x224 preferred=0
[TS:rate] fps=60.00 vblank_per_s=56.00 game_per_s=6.00 syncv_per_s=0.00
[sceDmaSend] ch=0x10009000 madr=0x0 qwc=0x0 tadr=0x100000 chcr=0x185
[sceDmaSend:head] ch=0x10009000 tagQwc=0x3bd id=0x3 irq=0x0 addr=0x2eeff0 w2=0x0 w3=0x0
[frame:upload] idx=70 tick=74 displayFbp=0 sourceFbp=0 size=640x224 preferred=0
[frame:upload] idx=71 tick=75 displayFbp=0 sourceFbp=0 size=640x224 preferred=0
[sceDmaSend] ch=0x10009000 madr=0x0 qwc=0x0 tadr=0x1ec1f80 chcr=0x185
[sceDmaSend:head] ch=0x10009000 tagQwc=0x3bd id=0x3 irq=0x0 addr=0x2eeff0 w2=0x0 w3=0x0
[frame:upload] idx=72 tick=76 displayFbp=0 sourceFbp=0 size=640x224 preferred=0
[frame:upload] idx=73 tick=77 displayFbp=0 sourceFbp=0 size=640x224 preferred=0
[sceDmaSend] ch=0x10009000 madr=0x0 qwc=0x0 tadr=0x100000 chcr=0x185
[sceDmaSend:head] ch=0x10009000 tagQwc=0x3bd id=0x3 irq=0x0 addr=0x2eeff0 w2=0x0 w3=0x0
[frame:upload] idx=74 tick=78 displayFbp=0 sourceFbp=0 size=640x224 preferred=0
[frame:upload] idx=75 tick=79 displayFbp=0 sourceFbp=0 size=640x224 preferred=0
[TS:rate] fps=59.98 vblank_per_s=57.98 game_per_s=6.00 syncv_per_s=0.00
[sceDmaSend] ch=0x10009000 madr=0x0 qwc=0x0 tadr=0x1ec1f80 chcr=0x185
[sceDmaSend:head] ch=0x10009000 tagQwc=0x3bd id=0x3 irq=0x0 addr=0x2eeff0 w2=0x0 w3=0x0
[frame:upload] idx=76 tick=80 displayFbp=0 sourceFbp=0 size=640x224 preferred=0
[frame:upload] idx=77 tick=81 displayFbp=0 sourceFbp=0 size=640x224 preferred=0
[sceDmaSend] ch=0x10009000 madr=0x0 qwc=0x0 tadr=0x100000 chcr=0x185
[sceDmaSend:head] ch=0x10009000 tagQwc=0x3bd id=0x3 irq=0x0 addr=0x2eeff0 w2=0x0 w3=0x0
[frame:upload] idx=78 tick=82 displayFbp=0 sourceFbp=0 size=640x224 preferred=0
[frame:upload] idx=79 tick=83 displayFbp=0 sourceFbp=0 size=640x224 preferred=0
[sceDmaSend] ch=0x10009000 madr=0x0 qwc=0x0 tadr=0x1ec1f80 chcr=0x185
[sceDmaSend:head] ch=0x10009000 tagQwc=0x3bd id=0x3 irq=0x0 addr=0x2eeff0 w2=0x0 w3=0x0
[frame:upload] idx=80 tick=84 displayFbp=0 sourceFbp=0 size=640x224 preferred=0
[frame:upload] idx=81 tick=85 displayFbp=0 sourceFbp=0 size=640x224 preferred=0
[TS:rate] fps=60.00 vblank_per_s=62.00 game_per_s=6.00 syncv_per_s=0.00
[sceDmaSend] ch=0x10009000 madr=0x0 qwc=0x0 tadr=0x100000 chcr=0x185
[sceDmaSend:head] ch=0x10009000 tagQwc=0x3bd id=0x3 irq=0x0 addr=0x2eeff0 w2=0x0 w3=0x0
[frame:upload] idx=82 tick=86 displayFbp=0 sourceFbp=0 size=640x224 preferred=0
[frame:upload] idx=83 tick=87 displayFbp=0 sourceFbp=0 size=640x224 preferred=0
[sceDmaSend] ch=0x10009000 madr=0x0 qwc=0x0 tadr=0x1ec1f80 chcr=0x185
[sceDmaSend:head] ch=0x10009000 tagQwc=0x3bd id=0x3 irq=0x0 addr=0x2eeff0 w2=0x0 w3=0x0
[frame:upload] idx=84 tick=88 displayFbp=0 sourceFbp=0 size=640x224 preferred=0
[frame:upload] idx=85 tick=89 displayFbp=0 sourceFbp=0 size=640x224 preferred=0
[sceDmaSend] ch=0x10009000 madr=0x0 qwc=0x0 tadr=0x100000 chcr=0x185
[sceDmaSend:head] ch=0x10009000 tagQwc=0x3bd id=0x3 irq=0x0 addr=0x2eeff0 w2=0x0 w3=0x0
[frame:upload] idx=86 tick=90 displayFbp=0 sourceFbp=0 size=640x224 preferred=0
[frame:upload] idx=87 tick=91 displayFbp=0 sourceFbp=0 size=640x224 preferred=0
[run:tick] tick=480 pc=0x201000 ra=0x201000 sp=0x1ec1f10 gp=0x3b47f0 dispfb1=0x11400 display1=0xdf27f000202a4 activeThreads=3 dma=726 gif=592 gsw=0 vif=88
[TS:rate] fps=60.00 vblank_per_s=60.00 game_per_s=6.00 syncv_per_s=0.00
[sceDmaSend] ch=0x10009000 madr=0x0 qwc=0x0 tadr=0x1ec1f80 chcr=0x185
[sceDmaSend:head] ch=0x10009000 tagQwc=0x3bd id=0x3 irq=0x0 addr=0x2eeff0 w2=0x0 w3=0x0
[frame:upload] idx=88 tick=92 displayFbp=0 sourceFbp=0 size=640x224 preferred=0
[frame:upload] idx=89 tick=93 displayFbp=0 sourceFbp=0 size=640x224 preferred=0
[sceDmaSend] ch=0x10009000 madr=0x0 qwc=0x0 tadr=0x100000 chcr=0x185
[sceDmaSend:head] ch=0x10009000 tagQwc=0x3bd id=0x3 irq=0x0 addr=0x2eeff0 w2=0x0 w3=0x0
[frame:upload] idx=90 tick=94 displayFbp=0 sourceFbp=0 size=640x224 preferred=0
[frame:upload] idx=91 tick=95 displayFbp=0 sourceFbp=0 size=640x224 preferred=0
[sceDmaSend] ch=0x10009000 madr=0x0 qwc=0x0 tadr=0x1ec1f80 chcr=0x185
[sceDmaSend:head] ch=0x10009000 tagQwc=0x3bd id=0x3 irq=0x0 addr=0x2eeff0 w2=0x0 w3=0x0
[frame:upload] idx=92 tick=96 displayFbp=0 sourceFbp=0 size=640x224 preferred=0
[frame:upload] idx=93 tick=97 displayFbp=0 sourceFbp=0 size=640x224 preferred=0
[TS:rate] fps=60.00 vblank_per_s=62.00 game_per_s=6.00 syncv_per_s=0.00
[sceDmaSend] ch=0x10009000 madr=0x0 qwc=0x0 tadr=0x100000 chcr=0x185
[sceDmaSend:head] ch=0x10009000 tagQwc=0x3bd id=0x3 irq=0x0 addr=0x2eeff0 w2=0x0 w3=0x0
[frame:upload] idx=94 tick=98 displayFbp=0 sourceFbp=0 size=640x224 preferred=0
[frame:upload] idx=95 tick=99 displayFbp=0 sourceFbp=0 size=640x224 preferred=0
[sceDmaSend] ch=0x10009000 madr=0x0 qwc=0x0 tadr=0x1ec1f80 chcr=0x185
[sceDmaSend:head] ch=0x10009000 tagQwc=0x3bd id=0x3 irq=0x0 addr=0x2eeff0 w2=0x0 w3=0x0
[frame:upload] idx=96 tick=100 displayFbp=0 sourceFbp=0 size=640x224 preferred=0
[frame:upload] idx=97 tick=101 displayFbp=0 sourceFbp=0 size=640x224 preferred=0
[sceDmaSend] ch=0x10009000 madr=0x0 qwc=0x0 tadr=0x100000 chcr=0x185
[sceDmaSend:head] ch=0x10009000 tagQwc=0x3bd id=0x3 irq=0x0 addr=0x2eeff0 w2=0x0 w3=0x0
[frame:upload] idx=98 tick=102 displayFbp=0 sourceFbp=0 size=640x224 preferred=0
[frame:upload] idx=99 tick=103 displayFbp=0 sourceFbp=0 size=640x224 preferred=0
[TS:rate] fps=60.00 vblank_per_s=64.00 game_per_s=6.00 syncv_per_s=0.00
[sceDmaSend] ch=0x10009000 madr=0x0 qwc=0x0 tadr=0x1ec1f80 chcr=0x185
[sceDmaSend:head] ch=0x10009000 tagQwc=0x3bd id=0x3 irq=0x0 addr=0x2eeff0 w2=0x0 w3=0x0
[frame:upload] idx=100 tick=104 displayFbp=0 sourceFbp=0 size=640x224 preferred=0
[frame:upload] idx=101 tick=105 displayFbp=0 sourceFbp=0 size=640x224 preferred=0
[sceDmaSend] ch=0x10009000 madr=0x0 qwc=0x0 tadr=0x100000 chcr=0x185
[sceDmaSend:head] ch=0x10009000 tagQwc=0x3bd id=0x3 irq=0x0 addr=0x2eeff0 w2=0x0 w3=0x0
[frame:upload] idx=102 tick=106 displayFbp=0 sourceFbp=0 size=640x224 preferred=0
[frame:upload] idx=103 tick=107 displayFbp=0 sourceFbp=0 size=640x224 preferred=0
[sceDmaSend] ch=0x10009000 madr=0x0 qwc=0x0 tadr=0x1ec1f80 chcr=0x185
[sceDmaSend:head] ch=0x10009000 tagQwc=0x3bd id=0x3 irq=0x0 addr=0x2eeff0 w2=0x0 w3=0x0
[frame:upload] idx=104 tick=108 displayFbp=0 sourceFbp=0 size=640x224 preferred=0
[frame:upload] idx=105 tick=109 displayFbp=0 sourceFbp=0 size=640x224 preferred=0
[TS:rate] fps=60.00 vblank_per_s=60.00 game_per_s=6.00 syncv_per_s=0.00
[sceDmaSend] ch=0x10009000 madr=0x0 qwc=0x0 tadr=0x100000 chcr=0x185
[sceDmaSend:head] ch=0x10009000 tagQwc=0x3bd id=0x3 irq=0x0 addr=0x2eeff0 w2=0x0 w3=0x0
[frame:upload] idx=106 tick=110 displayFbp=0 sourceFbp=0 size=640x224 preferred=0
[frame:upload] idx=107 tick=111 displayFbp=0 sourceFbp=0 size=640x224 preferred=0
[sceDmaSend] ch=0x10009000 madr=0x0 qwc=0x0 tadr=0x1ec1f80 chcr=0x185
[sceDmaSend:head] ch=0x10009000 tagQwc=0x3bd id=0x3 irq=0x0 addr=0x2eeff0 w2=0x0 w3=0x0
[frame:upload] idx=108 tick=112 displayFbp=0 sourceFbp=0 size=640x224 preferred=0
[frame:upload] idx=109 tick=113 displayFbp=0 sourceFbp=0 size=640x224 preferred=0
[sceDmaSend] ch=0x10009000 madr=0x0 qwc=0x0 tadr=0x100000 chcr=0x185
[sceDmaSend:head] ch=0x10009000 tagQwc=0x3bd id=0x3 irq=0x0 addr=0x2eeff0 w2=0x0 w3=0x0
[frame:upload] idx=110 tick=114 displayFbp=0 sourceFbp=0 size=640x224 preferred=0
[frame:upload] idx=111 tick=115 displayFbp=0 sourceFbp=0 size=640x224 preferred=0
[run:tick] tick=600 pc=0x201000 ra=0x201000 sp=0x1ec1f10 gp=0x3b47f0 dispfb1=0x11400 display1=0xdf27f000202a4 activeThreads=3 dma=762 gif=592 gsw=0 vif=112
[TS:rate] fps=60.00 vblank_per_s=58.00 game_per_s=6.00 syncv_per_s=0.00
[sceDmaSend] ch=0x10009000 madr=0x0 qwc=0x0 tadr=0x1ec1f80 chcr=0x185
[sceDmaSend:head] ch=0x10009000 tagQwc=0x3bd id=0x3 irq=0x0 addr=0x2eeff0 w2=0x0 w3=0x0
[frame:upload] idx=112 tick=116 displayFbp=0 sourceFbp=0 size=640x224 preferred=0
[frame:upload] idx=113 tick=117 displayFbp=0 sourceFbp=0 size=640x224 preferred=0
[sceDmaSend] ch=0x10009000 madr=0x0 qwc=0x0 tadr=0x100000 chcr=0x185
[sceDmaSend:head] ch=0x10009000 tagQwc=0x3bd id=0x3 irq=0x0 addr=0x2eeff0 w2=0x0 w3=0x0
[frame:upload] idx=114 tick=118 displayFbp=0 sourceFbp=0 size=640x224 preferred=0
[frame:upload] idx=115 tick=119 displayFbp=0 sourceFbp=0 size=640x224 preferred=0
[sceDmaSend] ch=0x10009000 madr=0x0 qwc=0x0 tadr=0x1ec1f80 chcr=0x185
[sceDmaSend:head] ch=0x10009000 tagQwc=0x3bd id=0x3 irq=0x0 addr=0x2eeff0 w2=0x0 w3=0x0
[frame:upload] idx=116 tick=120 displayFbp=0 sourceFbp=0 size=640x224 preferred=0
[frame:upload] idx=117 tick=121 displayFbp=0 sourceFbp=0 size=640x224 preferred=0
[TS:rate] fps=60.00 vblank_per_s=60.00 game_per_s=6.00 syncv_per_s=0.00
[sceDmaSend] ch=0x10009000 madr=0x0 qwc=0x0 tadr=0x100000 chcr=0x185
[sceDmaSend:head] ch=0x10009000 tagQwc=0x3bd id=0x3 irq=0x0 addr=0x2eeff0 w2=0x0 w3=0x0
[frame:upload] idx=118 tick=122 displayFbp=0 sourceFbp=0 size=640x224 preferred=0
[frame:upload] idx=119 tick=123 displayFbp=0 sourceFbp=0 size=640x224 preferred=0
[sceDmaSend] ch=0x10009000 madr=0x0 qwc=0x0 tadr=0x1ec1f80 chcr=0x185
[sceDmaSend:head] ch=0x10009000 tagQwc=0x3bd id=0x3 irq=0x0 addr=0x2eeff0 w2=0x0 w3=0x0
[frame:upload] idx=120 tick=124 displayFbp=0 sourceFbp=0 size=640x224 preferred=0
[frame:upload] idx=121 tick=125 displayFbp=0 sourceFbp=0 size=640x224 preferred=0
[sceDmaSend] ch=0x10009000 madr=0x0 qwc=0x0 tadr=0x100000 chcr=0x185
[sceDmaSend:head] ch=0x10009000 tagQwc=0x3bd id=0x3 irq=0x0 addr=0x2eeff0 w2=0x0 w3=0x0
[frame:upload] idx=122 tick=126 displayFbp=0 sourceFbp=0 size=640x224 preferred=0
[frame:upload] idx=123 tick=127 displayFbp=0 sourceFbp=0 size=640x224 preferred=0
[TS:rate] fps=60.00 vblank_per_s=56.13 game_per_s=5.81 syncv_per_s=0.00
[frame:upload] idx=124 tick=128 displayFbp=0 sourceFbp=0 size=640x224 preferred=0
[frame:upload] idx=125 tick=129 displayFbp=0 sourceFbp=0 size=640x224 preferred=0
[frame:upload] idx=126 tick=130 displayFbp=0 sourceFbp=0 size=640x224 preferred=0
[frame:upload] idx=127 tick=131 displayFbp=0 sourceFbp=0 size=640x224 preferred=0
[TS:rate] fps=60.00 vblank_per_s=60.00 game_per_s=6.00 syncv_per_s=0.00
[run:tick] tick=720 pc=0x201000 ra=0x201000 sp=0x1ec1f10 gp=0x3b47f0 dispfb1=0x11400 display1=0xdf27f000202a4 activeThreads=3 dma=798 gif=592 gsw=0 vif=136
[TS:rate] fps=59.99 vblank_per_s=71.99 game_per_s=8.00 syncv_per_s=0.00
[TS:rate] fps=60.00 vblank_per_s=56.00 game_per_s=6.00 syncv_per_s=0.00
[TS:rate] fps=60.00 vblank_per_s=64.00 game_per_s=8.00 syncv_per_s=0.00
[TS:rate] fps=60.00 vblank_per_s=52.00 game_per_s=6.00 syncv_per_s=0.00
[run:tick] tick=840 pc=0x201000 ra=0x201000 sp=0x1ec1f10 gp=0x3b47f0 dispfb1=0x11400 display1=0xdf27f000202a4 activeThreads=3 dma=840 gif=592 gsw=0 vif=164
[TS:rate] fps=60.00 vblank_per_s=52.00 game_per_s=6.00 syncv_per_s=0.00
[TS:rate] fps=59.63 vblank_per_s=67.58 game_per_s=5.96 syncv_per_s=0.00
[TS:rate] fps=60.00 vblank_per_s=63.87 game_per_s=7.74 syncv_per_s=0.00
[TS:rate] fps=60.00 vblank_per_s=64.00 game_per_s=8.00 syncv_per_s=0.00
[run:tick] tick=960 pc=0x200f64 ra=0x200f64 sp=0x1ec1f10 gp=0x3b47f0 dispfb1=0x11400 display1=0xdf27f000202a4 activeThreads=3 dma=880 gif=592 gsw=0 vif=190
[TS:rate] fps=60.00 vblank_per_s=52.00 game_per_s=6.00 syncv_per_s=0.00
[TS:rate] fps=60.00 vblank_per_s=67.99 game_per_s=8.00 syncv_per_s=0.00
[TS:rate] fps=60.00 vblank_per_s=54.20 game_per_s=5.81 syncv_per_s=0.00
[TS:rate] fps=60.00 vblank_per_s=66.00 game_per_s=8.00 syncv_per_s=0.00
[run:tick] tick=1080 pc=0x201000 ra=0x201000 sp=0x1ec1f10 gp=0x3b47f0 dispfb1=0x11400 display1=0xdf27f000202a4 activeThreads=3 dma=922 gif=592 gsw=0 vif=218
[TS:rate] fps=60.00 vblank_per_s=62.00 game_per_s=8.00 syncv_per_s=0.00
[TS:rate] fps=60.00 vblank_per_s=48.00 game_per_s=6.00 syncv_per_s=0.00
[TS:rate] fps=59.75 vblank_per_s=69.71 game_per_s=7.97 syncv_per_s=0.00
[TS:rate] fps=60.00 vblank_per_s=48.00 game_per_s=6.00 syncv_per_s=0.00
[run:tick] tick=1200 pc=0x201000 ra=0x201000 sp=0x1ec1f10 gp=0x3b47f0 dispfb1=0x11400 display1=0xdf27f000202a4 activeThreads=3 dma=964 gif=592 gsw=0 vif=246
[TS:rate] fps=60.00 vblank_per_s=72.00 game_per_s=8.00 syncv_per_s=0.00
[TS:rate] fps=60.00 vblank_per_s=50.00 game_per_s=6.00 syncv_per_s=0.00
[TS:rate] fps=60.00 vblank_per_s=66.00 game_per_s=8.00 syncv_per_s=0.00
[TS:rate] fps=60.00 vblank_per_s=64.00 game_per_s=8.00 syncv_per_s=0.00
[run:tick] tick=1320 pc=0x201000 ra=0x201000 sp=0x1ec1f10 gp=0x3b47f0 dispfb1=0x11400 display1=0xdf27f000202a4 activeThreads=3 dma=1009 gif=592 gsw=0 vif=276
[TS:rate] fps=60.00 vblank_per_s=61.94 game_per_s=7.74 syncv_per_s=0.00
[TS:rate] fps=60.00 vblank_per_s=50.00 game_per_s=6.00 syncv_per_s=0.00
[TS:rate] fps=60.00 vblank_per_s=64.00 game_per_s=8.00 syncv_per_s=0.00
[TS:rate] fps=60.00 vblank_per_s=64.00 game_per_s=8.00 syncv_per_s=0.00
[run:tick] tick=1440 pc=0x200f64 ra=0x200f64 sp=0x1ec1f10 gp=0x3b47f0 dispfb1=0x11400 display1=0xdf27f000202a4 activeThreads=3 dma=1052 gif=592 gsw=0 vif=304
[TS:rate] fps=60.00 vblank_per_s=48.00 game_per_s=6.00 syncv_per_s=0.00
[TS:rate] fps=60.00 vblank_per_s=70.00 game_per_s=8.00 syncv_per_s=0.00
[TS:rate] fps=60.00 vblank_per_s=50.00 game_per_s=6.00 syncv_per_s=0.00
[TS:rate] fps=59.95 vblank_per_s=65.95 game_per_s=7.99 syncv_per_s=0.00
[run:tick] tick=1560 pc=0x201000 ra=0x201000 sp=0x1ec1f10 gp=0x3b47f0 dispfb1=0x11400 display1=0xdf27f000202a4 activeThreads=3 dma=1096 gif=592 gsw=0 vif=334
[TS:rate] fps=59.95 vblank_per_s=67.95 game_per_s=7.99 syncv_per_s=0.00
[TS:rate] fps=60.00 vblank_per_s=52.00 game_per_s=6.00 syncv_per_s=0.00
[TS:rate] fps=60.00 vblank_per_s=56.00 game_per_s=6.00 syncv_per_s=0.00
[TS:rate] fps=60.00 vblank_per_s=63.87 game_per_s=7.74 syncv_per_s=0.00
[run:tick] tick=1680 pc=0x201000 ra=0x201000 sp=0x1ec1f10 gp=0x3b47f0 dispfb1=0x11400 display1=0xdf27f000202a4 activeThreads=3 dma=1138 gif=592 gsw=0 vif=362
[TS:rate] fps=60.00 vblank_per_s=64.00 game_per_s=8.00 syncv_per_s=0.00
[TS:rate] fps=60.00 vblank_per_s=50.00 game_per_s=6.00 syncv_per_s=0.00
[TS:rate] fps=60.00 vblank_per_s=66.00 game_per_s=8.00 syncv_per_s=0.00
[TS:rate] fps=60.00 vblank_per_s=54.00 game_per_s=6.00 syncv_per_s=0.00
[run:tick] tick=1800 pc=0x201000 ra=0x201000 sp=0x1ec1f10 gp=0x3b47f0 dispfb1=0x11400 display1=0xdf27f000202a4 activeThreads=3 dma=1180 gif=592 gsw=0 vif=390
[TS:rate] fps=60.00 vblank_per_s=66.00 game_per_s=8.00 syncv_per_s=0.00
[TS:rate] fps=59.85 vblank_per_s=63.84 game_per_s=7.98 syncv_per_s=0.00
[TS:rate] fps=60.00 vblank_per_s=64.00 game_per_s=8.00 syncv_per_s=0.00
[TS:rate] fps=60.00 vblank_per_s=48.00 game_per_s=6.00 syncv_per_s=0.00
[run:tick] tick=1920 pc=0x201000 ra=0x201000 sp=0x1ec1f10 gp=0x3b47f0 dispfb1=0x11400 display1=0xdf27f000202a4 activeThreads=3 dma=1225 gif=592 gsw=0 vif=420
[TS:rate] fps=60.00 vblank_per_s=66.00 game_per_s=8.00 syncv_per_s=0.00
[TS:rate] fps=59.93 vblank_per_s=63.93 game_per_s=7.99 syncv_per_s=0.00
[TS:rate] fps=59.99 vblank_per_s=51.99 game_per_s=6.00 syncv_per_s=0.00
[TS:rate] fps=59.99 vblank_per_s=69.98 game_per_s=8.00 syncv_per_s=0.00
[run:tick] tick=2040 pc=0x200e7c ra=0x200e7c sp=0x1eb1ee0 gp=0x3b47f0 dispfb1=0x11400 display1=0xdf27f000202a4 activeThreads=3 dma=1267 gif=592 gsw=0 vif=448
[TS:rate] fps=60.00 vblank_per_s=46.00 game_per_s=6.00 syncv_per_s=0.00
[TS:rate] fps=60.00 vblank_per_s=64.00 game_per_s=8.00 syncv_per_s=0.00
[TS:rate] fps=59.99 vblank_per_s=65.99 game_per_s=8.00 syncv_per_s=0.00
[TS:rate] fps=59.97 vblank_per_s=54.16 game_per_s=5.80 syncv_per_s=0.00
[run:tick] tick=2160 pc=0x201000 ra=0x201000 sp=0x1ec1f10 gp=0x3b47f0 dispfb1=0x11400 display1=0xdf27f000202a4 activeThreads=3 dma=1312 gif=592 gsw=0 vif=478
[TS:rate] fps=60.00 vblank_per_s=66.00 game_per_s=8.00 syncv_per_s=0.00
[TS:rate] fps=59.98 vblank_per_s=53.98 game_per_s=6.00 syncv_per_s=0.00
[TS:rate] fps=60.00 vblank_per_s=66.00 game_per_s=8.00 syncv_per_s=0.00
[TS:rate] fps=60.00 vblank_per_s=61.94 game_per_s=7.74 syncv_per_s=0.00
[sceSifSetDma:CALL] pc=0x2dd9c8 ra=0x2dd9c8 list=0x1ff2b00 count=1
[sceSifSetDma:DESC] i=0 src=0x1fb19c0 dst=0x16ab00 size=0x40 attr=0x0 pc=0x2dd9c8 ra=0x2dd9c8
[run:tick] tick=2280 pc=0x201000 ra=0x201000 sp=0x1ec1f10 gp=0x3b47f0 dispfb1=0x11400 display1=0xdf27f000202a4 activeThreads=3 dma=1354 gif=592 gsw=0 vif=506
[TS:rate] fps=60.00 vblank_per_s=48.00 game_per_s=6.00 syncv_per_s=0.00
[TS:rate] fps=60.00 vblank_per_s=74.00 game_per_s=16.00 syncv_per_s=0.00
[TS:rate] fps=60.00 vblank_per_s=56.00 game_per_s=14.00 syncv_per_s=0.00
[sceSifSetDma:CALL] pc=0x2dd9c8 ra=0x2dd9c8 list=0x1ff2b00 count=1
[sceSifSetDma:DESC] i=0 src=0x1fb19c0 dst=0x16ab00 size=0x40 attr=0x0 pc=0x2dd9c8 ra=0x2dd9c8
[TS:rate] fps=59.98 vblank_per_s=61.98 game_per_s=15.99 syncv_per_s=0.00
[run:tick] tick=2400 pc=0x201000 ra=0x201000 sp=0x1ec1f10 gp=0x3b47f0 dispfb1=0x11400 display1=0xdf27f000202a4 activeThreads=3 dma=1438 gif=592 gsw=0 vif=562
[TS:rate] fps=60.00 vblank_per_s=60.00 game_per_s=14.00 syncv_per_s=0.00
[MC] GetInfo port=0 type=2 free=8192 format=1 result=0[MC] Sync cmd=1 result=0[MC] GetInfo port=1 type=2 free=8192 format=1 result=0[MC] Sync cmd=1 result=0[TS:rate] fps=60.00 vblank_per_s=62.00 game_per_s=14.00 syncv_per_s=0.00
[MC] GetInfo port=0 type=2 free=8192 format=1 result=0[MC] Sync cmd=1 result=0[TS:rate] fps=60.00 vblank_per_s=56.00 game_per_s=12.00 syncv_per_s=0.00
[MC] GetInfo port=1 type=2 free=8192 format=1 result=0[MC] Sync cmd=1 result=0[TS:rate] fps=59.99 vblank_per_s=63.99 game_per_s=14.00 syncv_per_s=0.00
[MC] GetInfo port=0 type=2 free=8192 format=1 result=0[MC] Sync cmd=1 result=0[run:tick] tick=2520 pc=0x201000 ra=0x201000 sp=0x1ec1f10 gp=0x3b47f0 dispfb1=0x11400 display1=0xdf27f000202a4 activeThreads=3 dma=1515 gif=592 gsw=0 vif=612
[MC] GetInfo port=1 type=2 free=8192 format=1 result=0[TS:rate] fps=60.00 vblank_per_s=58.00 game_per_s=12.00 syncv_per_s=0.00
[MC] Sync cmd=1 result=0[sceSifSetDma:CALL] pc=0x2dd9c8 ra=0x2dd9c8 list=0x1ff2b00 count=1
[sceSifSetDma:DESC] i=0 src=0x1fb19c0 dst=0x16ab00 size=0x40 attr=0x0 pc=0x2dd9c8 ra=0x2dd9c8
[MC] Open port=0 slot=0 flags=0x1 raw='/BASLUS-20090-TS1-OPT/BASLUS-20090-TS1-OPT' guest='/BASLUS-20090-TS1-OPT/BASLUS-20090-TS1-OPT' host='D:\Programming\GitHub\Timesplitters\project\game-data\mc0\BASLUS-20090-TS1-OPT\BASLUS-20090-TS1-OPT' exists=1 parent_exists=1 -> result=1[TS:rate] fps=59.98 vblank_per_s=57.98 game_per_s=12.00 syncv_per_s=0.00
[MC] Sync cmd=2 result=1[MC] Sync cmd=3 result=0[MC] Open port=0 slot=0 flags=0x1 raw='/BASLUS-20090-TS1-OPT/BASLUS-20090-TS1-OPT' guest='/BASLUS-20090-TS1-OPT/BASLUS-20090-TS1-OPT' host='D:\Programming\GitHub\Timesplitters\project\game-data\mc0\BASLUS-20090-TS1-OPT\BASLUS-20090-TS1-OPT' exists=1 parent_exists=1 -> result=2[MC] Sync cmd=2 result=2[TS:rate] fps=60.00 vblank_per_s=62.00 game_per_s=14.00 syncv_per_s=0.00
[MC] Sync cmd=5 result=47000[MC] Sync cmd=3 result=0[TS:rate] fps=60.00 vblank_per_s=60.00 game_per_s=14.00 syncv_per_s=0.00
[run:tick] tick=2640 pc=0x201000 ra=0x201000 sp=0x1ec1f10 gp=0x3b47f0 dispfb1=0x11400 display1=0xdf27f000202a4 activeThreads=3 dma=1591 gif=592 gsw=0 vif=662
[TS:rate] fps=60.00 vblank_per_s=60.00 game_per_s=14.00 syncv_per_s=0.00
[sceSifSetDma:CALL] pc=0x2dd9c8 ra=0x2dd9c8 list=0x1ff2b00 count=1
[sceSifSetDma:DESC] i=0 src=0x1fb19c0 dst=0x16ab00 size=0x40 attr=0x0 pc=0x2dd9c8 ra=0x2dd9c8
[TS:rate] fps=60.00 vblank_per_s=62.00 game_per_s=14.00 syncv_per_s=0.00
[TS:rate] fps=60.00 vblank_per_s=56.00 game_per_s=14.00 syncv_per_s=0.00
[TS:rate] fps=60.00 vblank_per_s=61.94 game_per_s=15.48 syncv_per_s=0.00
[run:tick] tick=2760 pc=0x201000 ra=0x201000 sp=0x1ec1f10 gp=0x3b47f0 dispfb1=0x11400 display1=0xdf27f000202a4 activeThreads=3 dma=1678 gif=592 gsw=0 vif=720
[TS:rate] fps=60.00 vblank_per_s=62.00 game_per_s=14.00 syncv_per_s=0.00
[TS:rate] fps=59.98 vblank_per_s=59.98 game_per_s=14.00 syncv_per_s=0.00
[TS:rate] fps=60.00 vblank_per_s=58.00 game_per_s=14.00 syncv_per_s=0.00
[TS:rate] fps=60.00 vblank_per_s=60.00 game_per_s=14.00 syncv_per_s=0.00
[run:tick] tick=2880 pc=0x201000 ra=0x201000 sp=0x1ec1f10 gp=0x3b47f0 dispfb1=0x11400 display1=0xdf27f000202a4 activeThreads=3 dma=1765 gif=592 gsw=0 vif=778
[sceSifSetDma:CALL] pc=0x2dd9c8 ra=0x2dd9c8 list=0x1ff2b00 count=1
[sceSifSetDma:DESC] i=0 src=0x1fb19c0 dst=0x16ab00 size=0x70 attr=0x0 pc=0x2dd9c8 ra=0x2dd9c8
[TS:rate] fps=60.00 vblank_per_s=62.00 game_per_s=14.00 syncv_per_s=0.00
[TS:rate] fps=60.00 vblank_per_s=58.00 game_per_s=8.00 syncv_per_s=0.00
[sceSifSetDma:CALL] pc=0x2dd9c8 ra=0x2dd9c8 list=0x1ff2b00 count=1
[sceSifSetDma:DESC] i=0 src=0x1fb19c0 dst=0x16ab00 size=0x40 attr=0x0 pc=0x2dd9c8 ra=0x2dd9c8
[TS:rate] fps=60.00 vblank_per_s=60.00 game_per_s=8.00 syncv_per_s=0.00
[sceSifSetDma:CALL] pc=0x2dd9c8 ra=0x2dd9c8 list=0x1ff2b00 count=1
[sceSifSetDma:DESC] i=0 src=0x1fb19c0 dst=0x16ab00 size=0x40 attr=0x0 pc=0x2dd9c8 ra=0x2dd9c8
[TS:rate] fps=60.00 vblank_per_s=61.94 game_per_s=9.68 syncv_per_s=0.00
[run:tick] tick=3000 pc=0x200f64 ra=0x200f64 sp=0x1ec1f10 gp=0x3b47f0 dispfb1=0x11400 display1=0xdf27f000202a4 activeThreads=3 dma=1830 gif=592 gsw=0 vif=814
[sceSifSetDma:CALL] pc=0x2dd9c8 ra=0x2dd9c8 list=0x1ff2b00 count=1
[sceSifSetDma:DESC] i=0 src=0x1fb19c0 dst=0x16ab00 size=0x40 attr=0x0 pc=0x2dd9c8 ra=0x2dd9c8
[TS:rate] fps=59.93 vblank_per_s=59.93 game_per_s=7.99 syncv_per_s=0.00
[TS:rate] fps=60.00 vblank_per_s=60.00 game_per_s=8.00 syncv_per_s=0.00
[TS:rate] fps=60.00 vblank_per_s=56.00 game_per_s=8.00 syncv_per_s=0.00
[sceSifSetDma:CALL] pc=0x2dd9c8 ra=0x2dd9c8 list=0x1ff2b00 count=1
[sceSifSetDma:DESC] i=0 src=0x1fb19c0 dst=0x16ab00 size=0x40 attr=0x0 pc=0x2dd9c8 ra=0x2dd9c8
[TS:rate] fps=60.00 vblank_per_s=58.00 game_per_s=8.00 syncv_per_s=0.00
[run:tick] tick=3120 pc=0x201000 ra=0x201000 sp=0x1ec1f10 gp=0x3b47f0 dispfb1=0x11400 display1=0xdf27f000202a4 activeThreads=3 dma=1925 gif=624 gsw=0 vif=848
[TS:rate] fps=59.97 vblank_per_s=63.97 game_per_s=13.99 syncv_per_s=0.00
[TS:rate] fps=59.98 vblank_per_s=57.98 game_per_s=12.00 syncv_per_s=0.00
[TS:rate] fps=60.00 vblank_per_s=62.00 game_per_s=12.00 syncv_per_s=0.00
[TS:rate] fps=60.00 vblank_per_s=60.00 game_per_s=12.00 syncv_per_s=0.00
[run:tick] tick=3240 pc=0x201000 ra=0x201000 sp=0x1ec1f10 gp=0x3b47f0 dispfb1=0x11400 display1=0xdf27f000202a4 activeThreads=3 dma=2010 gif=624 gsw=0 vif=898
[TS:rate] fps=60.00 vblank_per_s=62.00 game_per_s=12.00 syncv_per_s=0.00
[sceSifSetDma:CALL] pc=0x2dd9c8 ra=0x2dd9c8 list=0x1ff2b00 count=1
[sceSifSetDma:DESC] i=0 src=0x1fb19c0 dst=0x16ab00 size=0x40 attr=0x0 pc=0x2dd9c8 ra=0x2dd9c8
[TS:rate] fps=60.00 vblank_per_s=56.00 game_per_s=12.00 syncv_per_s=0.00
[sceSifSetDma:CALL] pc=0x2dd9c8 ra=0x2dd9c8 list=0x1ff2b00 count=1
[sceSifSetDma:DESC] i=0 src=0x1fb19c0 dst=0x16ab00 size=0x40 attr=0x0 pc=0x2dd9c8 ra=0x2dd9c8
[TS:rate] fps=59.90 vblank_per_s=59.90 game_per_s=9.98 syncv_per_s=0.00
[sceSifSetDma:CALL] pc=0x2dd9c8 ra=0x2dd9c8 list=0x1ff2b00 count=1
[sceSifSetDma:DESC] i=0 src=0x1fb19c0 dst=0x16ab00 size=0x40 attr=0x0 pc=0x2dd9c8 ra=0x2dd9c8
[TS:rate] fps=59.98 vblank_per_s=63.98 game_per_s=12.00 syncv_per_s=0.00
[run:tick] tick=3360 pc=0x2630ec ra=0x2630ec sp=0x1eb1840 gp=0x3b47f0 dispfb1=0x11400 display1=0xdf27f000202a4 activeThreads=3 dma=2118 gif=656 gsw=0 vif=940
[TS:rate] fps=59.95 vblank_per_s=59.95 game_per_s=7.99 syncv_per_s=0.00
[TS:rate] fps=60.00 vblank_per_s=60.00 game_per_s=10.00 syncv_per_s=0.00
[TS:rate] fps=60.00 vblank_per_s=60.00 game_per_s=12.00 syncv_per_s=0.00
[TS:rate] fps=59.98 vblank_per_s=57.98 game_per_s=10.00 syncv_per_s=0.00
[run:tick] tick=3480 pc=0x200f64 ra=0x200f64 sp=0x1ec1f10 gp=0x3b47f0 dispfb1=0x11400 display1=0xdf27f000202a4 activeThreads=3 dma=2193 gif=656 gsw=0 vif=982
[TS:rate] fps=59.99 vblank_per_s=61.99 game_per_s=12.00 syncv_per_s=0.00
[TS:rate] fps=60.00 vblank_per_s=60.00 game_per_s=10.00 syncv_per_s=0.00
[TS:rate] fps=60.00 vblank_per_s=60.00 game_per_s=10.00 syncv_per_s=0.00
[TS:rate] fps=59.95 vblank_per_s=59.95 game_per_s=9.99 syncv_per_s=0.00
[run:tick] tick=3600 pc=0x201000 ra=0x201000 sp=0x1ec1f10 gp=0x3b47f0 dispfb1=0x11400 display1=0xdf27f000202a4 activeThreads=3 dma=2267 gif=656 gsw=0 vif=1024
Game thread returned. PC=0x201000 RA=0x20184c
[run] exiting loop[TS:state] tag=stopped elapsed=60 pc=0x2d0048 local_players=1 active_characters=0 player=0x1de1850 prop=0x0 prop_valid=0 health=0 mcseq_state=3 mcard_state=0 mcard_result=1 mcard_port=0 mcard_slot=0 checkcards={port=2,slot=0,type=2,free=8192,format=1} mkdir_overwriteok=0 menu_selection=0 mcseq_globals=[0x1fc0a98,0x1fc3470,0x1fc3570,0x0,0x0] mc_last_cmd=3 mc_last_result=0 mc_last_port=0 mc_last_slot=0 mc_last_flags=0x1 mc_last_raw='/BASLUS-20090-TS1-OPT/BASLUS-20090-TS1-OPT' mc_last_guest='/BASLUS-20090-TS1-OPT/BASLUS-20090-TS1-OPT' mc_last_host='D:\Programming\GitHub\Timesplitters\project\game-data\mc0\BASLUS-20090-TS1-OPT\BASLUS-20090-TS1-OPT' mc_open_files=0 mc0={fmt=1,cwd='/'} mc1={fmt=1,cwd='/'} current_front=0x352da0 current_front_index=0 current_front_words=[0x0,0x1fc01d0,0x1fbd1d0,0x0,0x0,0x1,0x0,0x0,0x0,0x0,0x0] current_front_f14=0x1 current_front_f18=0x0 current_front_f1c=0x0 current_page=0x1fc01e0[0x356578,0x29a,0x1fbd1d0,0x0] current_page_boxbase=0x1fbd1d0 current_page_boxcount=0 dma=2270 gif=656 vif=1026 front0={v0=0x0 f14=0x1 f18=0x0 f1c=0x0} front1={v0=0x1 f14=0x0 f18=0x0 f1c=0x0} front2={v0=0x2 f14=0x0 f18=0x0 f1c=0x0} front3={v0=0x3 f14=0x0 f18=0x0 f1c=0x0}
[TS:stopped] timeout=1 pc=0x2d0048 dma=2270 gif=656 gs=0 vif=1026 threads=3
[TS:kernel] cycles=17709969753 running=3
[TS:thread] id=1 status=2 wait=1 waitid=0 depth=0 pc=0x2d0048 ra=0x20184c sp=0x1ffff20 entry=0x200008
[TS:thread] id=2 status=2 wait=2 waitid=4 depth=0 pc=0x2d0168 ra=0x200e7c sp=0x1eb1ee0 entry=0x200c48
[TS:thread] id=3 status=0 wait=0 waitid=0 depth=0 pc=0x201064 ra=0x201064 sp=0x1ec1f10 entry=0x200f20
[TS:semaphore] id=1 count=0 max=1 waiters=0
[TS:semaphore] id=2 count=0 max=1 waiters=0
[TS:semaphore] id=3 count=0 max=1 waiters=0
[TS:semaphore] id=4 count=0 max=1 waiters=1
[TS:registers] thread=1 pc=0x2d0048
[TS:reg] t=1 n=0 lo=0x0 hi=0x0 fbits=0x3e800000 f=0.25
[TS:reg] t=1 n=1 lo=0x3e800000 hi=0x0 fbits=0x0 f=0
[TS:reg] t=1 n=2 lo=0x0 hi=0x0 fbits=0x0 f=0
[TS:reg] t=1 n=3 lo=0x32 hi=0x0 fbits=0x0 f=0
[TS:reg] t=1 n=4 lo=0x0 hi=0x0 fbits=0x0 f=0
[TS:reg] t=1 n=5 lo=0x0 hi=0x0 fbits=0x0 f=0
[TS:reg] t=1 n=6 lo=0x10000 hi=0x0 fbits=0x0 f=0
[TS:reg] t=1 n=7 lo=0x1 hi=0x0 fbits=0x0 f=0
[TS:reg] t=1 n=8 lo=0x2 hi=0x0 fbits=0x0 f=0
[TS:reg] t=1 n=9 lo=0x0 hi=0x0 fbits=0x0 f=0
[TS:reg] t=1 n=10 lo=0x0 hi=0x0 fbits=0x0 f=0
[TS:reg] t=1 n=11 lo=0x7fffffff hi=0x0 fbits=0x0 f=0
[TS:reg] t=1 n=12 lo=0xfffffffff0000000 hi=0x0 fbits=0xbb491000 f=-0.0031
[TS:reg] t=1 n=13 lo=0xccccccc hi=0x0 fbits=0x0 f=0
[TS:reg] t=1 n=14 lo=0xcccccccc hi=0x0 fbits=0x0 f=0
[TS:reg] t=1 n=15 lo=0x7 hi=0x0 fbits=0x0 f=0
[TS:reg] t=1 n=16 lo=0x1eb0000 hi=0x0 fbits=0x0 f=0
[TS:reg] t=1 n=17 lo=0x1ec0000 hi=0x0 fbits=0x0 f=0
[TS:reg] t=1 n=18 lo=0x1e90000 hi=0x0 fbits=0x0 f=0
[TS:reg] t=1 n=19 lo=0x200000 hi=0x0 fbits=0x0 f=0
[TS:reg] t=1 n=20 lo=0x1eb0000 hi=0x0 fbits=0x0 f=0
[TS:reg] t=1 n=21 lo=0x3b47f0 hi=0x0 fbits=0x0 f=0
[TS:reg] t=1 n=22 lo=0x1fb0000 hi=0x0 fbits=0x0 f=0
[TS:reg] t=1 n=23 lo=0x200000 hi=0x0 fbits=0x0 f=0
[TS:reg] t=1 n=24 lo=0x1fffe20 hi=0x0 fbits=0x0 f=0
[TS:reg] t=1 n=25 lo=0x0 hi=0x0 fbits=0x0 f=0
[TS:reg] t=1 n=26 lo=0x0 hi=0x0 fbits=0x0 f=0
[TS:reg] t=1 n=27 lo=0x0 hi=0x0 fbits=0x0 f=0
[TS:reg] t=1 n=28 lo=0x3b47f0 hi=0x0 fbits=0x0 f=0
[TS:reg] t=1 n=29 lo=0x1ffff20 hi=0x0 fbits=0x0 f=0
[TS:reg] t=1 n=30 lo=0x2f2c30 hi=0x0 fbits=0x0 f=0
[TS:reg] t=1 n=31 lo=0x20184c hi=0x0 fbits=0x0 f=0
[TS:registers] thread=2 pc=0x2d0168
[TS:reg] t=2 n=0 lo=0x0 hi=0x0 fbits=0x403fe0cb f=3
[TS:reg] t=2 n=1 lo=0x41800000 hi=0x0 fbits=0x4444c000 f=7.9e+02
[TS:reg] t=2 n=2 lo=0x1 hi=0x0 fbits=0x43340000 f=1.8e+02
[TS:reg] t=2 n=3 lo=0x44 hi=0x0 fbits=0x44f20000 f=1.9e+03
[TS:reg] t=2 n=4 lo=0x4 hi=0x0 fbits=0xc6fffe00 f=-3.3e+04
[TS:reg] t=2 n=5 lo=0x0 hi=0x0 fbits=0x42e00000 f=1.1e+02
[TS:reg] t=2 n=6 lo=0x109810 hi=0x0 fbits=0x43a00000 f=3.2e+02
[TS:reg] t=2 n=7 lo=0x10000000 hi=0x0 fbits=0x0 f=0
[TS:reg] t=2 n=8 lo=0xe hi=0x0 fbits=0xbf800000 f=-1
[TS:reg] t=2 n=9 lo=0x11000000 hi=0x0 fbits=0xbf800000 f=-1
[TS:reg] t=2 n=10 lo=0x60 hi=0x0 fbits=0x80000000 f=-0
[TS:reg] t=2 n=11 lo=0x5e8 hi=0x0 fbits=0x0 f=0
[TS:reg] t=2 n=12 lo=0x108760 hi=0x0 fbits=0x44020000 f=5.2e+02
[TS:reg] t=2 n=13 lo=0x380000 hi=0x0 fbits=0x432d0000 f=1.7e+02
[TS:reg] t=2 n=14 lo=0x1d119a0 hi=0x0 fbits=0x440a0000 f=5.5e+02
[TS:reg] t=2 n=15 lo=0x2 hi=0x0 fbits=0x43350000 f=1.8e+02
[TS:reg] t=2 n=16 lo=0xfffffff hi=0x0 fbits=0xbfc90fdb f=-1.6
[TS:reg] t=2 n=17 lo=0x1 hi=0x0 fbits=0x0 f=0
[TS:reg] t=2 n=18 lo=0x2f2c00 hi=0x0 fbits=0x0 f=0
[TS:reg] t=2 n=19 lo=0xc hi=0x0 fbits=0x3f800000 f=1
[TS:reg] t=2 n=20 lo=0x2f0000 hi=0x0 fbits=0x0 f=0
[TS:reg] t=2 n=21 lo=0x1 hi=0x0 fbits=0x0 f=0
[TS:reg] t=2 n=22 lo=0x380000 hi=0x0 fbits=0x0 f=0
[TS:reg] t=2 n=23 lo=0x3adb00 hi=0x0 fbits=0x0 f=0
[TS:reg] t=2 n=24 lo=0x2 hi=0x0 fbits=0x0 f=0
[TS:reg] t=2 n=25 lo=0x17b hi=0x0 fbits=0x0 f=0
[TS:reg] t=2 n=26 lo=0x0 hi=0x0 fbits=0x0 f=0
[TS:reg] t=2 n=27 lo=0x0 hi=0x0 fbits=0x0 f=0
[TS:reg] t=2 n=28 lo=0x3b47f0 hi=0x0 fbits=0x0 f=0
[TS:reg] t=2 n=29 lo=0x1eb1ee0 hi=0x0 fbits=0x0 f=0
[TS:reg] t=2 n=30 lo=0x380000 hi=0x0 fbits=0x0 f=0
[TS:reg] t=2 n=31 lo=0x200e7c hi=0x0 fbits=0x0 f=0
[TS:registers] thread=3 pc=0x201064
[TS:reg] t=3 n=0 lo=0x0 hi=0x0 fbits=0x407f832b f=4
[TS:reg] t=3 n=1 lo=0x43000000 hi=0x0 fbits=0x44830000 f=1e+03
[TS:reg] t=3 n=2 lo=0x0 hi=0x0 fbits=0x0 f=0
[TS:reg] t=3 n=3 lo=0x64 hi=0x0 fbits=0x0 f=0
[TS:reg] t=3 n=4 lo=0x10009000 hi=0x0 fbits=0x0 f=0
[TS:reg] t=3 n=5 lo=0x100000 hi=0x0 fbits=0x0 f=0
[TS:reg] t=3 n=6 lo=0x100000 hi=0x0 fbits=0x0 f=0
[TS:reg] t=3 n=7 lo=0x0 hi=0x0 fbits=0x0 f=0
[TS:reg] t=3 n=8 lo=0x2 hi=0x0 fbits=0x0 f=0
[TS:reg] t=3 n=9 lo=0x0 hi=0x0 fbits=0x0 f=0
[TS:reg] t=3 n=10 lo=0x50 hi=0x0 fbits=0x0 f=0
[TS:reg] t=3 n=11 lo=0x51 hi=0x0 fbits=0x0 f=0
[TS:reg] t=3 n=12 lo=0x60 hi=0x0 fbits=0x0 f=0
[TS:reg] t=3 n=13 lo=0x1 hi=0x0 fbits=0x0 f=0
[TS:reg] t=3 n=14 lo=0x53 hi=0x0 fbits=0x0 f=0
[TS:reg] t=3 n=15 lo=0x52 hi=0x0 fbits=0x0 f=0
[TS:reg] t=3 n=16 lo=0x24c hi=0x0 fbits=0x0 f=0
[TS:reg] t=3 n=17 lo=0x1 hi=0x0 fbits=0x0 f=0
[TS:reg] t=3 n=18 lo=0x3adb00 hi=0x0 fbits=0x0 f=0
[TS:reg] t=3 n=19 lo=0x380000 hi=0x0 fbits=0x0 f=0
[TS:reg] t=3 n=20 lo=0x200000 hi=0x0 fbits=0x0 f=0
[TS:reg] t=3 n=21 lo=0x2f0000 hi=0x0 fbits=0x0 f=0
[TS:reg] t=3 n=22 lo=0x0 hi=0x0 fbits=0x0 f=0
[TS:reg] t=3 n=23 lo=0x0 hi=0x0 fbits=0x0 f=0
[TS:reg] t=3 n=24 lo=0x0 hi=0x0 fbits=0x0 f=0
[TS:reg] t=3 n=25 lo=0x0 hi=0x0 fbits=0x0 f=0
[TS:reg] t=3 n=26 lo=0x0 hi=0x0 fbits=0x0 f=0
[TS:reg] t=3 n=27 lo=0x0 hi=0x0 fbits=0x0 f=0
[TS:reg] t=3 n=28 lo=0x3b47f0 hi=0x0 fbits=0x0 f=0
[TS:reg] t=3 n=29 lo=0x1ec1f10 hi=0x0 fbits=0x0 f=0
[TS:reg] t=3 n=30 lo=0x0 hi=0x0 fbits=0x0 f=0
[TS:reg] t=3 n=31 lo=0x201064 hi=0x0 fbits=0x0 f=0
[TS:DMA] ch=0 chcr=0x0 madr=0x0 qwc=0x0 tadr=0x0 sadr=0x0
[TS:DMA] ch=1 chcr=0x70000085 madr=0x0 qwc=0x0 tadr=0x109810 sadr=0x0
[TS:DMA] ch=2 chcr=0x1 madr=0x1fedb00 qwc=0x0 tadr=0x3136b0 sadr=0x0
[TS:DMA] ch=3 chcr=0x0 madr=0x0 qwc=0x0 tadr=0x0 sadr=0x0
[TS:DMA] ch=4 chcr=0x0 madr=0x0 qwc=0x0 tadr=0x0 sadr=0x0
[TS:DMA] ch=5 chcr=0x0 madr=0x0 qwc=0x0 tadr=0x0 sadr=0x0
[TS:DMA] ch=6 chcr=0x0 madr=0x0 qwc=0x0 tadr=0x0 sadr=0x0
[TS:DMA] ch=7 chcr=0x0 madr=0x0 qwc=0x0 tadr=0x0 sadr=0x0
[TS:DMA] ch=8 chcr=0x0 madr=0x0 qwc=0x0 tadr=0x0 sadr=0x0
[TS:DMA] ch=9 chcr=0x0 madr=0x0 qwc=0x0 tadr=0x0 sadr=0x0
[TS:original] numdmafail=0
[TS:VIF] unit=0 stat=0x0 code=0x0 err=0x0 cycle=0x0 num=0x0 top=0x0 tops=0x0
[TS:VIF] unit=1 stat=0x80 code=0x0 err=0x0 cycle=0x404 num=0x0 top=0x8c tops=0x246
[TS:IOP] cycles=2206040006 instructions=2209 modules=8 threads=12 rpcservers=10
[TS:IOP-service] MCSERV active=1 unknown_rpc_logs=0
[TS:IOP-service] dbcman active=0 reported_version=784 version_queries=0 failed_version_replies=0 unknown_rpc_logs=0
[TS:IOP-service] libsd active=1
[TS:sound-memory] writes=7 bytes_written=57856 reads=0 bytes_read=0 note=memory-transfers-not-mixed-audio
