Original game files and ISO verified
{
  "returncode": 10,
  "outer_killed": false,
  "elapsed_seconds": 90.3581085479999,
  "screenshots": [
    "ts03-recovery-name-002.png",
    "ts03-recovery-name-007.png",
    "ts03-recovery-name-012.png",
    "ts03-recovery-name-017.png",
    "ts03-recovery-name-022.png",
    "ts03-recovery-name-027.png",
    "ts03-recovery-name-032.png",
    "ts03-recovery-name-037.png",
    "ts03-recovery-name-042.png",
    "ts03-recovery-name-047.png",
    "ts03-recovery-name-052.png",
    "ts03-recovery-name-057.png",
    "ts03-recovery-name-062.png",
    "ts03-recovery-name-067.png",
    "ts03-recovery-name-072.png",
    "ts03-recovery-name-077.png",
    "ts03-recovery-name-082.png",
    "ts03-recovery-name-087.png"
  ],
  "binary": "/mnt/data/TimeSplitters_TS03_Checkpoint/build/timesplitters/timesplitters",
  "binary_sha256": "1ba8ca0d328c0d9d666cba7796bed487fb6fccb27604f1494d6501c1182c5737",
  "input": [
    {
      "requested": 35.0,
      "actual": 35.05002460200001,
      "action": "keydown",
      "key": "Return",
      "window": "2097159",
      "returncode": 0,
      "stderr": ""
    },
    {
      "requested": 35.35,
      "actual": 35.389463823999904,
      "action": "keyup",
      "key": "Return",
      "window": "2097159",
      "returncode": 0,
      "stderr": ""
    },
    {
      "requested": 40.0,
      "actual": 40.049381369,
      "action": "keydown",
      "key": "Up",
      "window": "2097159",
      "returncode": 0,
      "stderr": ""
    },
    {
      "requested": 40.35,
      "actual": 40.38597435499992,
      "action": "keyup",
      "key": "Up",
      "window": "2097159",
      "returncode": 0,
      "stderr": ""
    },
    {
      "requested": 44.0,
      "actual": 44.039393993999965,
      "action": "keydown",
      "key": "x",
      "window": "2097159",
      "returncode": 0,
      "stderr": ""
    },
    {
      "requested": 44.35,
      "actual": 44.37590275899993,
      "action": "keyup",
      "key": "x",
      "window": "2097159",
      "returncode": 0,
      "stderr": ""
    },
    {
      "requested": 62.0,
      "actual": 62.042518051,
      "action": "keydown",
      "key": "x",
      "window": "2097159",
      "returncode": 0,
      "stderr": ""
    },
    {
      "requested": 62.35,
      "actual": 62.40145093499996,
      "action": "keyup",
      "key": "x",
      "window": "2097159",
      "returncode": 0,
      "stderr": ""
    },
    {
      "requested": 68.0,
      "actual": 68.02316265599995,
      "action": "keydown",
      "key": "Up",
      "window": "2097159",
      "returncode": 0,
      "stderr": ""
    },
    {
      "requested": 68.35,
      "actual": 68.3997181279999,
      "action": "keyup",
      "key": "Up",
      "window": "2097159",
      "returncode": 0,
      "stderr": ""
    },
    {
      "requested": 72.0,
      "actual": 72.04152998099994,
      "action": "keydown",
      "key": "Left",
      "window": "2097159",
      "returncode": 0,
      "stderr": ""
    },
    {
      "requested": 72.35,
      "actual": 72.40471418999994,
      "action": "keyup",
      "key": "Left",
      "window": "2097159",
      "returncode": 0,
      "stderr": ""
    },
    {
      "requested": 75.0,
      "actual": 75.04050900199991,
      "action": "keydown",
      "key": "x",
      "window": "2097159",
      "returncode": 0,
      "stderr": ""
    },
    {
      "requested": 75.35,
      "actual": 75.37750060499991,
      "action": "keyup",
      "key": "x",
      "window": "2097159",
      "returncode": 0,
      "stderr": ""
    }
  ],
  "undelivered": [],
  "execution": "native x86-64 EE AOT with PS2Recomp runtime HLE/IOP/VU support",
  "reference_pcsx2_run": false
}
