Reading package lists...
Building dependency tree...
Reading state information...
The following additional packages will be installed:
  libasound2-data libasound2t64 libcapstone5 libclang-common-19-dev
  libclang-cpp19 libclang1-19 libgc1 libglx-dev libobjc-14-dev libobjc4
  libxdo3 libxext-dev libxfixes-dev libxrender-dev llvm-19-linker-tools
The following NEW packages will be installed:
  7zip binutils-mipsel-linux-gnu clang-19 genisoimage libasound2-dev
  libavcodec-dev libavformat-dev libavutil-dev libcapstone5
  libclang-common-19-dev libclang-cpp19 libclang1-19 libgc1 libgl-dev
  libglx-dev libobjc-14-dev libobjc4 libswresample-dev libswscale-dev
  libxcursor-dev libxdo3 libxext-dev libxfixes-dev libxi-dev libxinerama-dev
  libxrandr-dev libxrender-dev lld-19 llvm-19-linker-tools python3-capstone
  python3-pycdlib python3-pyelftools xdotool
The following packages will be upgraded:
  libasound2-data libasound2t64
2 upgraded, 33 newly installed, 0 to remove and 541 not upgraded.
Inst 7zip (25.01+dfsg-1~deb13u2 localhost [amd64])
Inst binutils-mipsel-linux-gnu (2.44-3cross1+nmu1+b1 localhost [amd64])
Inst libclang-cpp19 (1:19.1.7-3+b1 localhost [amd64])
Inst libgc1 (1:8.2.8-1 localhost [amd64])
Inst libobjc4 (14.2.0-19 localhost [amd64])
Inst libobjc-14-dev (14.2.0-19 localhost [amd64])
Inst libclang-common-19-dev (1:19.1.7-3+b1 localhost [amd64])
Inst llvm-19-linker-tools (1:19.1.7-3+b1 localhost [amd64])
Inst libclang1-19 (1:19.1.7-3+b1 localhost [amd64])
Inst clang-19 (1:19.1.7-3+b1 localhost [amd64])
Inst genisoimage (9:1.1.11-4 localhost [amd64])
Inst libasound2t64 [1.2.14-1] (1.2.14-1+deb13u1 localhost [amd64]) []
Inst libasound2-data [1.2.14-1] (1.2.14-1+deb13u1 localhost [all])
Inst libasound2-dev (1.2.14-1+deb13u1 localhost [amd64])
Inst libavutil-dev (7:7.1.5-0+deb13u1 localhost [amd64])
Inst libswresample-dev (7:7.1.5-0+deb13u1 localhost [amd64])
Inst libavcodec-dev (7:7.1.5-0+deb13u1 localhost [amd64])
Inst libavformat-dev (7:7.1.5-0+deb13u1 localhost [amd64])
Inst libcapstone5 (5.0.7-1~deb13u1 localhost [amd64])
Inst libglx-dev (1.7.0-1+b2 localhost [amd64])
Inst libgl-dev (1.7.0-1+b2 localhost [amd64])
Inst libswscale-dev (7:7.1.5-0+deb13u1 localhost [amd64])
Inst libxrender-dev (1:0.9.12-1 localhost [amd64])
Inst libxfixes-dev (1:6.0.0-2+b4 localhost [amd64])
Inst libxcursor-dev (1:1.2.3-1 localhost [amd64])
Inst libxdo3 (1:3.20160805.1-5.1 localhost [amd64])
Inst libxext-dev (2:1.3.4-1+b3 localhost [amd64])
Inst libxi-dev (2:1.8.2-1 localhost [amd64])
Inst libxinerama-dev (2:1.1.4-3+b4 localhost [amd64])
Inst libxrandr-dev (2:1.5.4-1+b3 localhost [amd64])
Inst lld-19 (1:19.1.7-3+b1 localhost [amd64])
Inst python3-capstone (5.0.7-1~deb13u1 localhost [amd64])
Inst python3-pycdlib (1.12.0+ds1-7 localhost [all])
Inst python3-pyelftools (0.32-1 localhost [all])
Inst xdotool (1:3.20160805.1-5.1 localhost [amd64])
Conf 7zip (25.01+dfsg-1~deb13u2 localhost [amd64])
Conf binutils-mipsel-linux-gnu (2.44-3cross1+nmu1+b1 localhost [amd64])
Conf libclang-cpp19 (1:19.1.7-3+b1 localhost [amd64])
Conf libgc1 (1:8.2.8-1 localhost [amd64])
Conf libobjc4 (14.2.0-19 localhost [amd64])
Conf libobjc-14-dev (14.2.0-19 localhost [amd64])
Conf libclang-common-19-dev (1:19.1.7-3+b1 localhost [amd64])
Conf llvm-19-linker-tools (1:19.1.7-3+b1 localhost [amd64])
Conf libclang1-19 (1:19.1.7-3+b1 localhost [amd64])
Conf clang-19 (1:19.1.7-3+b1 localhost [amd64])
Conf genisoimage (9:1.1.11-4 localhost [amd64])
Conf libasound2t64 (1.2.14-1+deb13u1 localhost [amd64])
Conf libasound2-data (1.2.14-1+deb13u1 localhost [all])
Conf libasound2-dev (1.2.14-1+deb13u1 localhost [amd64])
Conf libavutil-dev (7:7.1.5-0+deb13u1 localhost [amd64])
Conf libswresample-dev (7:7.1.5-0+deb13u1 localhost [amd64])
Conf libavcodec-dev (7:7.1.5-0+deb13u1 localhost [amd64])
Conf libavformat-dev (7:7.1.5-0+deb13u1 localhost [amd64])
Conf libcapstone5 (5.0.7-1~deb13u1 localhost [amd64])
Conf libglx-dev (1.7.0-1+b2 localhost [amd64])
Conf libgl-dev (1.7.0-1+b2 localhost [amd64])
Conf libswscale-dev (7:7.1.5-0+deb13u1 localhost [amd64])
Conf libxrender-dev (1:0.9.12-1 localhost [amd64])
Conf libxfixes-dev (1:6.0.0-2+b4 localhost [amd64])
Conf libxcursor-dev (1:1.2.3-1 localhost [amd64])
Conf libxdo3 (1:3.20160805.1-5.1 localhost [amd64])
Conf libxext-dev (2:1.3.4-1+b3 localhost [amd64])
Conf libxi-dev (2:1.8.2-1 localhost [amd64])
Conf libxinerama-dev (2:1.1.4-3+b4 localhost [amd64])
Conf libxrandr-dev (2:1.5.4-1+b3 localhost [amd64])
Conf lld-19 (1:19.1.7-3+b1 localhost [amd64])
Conf python3-capstone (5.0.7-1~deb13u1 localhost [amd64])
Conf python3-pycdlib (1.12.0+ds1-7 localhost [all])
Conf python3-pyelftools (0.32-1 localhost [all])
Conf xdotool (1:3.20160805.1-5.1 localhost [amd64])
