[0/2] Re-checking globbed directories...
[1/137] Building CXX object ps2xRuntime/CMakeFiles/ps2_runtime.dir/src/lib/ps2_audio.cpp.o
[2/137] Building CXX object ps2xRuntime/CMakeFiles/ps2_runtime.dir/src/lib/game_overrides.cpp.o
[3/137] Building CXX object ps2xRuntime/CMakeFiles/ps2_runtime.dir/src/lib/ps2_iop_host.cpp.o
[4/137] Building CXX object ps2xRuntime/CMakeFiles/ps2_runtime.dir/src/lib/ps2_runtime.cpp.o
[5/137] Building CXX object ps2xRuntime/CMakeFiles/ps2_runtime.dir/src/lib/Kernel/Stubs/Audio.cpp.o
[6/137] Building CXX object ps2xRuntime/CMakeFiles/ps2_runtime.dir/src/lib/Kernel/Stubs/Compatibility.cpp.o
[7/137] Building CXX object ps2xRuntime/CMakeFiles/ps2_runtime.dir/src/lib/Kernel/Stubs/DMA.cpp.o
[8/137] Building CXX object ps2xRuntime/CMakeFiles/ps2_runtime.dir/src/lib/Kernel/EeScheduler.cpp.o
[9/137] Building CXX object ps2xRuntime/CMakeFiles/ps2_runtime.dir/src/lib/Kernel/Stubs/CD.cpp.o
[10/137] Building CXX object ps2xRuntime/CMakeFiles/ps2_runtime.dir/src/lib/Kernel/Stubs/Deci2.cpp.o
[11/137] Building CXX object ps2xRuntime/CMakeFiles/ps2_runtime.dir/src/lib/Kernel/Stubs/FileIO.cpp.o
[12/137] Building CXX object ps2xRuntime/CMakeFiles/ps2_runtime.dir/src/lib/Kernel/Stubs/Font.cpp.o
[13/137] Building CXX object ps2xRuntime/CMakeFiles/ps2_runtime.dir/src/lib/Kernel/Stubs/GS.cpp.o
[14/137] Building CXX object ps2xRuntime/CMakeFiles/ps2_runtime.dir/src/lib/Kernel/Stubs/IPU.cpp.o
[15/137] Building CXX object ps2xRuntime/CMakeFiles/ps2_runtime.dir/src/lib/Kernel/Stubs/LibC.cpp.o
[16/137] Building CXX object ps2xRuntime/CMakeFiles/ps2_runtime.dir/src/lib/Kernel/Stubs/MemoryCard.cpp.o
[17/137] Building CXX object ps2xRuntime/CMakeFiles/ps2_runtime.dir/src/lib/Kernel/Stubs/MPEG.cpp.o
[18/137] Building CXX object ps2xRuntime/CMakeFiles/ps2_runtime.dir/src/lib/Kernel/Stubs/Pad.cpp.o
[19/137] Building CXX object ps2xRuntime/CMakeFiles/ps2_runtime.dir/src/lib/Kernel/Stubs/RPC.cpp.o
[20/137] Building CXX object ps2xRuntime/CMakeFiles/ps2_runtime.dir/src/lib/Kernel/Stubs/System.cpp.o
[21/137] Building CXX object ps2xRuntime/CMakeFiles/ps2_runtime.dir/src/lib/Kernel/Stubs/TTY.cpp.o
[22/137] Building CXX object ps2xRuntime/CMakeFiles/ps2_runtime.dir/src/lib/Kernel/Stubs/Unimplemented.cpp.o
[23/137] Building CXX object ps2xRuntime/CMakeFiles/ps2_runtime.dir/src/lib/Kernel/Stubs/SIF.cpp.o
[24/137] Building CXX object ps2xRuntime/CMakeFiles/ps2_runtime.dir/src/lib/Kernel/Stubs/VU.cpp.o
[25/137] Building CXX object ps2xRuntime/CMakeFiles/ps2_runtime.dir/src/lib/Kernel/Syscalls/Deci2.cpp.o
[26/137] Building CXX object ps2xRuntime/CMakeFiles/ps2_runtime.dir/src/lib/Kernel/Syscalls/Dispatcher.cpp.o
[27/137] Building CXX object ps2xRuntime/CMakeFiles/ps2_runtime.dir/src/lib/Kernel/Syscalls/FileIO.cpp.o
[28/137] Building CXX object ps2xRuntime/CMakeFiles/ps2_runtime.dir/src/lib/Kernel/Syscalls/Interrupt.cpp.o
[29/137] Building CXX object ps2xRuntime/CMakeFiles/ps2_runtime.dir/src/lib/Kernel/Syscalls/Sync.cpp.o
[30/137] Building CXX object ps2xRuntime/CMakeFiles/ps2_runtime.dir/src/lib/Kernel/Syscalls/RPC.cpp.o
[31/137] Building CXX object ps2xRuntime/CMakeFiles/ps2EntryRunner.dir/cmake_pch.hxx.pch
[32/137] Building CXX object ps2xRuntime/CMakeFiles/ps2_runtime.dir/src/lib/Kernel/Syscalls/Thread.cpp.o
[33/137] Building CXX object ps2xRuntime/CMakeFiles/ps2_runtime.dir/src/lib/Kernel/Syscalls/System.cpp.o
[34/137] Linking CXX static library ps2xRuntime/libps2_runtime.a
[35/137] Building CXX object ps2xTest/CMakeFiles/ps2_test_lib.dir/src/pad_input_tests.cpp.o
[36/137] Building CXX object ps2xTest/CMakeFiles/ps2_test_lib.dir/src/ps2_runtime_interrupt_tests.cpp.o
[37/137] Building CXX object ps2xTest/CMakeFiles/ps2_test_lib.dir/src/ps2_runtime_io_tests.cpp.o
[38/137] Building CXX object ps2xTest/CMakeFiles/ps2_test_lib.dir/src/ps2_runtime_kernel_tests.cpp.o
[39/137] Building CXX object ps2xTest/CMakeFiles/ps2_test_lib.dir/src/ps2_vu_tests.cpp.o
[40/137] Building CXX object ps2xTest/CMakeFiles/ps2_test_lib.dir/src/ps2_memory_tests.cpp.o
[41/137] Building CXX object ps2xTest/CMakeFiles/ps2_test_lib.dir/src/ps2_sif_rpc_tests.cpp.o
[42/137] Building CXX object ps2xTest/CMakeFiles/ps2_test_lib.dir/src/ps2_sif_dma_tests.cpp.o
[43/137] Building CXX object timesplitters/CMakeFiles/timesplitters.dir/cmake_pch.hxx.pch
[44/137] Building CXX object ps2xTest/CMakeFiles/ps2_test_lib.dir/src/ps2_gs_tests.cpp.o
In file included from /mnt/data/TimeSplitters_TS05_Checkpoint/source/PS2Recomp/ps2xTest/src/ps2_gs_tests.cpp:8:
/mnt/data/TimeSplitters_TS05_Checkpoint/source/PS2Recomp/ps2xRuntime/include/runtime/gs/ps2_gs_memory.h:68:11: warning: enumeration value 'Max' not handled in switch [-Wswitch]
   68 |                 switch (psm)
      |                         ^~~
/mnt/data/TimeSplitters_TS05_Checkpoint/source/PS2Recomp/ps2xRuntime/include/runtime/gs/ps2_gs_memory.h:92:11: warning: enumeration value 'Max' not handled in switch [-Wswitch]
   92 |                 switch (psm)
      |                         ^~~
/mnt/data/TimeSplitters_TS05_Checkpoint/source/PS2Recomp/ps2xRuntime/include/runtime/gs/ps2_gs_memory.h:169:11: warning: 9 enumeration values not handled in switch: 'C32', 'C24', 'C16'... [-Wswitch]
  169 |                 switch (psm)
      |                         ^~~
3 warnings generated.
[45/137] Building CXX object ps2xTest/CMakeFiles/ps2_test_function_table.dir/src/test_function_table.cpp.o
[46/137] Building CXX object ps2xTest/CMakeFiles/ps2_test_lib.dir/src/ps2_runtime_expansion_tests.cpp.o
[47/137] Linking CXX static library ps2xTest/libps2_test_lib.a
[48/137] Building CXX object ps2xRuntime/CMakeFiles/ps2EntryRunner.dir/Unity/unity_0_cxx.cxx.o
[49/137] Building CXX object timesplitters/CMakeFiles/timesplitters.dir/Unity/unity_82_cxx.cxx.o
[50/137] Building CXX object timesplitters/CMakeFiles/timesplitters.dir/Unity/unity_83_cxx.cxx.o
[51/137] Building CXX object timesplitters/CMakeFiles/timesplitters.dir/Unity/unity_79_cxx.cxx.o
[52/137] Building CXX object timesplitters/CMakeFiles/timesplitters.dir/Unity/unity_81_cxx.cxx.o
[53/137] Building CXX object timesplitters/CMakeFiles/timesplitters.dir/Unity/unity_78_cxx.cxx.o
[54/137] Building CXX object timesplitters/CMakeFiles/timesplitters.dir/Unity/unity_77_cxx.cxx.o
[55/137] Building CXX object timesplitters/CMakeFiles/timesplitters.dir/Unity/unity_80_cxx.cxx.o
[56/137] Building CXX object timesplitters/CMakeFiles/timesplitters.dir/Unity/unity_76_cxx.cxx.o
[57/137] Building CXX object timesplitters/CMakeFiles/timesplitters.dir/Unity/unity_74_cxx.cxx.o
[58/137] Building CXX object timesplitters/CMakeFiles/timesplitters.dir/Unity/unity_73_cxx.cxx.o
[59/137] Building CXX object timesplitters/CMakeFiles/timesplitters.dir/Unity/unity_70_cxx.cxx.o
[60/137] Building CXX object timesplitters/CMakeFiles/timesplitters.dir/Unity/unity_69_cxx.cxx.o
[61/137] Building CXX object timesplitters/CMakeFiles/timesplitters.dir/Unity/unity_75_cxx.cxx.o
[62/137] Building CXX object timesplitters/CMakeFiles/timesplitters.dir/Unity/unity_67_cxx.cxx.o
[63/137] Building CXX object timesplitters/CMakeFiles/timesplitters.dir/Unity/unity_72_cxx.cxx.o
[64/137] Building CXX object timesplitters/CMakeFiles/timesplitters.dir/Unity/unity_66_cxx.cxx.o
[65/137] Building CXX object timesplitters/CMakeFiles/timesplitters.dir/Unity/unity_68_cxx.cxx.o
[66/137] Building CXX object timesplitters/CMakeFiles/timesplitters.dir/Unity/unity_64_cxx.cxx.o
[67/137] Building CXX object timesplitters/CMakeFiles/timesplitters.dir/Unity/unity_65_cxx.cxx.o
[68/137] Building CXX object timesplitters/CMakeFiles/timesplitters.dir/Unity/unity_71_cxx.cxx.o
[69/137] Building CXX object timesplitters/CMakeFiles/timesplitters.dir/Unity/unity_63_cxx.cxx.o
[70/137] Building CXX object timesplitters/CMakeFiles/timesplitters.dir/Unity/unity_59_cxx.cxx.o
[71/137] Building CXX object timesplitters/CMakeFiles/timesplitters.dir/Unity/unity_60_cxx.cxx.o
[72/137] Building CXX object timesplitters/CMakeFiles/timesplitters.dir/Unity/unity_61_cxx.cxx.o
[73/137] Building CXX object timesplitters/CMakeFiles/timesplitters.dir/Unity/unity_56_cxx.cxx.o
[74/137] Building CXX object timesplitters/CMakeFiles/timesplitters.dir/Unity/unity_62_cxx.cxx.o
[75/137] Building CXX object timesplitters/CMakeFiles/timesplitters.dir/Unity/unity_58_cxx.cxx.o
[76/137] Building CXX object timesplitters/CMakeFiles/timesplitters.dir/Unity/unity_57_cxx.cxx.o
[77/137] Building CXX object timesplitters/CMakeFiles/timesplitters.dir/Unity/unity_54_cxx.cxx.o
[78/137] Building CXX object timesplitters/CMakeFiles/timesplitters.dir/Unity/unity_53_cxx.cxx.o
[79/137] Building CXX object timesplitters/CMakeFiles/timesplitters.dir/Unity/unity_55_cxx.cxx.o
[80/137] Building CXX object timesplitters/CMakeFiles/timesplitters.dir/Unity/unity_52_cxx.cxx.o
[81/137] Building CXX object timesplitters/CMakeFiles/timesplitters.dir/Unity/unity_51_cxx.cxx.o
[82/137] Building CXX object timesplitters/CMakeFiles/timesplitters.dir/Unity/unity_49_cxx.cxx.o
[83/137] Building CXX object timesplitters/CMakeFiles/timesplitters.dir/Unity/unity_48_cxx.cxx.o
[84/137] Building CXX object timesplitters/CMakeFiles/timesplitters.dir/Unity/unity_50_cxx.cxx.o
[85/137] Building CXX object timesplitters/CMakeFiles/timesplitters.dir/Unity/unity_45_cxx.cxx.o
[86/137] Building CXX object timesplitters/CMakeFiles/timesplitters.dir/Unity/unity_46_cxx.cxx.o
[87/137] Building CXX object timesplitters/CMakeFiles/timesplitters.dir/Unity/unity_47_cxx.cxx.o
[88/137] Building CXX object timesplitters/CMakeFiles/timesplitters.dir/Unity/unity_44_cxx.cxx.o
[89/137] Building CXX object timesplitters/CMakeFiles/timesplitters.dir/Unity/unity_42_cxx.cxx.o
[90/137] Building CXX object timesplitters/CMakeFiles/timesplitters.dir/Unity/unity_43_cxx.cxx.o
[91/137] Building CXX object timesplitters/CMakeFiles/timesplitters.dir/Unity/unity_38_cxx.cxx.o
[92/137] Building CXX object timesplitters/CMakeFiles/timesplitters.dir/Unity/unity_39_cxx.cxx.o
[93/137] Building CXX object timesplitters/CMakeFiles/timesplitters.dir/Unity/unity_37_cxx.cxx.o
[94/137] Building CXX object timesplitters/CMakeFiles/timesplitters.dir/Unity/unity_36_cxx.cxx.o
[95/137] Building CXX object timesplitters/CMakeFiles/timesplitters.dir/Unity/unity_40_cxx.cxx.o
[96/137] Building CXX object timesplitters/CMakeFiles/timesplitters.dir/Unity/unity_35_cxx.cxx.o
[97/137] Building CXX object timesplitters/CMakeFiles/timesplitters.dir/Unity/unity_41_cxx.cxx.o
[98/137] Building CXX object timesplitters/CMakeFiles/timesplitters.dir/Unity/unity_34_cxx.cxx.o
[99/137] Building CXX object timesplitters/CMakeFiles/timesplitters.dir/Unity/unity_30_cxx.cxx.o
[100/137] Building CXX object timesplitters/CMakeFiles/timesplitters.dir/Unity/unity_32_cxx.cxx.o
[101/137] Building CXX object timesplitters/CMakeFiles/timesplitters.dir/Unity/unity_31_cxx.cxx.o
[102/137] Building CXX object timesplitters/CMakeFiles/timesplitters.dir/Unity/unity_27_cxx.cxx.o
[103/137] Building CXX object timesplitters/CMakeFiles/timesplitters.dir/Unity/unity_33_cxx.cxx.o
[104/137] Building CXX object timesplitters/CMakeFiles/timesplitters.dir/Unity/unity_29_cxx.cxx.o
[105/137] Building CXX object timesplitters/CMakeFiles/timesplitters.dir/Unity/unity_28_cxx.cxx.o
[106/137] Building CXX object timesplitters/CMakeFiles/timesplitters.dir/Unity/unity_26_cxx.cxx.o
[107/137] Building CXX object timesplitters/CMakeFiles/timesplitters.dir/Unity/unity_23_cxx.cxx.o
[108/137] Building CXX object timesplitters/CMakeFiles/timesplitters.dir/Unity/unity_25_cxx.cxx.o
[109/137] Building CXX object timesplitters/CMakeFiles/timesplitters.dir/Unity/unity_24_cxx.cxx.o
[110/137] Building CXX object timesplitters/CMakeFiles/timesplitters.dir/Unity/unity_21_cxx.cxx.o
[111/137] Building CXX object timesplitters/CMakeFiles/timesplitters.dir/Unity/unity_20_cxx.cxx.o
[112/137] Building CXX object timesplitters/CMakeFiles/timesplitters.dir/Unity/unity_22_cxx.cxx.o
[113/137] Building CXX object timesplitters/CMakeFiles/timesplitters.dir/Unity/unity_18_cxx.cxx.o
[114/137] Building CXX object timesplitters/CMakeFiles/timesplitters.dir/Unity/unity_19_cxx.cxx.o
[115/137] Building CXX object timesplitters/CMakeFiles/timesplitters.dir/Unity/unity_15_cxx.cxx.o
[116/137] Building CXX object timesplitters/CMakeFiles/timesplitters.dir/Unity/unity_16_cxx.cxx.o
[117/137] Building CXX object timesplitters/CMakeFiles/timesplitters.dir/Unity/unity_13_cxx.cxx.o
[118/137] Building CXX object timesplitters/CMakeFiles/timesplitters.dir/Unity/unity_17_cxx.cxx.o
[119/137] Building CXX object timesplitters/CMakeFiles/timesplitters.dir/Unity/unity_12_cxx.cxx.o
[120/137] Building CXX object timesplitters/CMakeFiles/timesplitters.dir/Unity/unity_11_cxx.cxx.o
[121/137] Building CXX object timesplitters/CMakeFiles/timesplitters.dir/Unity/unity_10_cxx.cxx.o
[122/137] Building CXX object timesplitters/CMakeFiles/timesplitters.dir/Unity/unity_7_cxx.cxx.o
[123/137] Building CXX object timesplitters/CMakeFiles/timesplitters.dir/Unity/unity_6_cxx.cxx.o
[124/137] Building CXX object timesplitters/CMakeFiles/timesplitters.dir/Unity/unity_8_cxx.cxx.o
[125/137] Building CXX object timesplitters/CMakeFiles/timesplitters.dir/Unity/unity_14_cxx.cxx.o
[126/137] Building CXX object timesplitters/CMakeFiles/timesplitters.dir/Unity/unity_4_cxx.cxx.o
[127/137] Building CXX object timesplitters/CMakeFiles/timesplitters.dir/Unity/unity_3_cxx.cxx.o
[128/137] Building CXX object timesplitters/CMakeFiles/timesplitters.dir/Unity/unity_5_cxx.cxx.o
[129/137] Building CXX object timesplitters/CMakeFiles/timesplitters.dir/Unity/unity_0_cxx.cxx.o
[130/137] Linking CXX executable ps2xRuntime/ps2EntryRunner
[131/137] Linking CXX executable ps2xTest/ps2x_tests
[132/137] Building CXX object timesplitters/CMakeFiles/timesplitters.dir/Unity/unity_1_cxx.cxx.o
[133/137] Linking CXX executable timesplitters/timesplitters_dma_replay
[134/137] Building CXX object timesplitters/CMakeFiles/timesplitters.dir/Unity/unity_9_cxx.cxx.o
[135/137] Building CXX object timesplitters/CMakeFiles/timesplitters.dir/Unity/unity_2_cxx.cxx.o
[136/137] Linking CXX executable timesplitters/timesplitters
