openjdk version "21.0.11" 2026-04-21
OpenJDK Runtime Environment (build 21.0.11+10-1-deb13u2-Debian)
OpenJDK 64-Bit Server VM (build 21.0.11+10-1-deb13u2-Debian, mixed mode)
INFO  Using log config file: jar:file:/mnt/data/TimeSplitters-Dependencies/tools/ghidra/extracted/ghidra_12.1.3_PUBLIC/Ghidra/Framework/Generic/lib/Generic.jar!/generic.log4j.xml (LoggingInitialization)  
INFO  Using log file: /home/oai/.config/root-ghidra/ghidra_12.1.3_PUBLIC/application.log (LoggingInitialization)  
INFO  Loading user preferences: /home/oai/.config/root-ghidra/ghidra_12.1.3_PUBLIC/preferences (Preferences)  
INFO  Searching for classes... (ClassSearcher)  
INFO  Class search complete (1717 ms) (ClassSearcher)  
INFO  Initializing SSL Context (DefaultSSLContextInitializer)  
INFO  Initializing Random Number Generator... (SecureRandomFactory)  
INFO  Random Number Generator initialization complete: NativePRNGNonBlocking (SecureRandomFactory)  
INFO  Trust manager disabled, cacerts have not been set (DefaultTrustManagerFactory)  
INFO  Starting cache cleanup: /var/tmp/root-ghidra/fscache2 (FileCacheMaintenanceDaemon)  
INFO  Finished cache cleanup, estimated storage used: 0 (FileCacheMaintenanceDaemon)  
INFO  Headless startup complete (5893 ms) (AnalyzeHeadless)  
INFO  Class searcher loaded 59 extension points (20 false positives) (ClassSearcher)  
INFO  HEADLESS Script Paths:
    /mnt/data/TimeSplitters-Dependencies/tools/ghidra/extracted/ghidra_12.1.3_PUBLIC/Ghidra/Extensions/ghidra-emotionengine-reloaded/ghidra_scripts
    /mnt/data/TimeSplitters-Dependencies/tools/ghidra/extracted/ghidra_12.1.3_PUBLIC/Ghidra/Features/BSim/ghidra_scripts
    /mnt/data/TimeSplitters-Dependencies/tools/ghidra/extracted/ghidra_12.1.3_PUBLIC/Ghidra/Features/PDB/ghidra_scripts
    /mnt/data/TimeSplitters-Dependencies/tools/ghidra/extracted/ghidra_12.1.3_PUBLIC/Ghidra/Debug/Debugger-rmi-trace/ghidra_scripts
    /mnt/data/TimeSplitters-Dependencies/tools/ghidra/extracted/ghidra_12.1.3_PUBLIC/Ghidra/Features/MicrosoftCodeAnalyzer/ghidra_scripts
    /mnt/data/TimeSplitters-Dependencies/tools/ghidra/extracted/ghidra_12.1.3_PUBLIC/Ghidra/Processors/JVM/ghidra_scripts
    /mnt/data/TimeSplitters-Dependencies/tools/ghidra/extracted/ghidra_12.1.3_PUBLIC/Ghidra/Features/Base/ghidra_scripts
    /mnt/data/TimeSplitters-Dependencies/tools/ghidra/extracted/ghidra_12.1.3_PUBLIC/Ghidra/Processors/Atmel/ghidra_scripts
    /mnt/data/TimeSplitters-Dependencies/tools/ghidra/extracted/ghidra_12.1.3_PUBLIC/Ghidra/Features/FileFormats/ghidra_scripts
    /mnt/data/TimeSplitters-Dependencies/tools/ghidra/extracted/ghidra_12.1.3_PUBLIC/Ghidra/Features/BytePatterns/ghidra_scripts
    /mnt/data/TimeSplitters-Dependencies/tools/ghidra/extracted/ghidra_12.1.3_PUBLIC/Ghidra/Features/Decompiler/ghidra_scripts
    /mnt/data/TimeSplitters-Dependencies/tools/ghidra/extracted/ghidra_12.1.3_PUBLIC/Ghidra/Features/GnuDemangler/ghidra_scripts
    /mnt/data/TimeSplitters-Dependencies/tools/ghidra/extracted/ghidra_12.1.3_PUBLIC/Ghidra/Features/DecompilerDependent/ghidra_scripts
    /mnt/data/TimeSplitters-Dependencies/tools/ghidra/extracted/ghidra_12.1.3_PUBLIC/Ghidra/Processors/PIC/ghidra_scripts
    /mnt/data/TimeSplitters-Dependencies/tools/ghidra/extracted/ghidra_12.1.3_PUBLIC/Ghidra/Features/SwiftDemangler/ghidra_scripts
    /mnt/data/TimeSplitters-Dependencies/tools/ghidra/extracted/ghidra_12.1.3_PUBLIC/Ghidra/Debug/Debugger/ghidra_scripts
    /mnt/data/TimeSplitters-Dependencies/tools/ghidra/extracted/ghidra_12.1.3_PUBLIC/Ghidra/Features/SystemEmulation/ghidra_scripts
    /mnt/data/TimeSplitters-Dependencies/tools/ghidra/extracted/ghidra_12.1.3_PUBLIC/Ghidra/Processors/8051/ghidra_scripts
    /mnt/data/TimeSplitters-Dependencies/tools/ghidra/extracted/ghidra_12.1.3_PUBLIC/Ghidra/Processors/DATA/ghidra_scripts
    /mnt/data/TimeSplitters-Dependencies/tools/ghidra/extracted/ghidra_12.1.3_PUBLIC/Ghidra/Features/PyGhidra/ghidra_scripts
    /mnt/data/TimeSplitters-Dependencies/tools/ghidra/extracted/ghidra_12.1.3_PUBLIC/Ghidra/Features/WildcardAssembler/ghidra_scripts
    /mnt/data/TimeSplitters-Dependencies/tools/ghidra/extracted/ghidra_12.1.3_PUBLIC/Ghidra/Features/VersionTracking/ghidra_scripts
    /mnt/data/TimeSplitters_TS05_Checkpoint/project/ghidra-scripts
    /mnt/data/TimeSplitters-Dependencies/tools/ghidra/extracted/ghidra_12.1.3_PUBLIC/Ghidra/Features/FunctionID/ghidra_scripts (HeadlessAnalyzer)  
INFO  HEADLESS: execution starts (HeadlessAnalyzer)  
INFO  Opening existing project: /mnt/data/TimeSplitters_TS05_Checkpoint/project/ghidra-project/TS (HeadlessAnalyzer)  
INFO  Opening project: /mnt/data/TimeSplitters_TS05_Checkpoint/project/ghidra-project/TS (HeadlessProject)  
WARN  8 NOP constructors found (SleighCompile)  
WARN  Use -n switch to list each individually (SleighCompile)  
INFO  REPORT: Processing read-only project file: /SLUS_200.90 (HeadlessAnalyzer)  
INFO  REPORT: Execute script: TSDecompile.java 'project/analysis/TS05' 'propDamage' 'StatsKillMade' 'playerDeathMessage' 'soundBatchExec' 'soundTick' 'soundBankLoad' 'soundBankPreload'  (HeadlessAnalyzer)  
INFO  SCRIPT: /mnt/data/TimeSplitters_TS05_Checkpoint/project/ghidra-scripts/TSDecompile.java (HeadlessAnalyzer)  
INFO  TSDecompile.java> Exported soundBatchExec complete=true (GhidraScript)  
INFO  TSDecompile.java> Exported soundTick complete=true (GhidraScript)  
INFO  TSDecompile.java> Exported StatsKillMade complete=true (GhidraScript)  
INFO  TSDecompile.java> Exported propDamage complete=true (GhidraScript)  
INFO  TSDecompile.java> Exported playerDeathMessage complete=true (GhidraScript)  
INFO  REPORT: Discarding changes to the following read-only file: /SLUS_200.90 (HeadlessAnalyzer)  
