Original game files and ISO verified
{
  "requested_seconds": 900,
  "requested_input": [
    {
      "at": 35,
      "key": "Return"
    },
    {
      "at": 44,
      "key": "x"
    },
    {
      "at": 56,
      "key": "x"
    },
    {
      "at": 70,
      "key": "x"
    },
    {
      "at": 78,
      "key": "x"
    },
    {
      "at": 84,
      "key": "Up",
      "hold": 0.3
    },
    {
      "at": 88,
      "key": "x",
      "hold": 0.3
    },
    {
      "at": 100,
      "key": "x",
      "hold": 0.5
    },
    {
      "at": 120,
      "key": "x",
      "hold": 0.5
    },
    {
      "at": 140,
      "key": "x",
      "hold": 0.5
    },
    {
      "at": 221.32,
      "key": "w",
      "hold": 16
    },
    {
      "at": 284.76,
      "key": "l",
      "hold": 1.5
    },
    {
      "at": 288.76,
      "key": "w",
      "hold": 20
    },
    {
      "at": 407.17,
      "key": "w",
      "hold": 40
    },
    {
      "at": 528.86,
      "key": "s",
      "hold": 28
    },
    {
      "at": 558.86,
      "key": "d",
      "hold": 12
    },
    {
      "at": 573.86,
      "key": "w",
      "hold": 35
    },
    {
      "at": 872.12,
      "key": "w",
      "hold": 20
    },
    {
      "at": 893.12,
      "key": "e",
      "hold": 1
    }
  ],
  "live_input": true,
  "returncode": 10,
  "outer_killed": false,
  "elapsed_seconds": 900.3800791540002,
  "screenshots": [
    "ts05-final-story-002.png",
    "ts05-final-story-007.png",
    "ts05-final-story-012.png",
    "ts05-final-story-017.png",
    "ts05-final-story-022.png",
    "ts05-final-story-027.png",
    "ts05-final-story-032.png",
    "ts05-final-story-037.png",
    "ts05-final-story-042.png",
    "ts05-final-story-047.png",
    "ts05-final-story-052.png",
    "ts05-final-story-057.png",
    "ts05-final-story-062.png",
    "ts05-final-story-067.png",
    "ts05-final-story-072.png",
    "ts05-final-story-077.png",
    "ts05-final-story-082.png",
    "ts05-final-story-087.png",
    "ts05-final-story-092.png",
    "ts05-final-story-097.png",
    "ts05-final-story-102.png",
    "ts05-final-story-107.png",
    "ts05-final-story-112.png",
    "ts05-final-story-117.png",
    "ts05-final-story-122.png",
    "ts05-final-story-127.png",
    "ts05-final-story-132.png",
    "ts05-final-story-137.png",
    "ts05-final-story-142.png",
    "ts05-final-story-147.png",
    "ts05-final-story-152.png",
    "ts05-final-story-157.png",
    "ts05-final-story-162.png",
    "ts05-final-story-167.png",
    "ts05-final-story-172.png",
    "ts05-final-story-177.png",
    "ts05-final-story-182.png",
    "ts05-final-story-187.png",
    "ts05-final-story-192.png",
    "ts05-final-story-197.png",
    "ts05-final-story-202.png",
    "ts05-final-story-207.png",
    "ts05-final-story-212.png",
    "ts05-final-story-217.png",
    "ts05-final-story-222.png",
    "ts05-final-story-227.png",
    "ts05-final-story-232.png",
    "ts05-final-story-237.png",
    "ts05-final-story-242.png",
    "ts05-final-story-247.png",
    "ts05-final-story-252.png",
    "ts05-final-story-257.png",
    "ts05-final-story-262.png",
    "ts05-final-story-267.png",
    "ts05-final-story-272.png",
    "ts05-final-story-277.png",
    "ts05-final-story-282.png",
    "ts05-final-story-287.png",
    "ts05-final-story-292.png",
    "ts05-final-story-297.png",
    "ts05-final-story-302.png",
    "ts05-final-story-307.png",
    "ts05-final-story-312.png",
    "ts05-final-story-317.png",
    "ts05-final-story-322.png",
    "ts05-final-story-327.png",
    "ts05-final-story-332.png",
    "ts05-final-story-337.png",
    "ts05-final-story-342.png",
    "ts05-final-story-347.png",
    "ts05-final-story-352.png",
    "ts05-final-story-357.png",
    "ts05-final-story-362.png",
    "ts05-final-story-367.png",
    "ts05-final-story-372.png",
    "ts05-final-story-377.png",
    "ts05-final-story-382.png",
    "ts05-final-story-387.png",
    "ts05-final-story-392.png",
    "ts05-final-story-397.png",
    "ts05-final-story-402.png",
    "ts05-final-story-407.png",
    "ts05-final-story-412.png",
    "ts05-final-story-417.png",
    "ts05-final-story-422.png",
    "ts05-final-story-427.png",
    "ts05-final-story-432.png",
    "ts05-final-story-437.png",
    "ts05-final-story-442.png",
    "ts05-final-story-447.png",
    "ts05-final-story-452.png",
    "ts05-final-story-457.png",
    "ts05-final-story-462.png",
    "ts05-final-story-467.png",
    "ts05-final-story-472.png",
    "ts05-final-story-477.png",
    "ts05-final-story-482.png",
    "ts05-final-story-487.png",
    "ts05-final-story-492.png",
    "ts05-final-story-497.png",
    "ts05-final-story-502.png",
    "ts05-final-story-507.png",
    "ts05-final-story-512.png",
    "ts05-final-story-517.png",
    "ts05-final-story-522.png",
    "ts05-final-story-527.png",
    "ts05-final-story-532.png",
    "ts05-final-story-537.png",
    "ts05-final-story-542.png",
    "ts05-final-story-547.png",
    "ts05-final-story-552.png",
    "ts05-final-story-557.png",
    "ts05-final-story-562.png",
    "ts05-final-story-567.png",
    "ts05-final-story-572.png",
    "ts05-final-story-577.png",
    "ts05-final-story-582.png",
    "ts05-final-story-587.png",
    "ts05-final-story-592.png",
    "ts05-final-story-597.png",
    "ts05-final-story-602.png",
    "ts05-final-story-607.png",
    "ts05-final-story-612.png",
    "ts05-final-story-617.png",
    "ts05-final-story-622.png",
    "ts05-final-story-627.png",
    "ts05-final-story-632.png",
    "ts05-final-story-637.png",
    "ts05-final-story-642.png",
    "ts05-final-story-647.png",
    "ts05-final-story-652.png",
    "ts05-final-story-657.png",
    "ts05-final-story-662.png",
    "ts05-final-story-667.png",
    "ts05-final-story-672.png",
    "ts05-final-story-677.png",
    "ts05-final-story-682.png",
    "ts05-final-story-687.png",
    "ts05-final-story-692.png",
    "ts05-final-story-697.png",
    "ts05-final-story-702.png",
    "ts05-final-story-707.png",
    "ts05-final-story-712.png",
    "ts05-final-story-717.png",
    "ts05-final-story-722.png",
    "ts05-final-story-727.png",
    "ts05-final-story-732.png",
    "ts05-final-story-737.png",
    "ts05-final-story-742.png",
    "ts05-final-story-747.png",
    "ts05-final-story-752.png",
    "ts05-final-story-757.png",
    "ts05-final-story-762.png",
    "ts05-final-story-767.png",
    "ts05-final-story-772.png",
    "ts05-final-story-777.png",
    "ts05-final-story-782.png",
    "ts05-final-story-787.png",
    "ts05-final-story-792.png",
    "ts05-final-story-797.png",
    "ts05-final-story-802.png",
    "ts05-final-story-807.png",
    "ts05-final-story-812.png",
    "ts05-final-story-817.png",
    "ts05-final-story-822.png",
    "ts05-final-story-827.png",
    "ts05-final-story-832.png",
    "ts05-final-story-837.png",
    "ts05-final-story-842.png",
    "ts05-final-story-847.png",
    "ts05-final-story-852.png",
    "ts05-final-story-857.png",
    "ts05-final-story-862.png",
    "ts05-final-story-867.png",
    "ts05-final-story-872.png",
    "ts05-final-story-877.png",
    "ts05-final-story-882.png",
    "ts05-final-story-887.png",
    "ts05-final-story-892.png",
    "ts05-final-story-897.png"
  ],
  "binary": "/mnt/data/TimeSplitters_TS05_Checkpoint/bin/timesplitters",
  "binary_sha256": "a5c72f1386a5933a3748a70ab15bab4fedb5a935c193f29582ccfc76d80366bb",
  "binary_sha256_after": "a5c72f1386a5933a3748a70ab15bab4fedb5a935c193f29582ccfc76d80366bb",
  "binary_unchanged_during_run": true,
  "input": [
    {
      "requested": 35.0,
      "actual": 35.047965662000024,
      "action": "keydown",
      "key": "Return",
      "window": "2097159",
      "returncode": 0,
      "stderr": ""
    },
    {
      "requested": 35.35,
      "actual": 35.385930121,
      "action": "keyup",
      "key": "Return",
      "window": "2097159",
      "returncode": 0,
      "stderr": ""
    },
    {
      "requested": 44.0,
      "actual": 44.04292639799996,
      "action": "keydown",
      "key": "x",
      "window": "2097159",
      "returncode": 0,
      "stderr": ""
    },
    {
      "requested": 44.35,
      "actual": 44.38186159800034,
      "action": "keyup",
      "key": "x",
      "window": "2097159",
      "returncode": 0,
      "stderr": ""
    },
    {
      "requested": 56.0,
      "actual": 56.04272816399998,
      "action": "keydown",
      "key": "x",
      "window": "2097159",
      "returncode": 0,
      "stderr": ""
    },
    {
      "requested": 56.35,
      "actual": 56.38142563500014,
      "action": "keyup",
      "key": "x",
      "window": "2097159",
      "returncode": 0,
      "stderr": ""
    },
    {
      "requested": 70.0,
      "actual": 70.02430078299994,
      "action": "keydown",
      "key": "x",
      "window": "2097159",
      "returncode": 0,
      "stderr": ""
    },
    {
      "requested": 70.35,
      "actual": 70.40566174700007,
      "action": "keyup",
      "key": "x",
      "window": "2097159",
      "returncode": 0,
      "stderr": ""
    },
    {
      "requested": 78.0,
      "actual": 78.02591279000035,
      "action": "keydown",
      "key": "x",
      "window": "2097159",
      "returncode": 0,
      "stderr": ""
    },
    {
      "requested": 78.35,
      "actual": 78.40585886400004,
      "action": "keyup",
      "key": "x",
      "window": "2097159",
      "returncode": 0,
      "stderr": ""
    },
    {
      "requested": 84.0,
      "actual": 84.01993529900028,
      "action": "keydown",
      "key": "Up",
      "window": "2097159",
      "returncode": 0,
      "stderr": ""
    },
    {
      "requested": 84.3,
      "actual": 84.32010742500006,
      "action": "keyup",
      "key": "Up",
      "window": "2097159",
      "returncode": 0,
      "stderr": ""
    },
    {
      "requested": 88.0,
      "actual": 88.0380542150001,
      "action": "keydown",
      "key": "x",
      "window": "2097159",
      "returncode": 0,
      "stderr": ""
    },
    {
      "requested": 88.3,
      "actual": 88.33762926300005,
      "action": "keyup",
      "key": "x",
      "window": "2097159",
      "returncode": 0,
      "stderr": ""
    },
    {
      "requested": 100.0,
      "actual": 100.05483789500022,
      "action": "keydown",
      "key": "x",
      "window": "2097159",
      "returncode": 0,
      "stderr": ""
    },
    {
      "requested": 100.5,
      "actual": 100.5547079400003,
      "action": "keyup",
      "key": "x",
      "window": "2097159",
      "returncode": 0,
      "stderr": ""
    },
    {
      "requested": 120.0,
      "actual": 120.04072074000032,
      "action": "keydown",
      "key": "x",
      "window": "2097159",
      "returncode": 0,
      "stderr": ""
    },
    {
      "requested": 120.5,
      "actual": 120.5408324670002,
      "action": "keyup",
      "key": "x",
      "window": "2097159",
      "returncode": 0,
      "stderr": ""
    },
    {
      "requested": 140.0,
      "actual": 140.04085383400025,
      "action": "keydown",
      "key": "x",
      "window": "2097159",
      "returncode": 0,
      "stderr": ""
    },
    {
      "requested": 140.5,
      "actual": 140.54171161900013,
      "action": "keyup",
      "key": "x",
      "window": "2097159",
      "returncode": 0,
      "stderr": ""
    },
    {
      "requested": 221.32,
      "actual": 221.35926381700028,
      "action": "keydown",
      "key": "w",
      "window": "2097159",
      "returncode": 0,
      "stderr": ""
    },
    {
      "requested": 237.32,
      "actual": 237.36343300199997,
      "action": "keyup",
      "key": "w",
      "window": "2097159",
      "returncode": 0,
      "stderr": ""
    },
    {
      "requested": 284.76,
      "actual": 284.79230194499996,
      "action": "keydown",
      "key": "l",
      "window": "2097159",
      "returncode": 0,
      "stderr": ""
    },
    {
      "requested": 286.26,
      "actual": 286.3031994580001,
      "action": "keyup",
      "key": "l",
      "window": "2097159",
      "returncode": 0,
      "stderr": ""
    },
    {
      "requested": 288.76,
      "actual": 288.78338633600015,
      "action": "keydown",
      "key": "w",
      "window": "2097159",
      "returncode": 0,
      "stderr": ""
    },
    {
      "requested": 308.76,
      "actual": 308.81846522900014,
      "action": "keyup",
      "key": "w",
      "window": "2097159",
      "returncode": 0,
      "stderr": ""
    },
    {
      "requested": 407.17,
      "actual": 407.2011959900001,
      "action": "keydown",
      "key": "w",
      "window": "2097159",
      "returncode": 0,
      "stderr": ""
    },
    {
      "requested": 447.17,
      "actual": 447.20315771800006,
      "action": "keyup",
      "key": "w",
      "window": "2097159",
      "returncode": 0,
      "stderr": ""
    },
    {
      "requested": 528.86,
      "actual": 528.8778548509999,
      "action": "keydown",
      "key": "s",
      "window": "2097159",
      "returncode": 0,
      "stderr": ""
    },
    {
      "requested": 556.86,
      "actual": 556.8780559390002,
      "action": "keyup",
      "key": "s",
      "window": "2097159",
      "returncode": 0,
      "stderr": ""
    },
    {
      "requested": 558.86,
      "actual": 558.913650173,
      "action": "keydown",
      "key": "d",
      "window": "2097159",
      "returncode": 0,
      "stderr": ""
    },
    {
      "requested": 570.86,
      "actual": 570.9066341420003,
      "action": "keyup",
      "key": "d",
      "window": "2097159",
      "returncode": 0,
      "stderr": ""
    },
    {
      "requested": 573.86,
      "actual": 573.8835035460002,
      "action": "keydown",
      "key": "w",
      "window": "2097159",
      "returncode": 0,
      "stderr": ""
    },
    {
      "requested": 608.86,
      "actual": 608.9157785060002,
      "action": "keyup",
      "key": "w",
      "window": "2097159",
      "returncode": 0,
      "stderr": ""
    },
    {
      "requested": 872.12,
      "actual": 872.1493420040001,
      "action": "keydown",
      "key": "w",
      "window": "2097159",
      "returncode": 0,
      "stderr": ""
    },
    {
      "requested": 892.12,
      "actual": 892.1565186420003,
      "action": "keyup",
      "key": "w",
      "window": "2097159",
      "returncode": 0,
      "stderr": ""
    },
    {
      "requested": 893.12,
      "actual": 893.1424384900001,
      "action": "keydown",
      "key": "e",
      "window": "2097159",
      "returncode": 0,
      "stderr": ""
    },
    {
      "requested": 894.12,
      "actual": 894.168593466,
      "action": "keyup",
      "key": "e",
      "window": "2097159",
      "returncode": 0,
      "stderr": ""
    }
  ],
  "undelivered": [],
  "execution": "native x86-64 EE AOT with PS2Recomp runtime HLE/IOP/VU support",
  "reference_pcsx2_run": false
}
