openjdk version "21.0.11" 2026-04-21
OpenJDK Runtime Environment (build 21.0.11+10-1-deb13u2-Debian)
OpenJDK 64-Bit Server VM (build 21.0.11+10-1-deb13u2-Debian, mixed mode)
INFO  Using log config file: jar:file:/mnt/data/TimeSplitters-Dependencies/tools/ghidra/extracted/ghidra_12.1.3_PUBLIC/Ghidra/Framework/Generic/lib/Generic.jar!/generic.log4j.xml (LoggingInitialization)  
INFO  Using log file: /home/oai/.config/root-ghidra/ghidra_12.1.3_PUBLIC/application.log (LoggingInitialization)  
INFO  Loading user preferences: /home/oai/.config/root-ghidra/ghidra_12.1.3_PUBLIC/preferences (Preferences)  
INFO  Searching for classes... (ClassSearcher)  
INFO  Class search complete (676 ms) (ClassSearcher)  
INFO  Initializing SSL Context (DefaultSSLContextInitializer)  
INFO  Initializing Random Number Generator... (SecureRandomFactory)  
INFO  Random Number Generator initialization complete: NativePRNGNonBlocking (SecureRandomFactory)  
INFO  Trust manager disabled, cacerts have not been set (DefaultTrustManagerFactory)  
INFO  Headless startup complete (2230 ms) (AnalyzeHeadless)  
INFO  Class searcher loaded 59 extension points (20 false positives) (ClassSearcher)  
INFO  HEADLESS Script Paths:
    /mnt/data/TimeSplitters-Dependencies/tools/ghidra/extracted/ghidra_12.1.3_PUBLIC/Ghidra/Extensions/ghidra-emotionengine-reloaded/ghidra_scripts
    /mnt/data/TS01/ghidra-scripts
    /mnt/data/TimeSplitters-Dependencies/tools/ghidra/extracted/ghidra_12.1.3_PUBLIC/Ghidra/Features/BSim/ghidra_scripts
    /mnt/data/TimeSplitters-Dependencies/tools/ghidra/extracted/ghidra_12.1.3_PUBLIC/Ghidra/Features/PDB/ghidra_scripts
    /mnt/data/TimeSplitters-Dependencies/tools/ghidra/extracted/ghidra_12.1.3_PUBLIC/Ghidra/Debug/Debugger-rmi-trace/ghidra_scripts
    /mnt/data/TimeSplitters-Dependencies/tools/ghidra/extracted/ghidra_12.1.3_PUBLIC/Ghidra/Features/MicrosoftCodeAnalyzer/ghidra_scripts
    /mnt/data/TimeSplitters-Dependencies/tools/ghidra/extracted/ghidra_12.1.3_PUBLIC/Ghidra/Processors/JVM/ghidra_scripts
    /mnt/data/TimeSplitters-Dependencies/tools/ghidra/extracted/ghidra_12.1.3_PUBLIC/Ghidra/Features/Base/ghidra_scripts
    /mnt/data/TimeSplitters-Dependencies/tools/ghidra/extracted/ghidra_12.1.3_PUBLIC/Ghidra/Processors/Atmel/ghidra_scripts
    /mnt/data/TimeSplitters-Dependencies/tools/ghidra/extracted/ghidra_12.1.3_PUBLIC/Ghidra/Features/FileFormats/ghidra_scripts
    /mnt/data/TimeSplitters-Dependencies/tools/ghidra/extracted/ghidra_12.1.3_PUBLIC/Ghidra/Features/BytePatterns/ghidra_scripts
    /mnt/data/TimeSplitters-Dependencies/tools/ghidra/extracted/ghidra_12.1.3_PUBLIC/Ghidra/Features/Decompiler/ghidra_scripts
    /mnt/data/TimeSplitters-Dependencies/tools/ghidra/extracted/ghidra_12.1.3_PUBLIC/Ghidra/Features/GnuDemangler/ghidra_scripts
    /mnt/data/TimeSplitters-Dependencies/tools/ghidra/extracted/ghidra_12.1.3_PUBLIC/Ghidra/Features/DecompilerDependent/ghidra_scripts
    /mnt/data/TimeSplitters-Dependencies/tools/ghidra/extracted/ghidra_12.1.3_PUBLIC/Ghidra/Processors/PIC/ghidra_scripts
    /mnt/data/TimeSplitters-Dependencies/tools/ghidra/extracted/ghidra_12.1.3_PUBLIC/Ghidra/Features/SwiftDemangler/ghidra_scripts
    /mnt/data/TimeSplitters-Dependencies/tools/ghidra/extracted/ghidra_12.1.3_PUBLIC/Ghidra/Debug/Debugger/ghidra_scripts
    /mnt/data/TimeSplitters-Dependencies/tools/ghidra/extracted/ghidra_12.1.3_PUBLIC/Ghidra/Features/SystemEmulation/ghidra_scripts
    /mnt/data/TimeSplitters-Dependencies/tools/ghidra/extracted/ghidra_12.1.3_PUBLIC/Ghidra/Processors/8051/ghidra_scripts
    /mnt/data/TimeSplitters-Dependencies/tools/ghidra/extracted/ghidra_12.1.3_PUBLIC/Ghidra/Processors/DATA/ghidra_scripts
    /mnt/data/TimeSplitters-Dependencies/tools/ghidra/extracted/ghidra_12.1.3_PUBLIC/Ghidra/Features/PyGhidra/ghidra_scripts
    /mnt/data/TimeSplitters-Dependencies/tools/ghidra/extracted/ghidra_12.1.3_PUBLIC/Ghidra/Features/WildcardAssembler/ghidra_scripts
    /mnt/data/TimeSplitters-Dependencies/tools/ghidra/extracted/ghidra_12.1.3_PUBLIC/Ghidra/Features/VersionTracking/ghidra_scripts
    /mnt/data/TimeSplitters-Dependencies/tools/ghidra/extracted/ghidra_12.1.3_PUBLIC/Ghidra/Features/FunctionID/ghidra_scripts (HeadlessAnalyzer)  
INFO  HEADLESS: execution starts (HeadlessAnalyzer)  
INFO  Opening existing project: /mnt/data/TS01/ghidra-project/TS (HeadlessAnalyzer)  
INFO  Opening project: /mnt/data/TS01/ghidra-project/TS (HeadlessProject)  
INFO  REPORT: Processing read-only project file: /SLUS_200.90 (HeadlessAnalyzer)  
INFO  REPORT: Execute script: TSDecompile.java '/mnt/data/TS01/analysis' 'bossMakeAll' 'fileMake' 'fileOpenPackfiles' 'fileLoadCD' 'fileInflate' 'packfileSeek' 'rtcGetTime' 'memMake' 'sceSifInitRpc' 'sceSifRebootIop' 'sceSifSyncIop' 'sceSifCallRpc' 'sceGsSyncV' 'gfxMake' 'dmaMake' 'soundMake' 'padMake' 'streamMake' 'sceSifBindRpc' 'fileMakePackfiles'  (HeadlessAnalyzer)  
INFO  SCRIPT: /mnt/data/TS01/ghidra-scripts/TSDecompile.java (HeadlessAnalyzer)  
INFO  TSDecompile.java> Exported bossMakeAll complete=true (GhidraScript)  
INFO  TSDecompile.java> Exported memMake complete=true (GhidraScript)  
INFO  TSDecompile.java> Exported soundMake complete=true (GhidraScript)  
INFO  TSDecompile.java> Exported fileLoadCD complete=true (GhidraScript)  
INFO  TSDecompile.java> Exported packfileSeek complete=true (GhidraScript)  
INFO  TSDecompile.java> Exported fileInflate complete=true (GhidraScript)  
INFO  TSDecompile.java> Exported padMake complete=true (GhidraScript)  
INFO  TSDecompile.java> Exported rtcGetTime complete=true (GhidraScript)  
INFO  TSDecompile.java> Exported sceGsSyncV complete=true (GhidraScript)  
INFO  TSDecompile.java> Exported sceSifInitRpc complete=true (GhidraScript)  
INFO  TSDecompile.java> Exported sceSifBindRpc complete=true (GhidraScript)  
INFO  TSDecompile.java> Exported sceSifCallRpc complete=true (GhidraScript)  
INFO  TSDecompile.java> Exported sceSifSyncIop complete=true (GhidraScript)  
INFO  TSDecompile.java> Exported sceSifRebootIop complete=true (GhidraScript)  
INFO  REPORT: Discarding changes to the following read-only file: /SLUS_200.90 (HeadlessAnalyzer)  
