gpgv: Signature made Sat Sep 12 07:56:18 2026 UTC
gpgv:                using RSA key 4CB50190207B4758A3F73A796ED0E7B82643E131
gpgv: Good signature from "Debian Archive Automatic Signing Key (12/bookworm) <ftpmaster@debian.org>"
gpgv: Signature made Sat Sep 12 07:56:19 2026 UTC
gpgv:                using RSA key B8E5F13176D2A7A75220028078DBA3BC47EF2265
gpgv: Good signature from "Debian Archive Automatic Signing Key (13/trixie) <ftpmaster@debian.org>"
gpgv: Signature made Sat Sep 12 07:57:47 2026 UTC
gpgv:                using EDDSA key 41587F7DB8C774BCCF131416762F67A0B2C39DE4
gpgv: Good signature from "Debian Stable Release Key (13/trixie) <debian-release@lists.debian.org>"
gpgv: Signature made Sun Sep 20 17:54:59 2026 UTC
gpgv:                using RSA key B0CAB9266E8C3929798B3EEEBDE6D2B9216EC7A8
gpgv: Good signature from "Debian Security Archive Automatic Signing Key (12/bookworm) <ftpmaster@debian.org>"
gpgv: Signature made Sun Sep 20 17:54:59 2026 UTC
gpgv:                using RSA key 89C87ACEA5DD6B8E6A7068808E9F831205B4BA95
gpgv: Good signature from "Debian Security Archive Automatic Signing Key (13/trixie) <ftpmaster@debian.org>"
gpgv: Signature made Tue Sep 22 08:11:46 2026 UTC
gpgv:                using RSA key 4CB50190207B4758A3F73A796ED0E7B82643E131
gpgv: Good signature from "Debian Archive Automatic Signing Key (12/bookworm) <ftpmaster@debian.org>"
gpgv: Signature made Tue Sep 22 08:12:09 2026 UTC
gpgv:                using RSA key B8E5F13176D2A7A75220028078DBA3BC47EF2265
gpgv: Good signature from "Debian Archive Automatic Signing Key (13/trixie) <ftpmaster@debian.org>"
Ign:1 file:/mnt/data/TimeSplitters-Dependencies/debian ./ InRelease
Ign:2 file:/mnt/data/TimeSplitters-Dependencies/debian ./ Release
Get:3 file:/mnt/data/TimeSplitters-Dependencies/debian ./ Packages
Err:3 file:/mnt/data/TimeSplitters-Dependencies/debian ./ Packages
  Read error - read (21: Is a directory)
Get:3 file:/mnt/data/TimeSplitters-Dependencies/debian ./ Packages
Err:3 file:/mnt/data/TimeSplitters-Dependencies/debian ./ Packages
  Read error - read (21: Is a directory)
Get:3 file:/mnt/data/TimeSplitters-Dependencies/debian ./ Packages
Err:3 file:/mnt/data/TimeSplitters-Dependencies/debian ./ Packages
  Read error - read (21: Is a directory)
Get:3 file:/mnt/data/TimeSplitters-Dependencies/debian ./ Packages
Err:3 file:/mnt/data/TimeSplitters-Dependencies/debian ./ Packages
  Read error - read (21: Is a directory)
Get:3 file:/mnt/data/TimeSplitters-Dependencies/debian ./ Packages
Err:3 file:/mnt/data/TimeSplitters-Dependencies/debian ./ Packages
  Read error - read (21: Is a directory)
Get:3 file:/mnt/data/TimeSplitters-Dependencies/debian ./ Packages
Err:3 file:/mnt/data/TimeSplitters-Dependencies/debian ./ Packages
  Read error - read (21: Is a directory)
Get:3 file:/mnt/data/TimeSplitters-Dependencies/debian ./ Packages [266 kB]
Reading package lists...
W: Symlinking file  to /mnt/data/TimeSplitters-Dependencies/debian/lists/partial/_mnt_data_TimeSplitters-Dependencies_debian_._Packages.xz failed - pkgAcqIndex::StageDownloadDone (2: No such file or directory)
W: Symlinking file  to /mnt/data/TimeSplitters-Dependencies/debian/lists/partial/_mnt_data_TimeSplitters-Dependencies_debian_._Packages.bz2 failed - pkgAcqIndex::StageDownloadDone (2: No such file or directory)
W: Symlinking file  to /mnt/data/TimeSplitters-Dependencies/debian/lists/partial/_mnt_data_TimeSplitters-Dependencies_debian_._Packages.lzma failed - pkgAcqIndex::StageDownloadDone (2: No such file or directory)
W: Symlinking file  to /mnt/data/TimeSplitters-Dependencies/debian/lists/partial/_mnt_data_TimeSplitters-Dependencies_debian_._Packages.gz failed - pkgAcqIndex::StageDownloadDone (2: No such file or directory)
W: Symlinking file  to /mnt/data/TimeSplitters-Dependencies/debian/lists/partial/_mnt_data_TimeSplitters-Dependencies_debian_._Packages.lz4 failed - pkgAcqIndex::StageDownloadDone (2: No such file or directory)
W: Symlinking file  to /mnt/data/TimeSplitters-Dependencies/debian/lists/partial/_mnt_data_TimeSplitters-Dependencies_debian_._Packages.zst failed - pkgAcqIndex::StageDownloadDone (2: No such file or directory)
Reading package lists...
Building dependency tree...
Reading state information...
The following packages were automatically installed and are no longer required:
  busybox cpio dracut-install fakeroot initramfs-tools-bin
  keyboard-configuration klibc-utils kmod libalgorithm-diff-perl
  libalgorithm-diff-xs-perl libalgorithm-merge-perl libatk-wrapper-java
  libatk-wrapper-java-jni libbsh-java libel-api-java libfakeroot
  libhsqldb1.8.0-java libjsp-api-java libklibc libkmod2 libpng-tools
  libservlet-api-java libservlet3.1-java libwebsocket-api-java libxcvt0
  linux-base linux-headers-6.12.96+deb13-common linux-kbuild-6.12.96+deb13
  logsave pahole zstd
Use 'apt autoremove' to remove them.
The following additional packages will be installed:
  clang-19 genisoimage gir1.2-atk-1.0 gir1.2-atspi-2.0
  gir1.2-cloudproviders-0.3.0 gir1.2-freedesktop gir1.2-freedesktop-dev
  gir1.2-gdkpixbuf-2.0 gir1.2-glib-2.0 gir1.2-glib-2.0-dev gir1.2-gtk-3.0
  gir1.2-gudev-1.0 gir1.2-harfbuzz-0.0 gir1.2-ibus-1.0 gir1.2-pango-1.0
  girepository-tools libaio1t64 libasound2-data libasound2t64
  libatk-bridge2.0-0t64 libatk-bridge2.0-dev libatk1.0-0t64 libatk1.0-dev
  libatspi2.0-0t64 libatspi2.0-dev libbabeltrace1 libblkid-dev libblkid1
  libcairo-script-interpreter2 libcairo2-dev libcap-dev libcap2 libcapstone5
  libclang-common-19-dev libclang-cpp19 libclang1-19 libcloudproviders-dev
  libcurl4t64 libdatrie-dev libdebuginfod-common libdebuginfod1t64 libdrm-dev
  libdrm-nouveau2 libdrm-radeon1 libegl-mesa0 libegl1-mesa-dev libepoxy-dev
  libffi-dev libfreetype6 libfribidi-dev libgbm-dev libgbm1 libgc1
  libgdk-pixbuf-2.0-0 libgdk-pixbuf-2.0-dev libgdk-pixbuf2.0-bin
  libgdk-pixbuf2.0-common libgio-2.0-dev libgio-2.0-dev-bin
  libgirepository-2.0-0 libgl-dev libgles-dev libgles1 libgles2
  libglib2.0-0t64 libglib2.0-bin libglib2.0-data libglib2.0-dev
  libglib2.0-dev-bin libglvnd-core-dev libglvnd-dev libglx-dev libglx-mesa0
  libgraphite2-3 libgraphite2-dev libharfbuzz-cairo0 libharfbuzz-gobject0
  libharfbuzz-icu0 libharfbuzz-subset0 libharfbuzz0b libibus-1.0-5
  libibus-1.0-dev libipt2 liblastlog2-2 libmount-dev libmount1 libmtdev-dev
  libobjc-14-dev libobjc4 libpam-systemd libpango1.0-dev libpcap0.8-dev
  libpcap0.8t64 libpciaccess-dev libperl5.40 libpfm4 libpixman-1-dev
  libpulse-mainloop-glib0 libraqm0 libsamplerate0-dev libselinux1-dev
  libsepol-dev libset-scalar-perl libsmartcols1 libsndio-dev libsndio7.0
  libsource-highlight-common libsource-highlight4t64 libspa-0.2-dev libssl3t64
  libsysprof-capture-4-dev libsystemd-dev libsystemd-shared libsystemd0
  libthai-dev libudev1 libuuid1 libva-glx2 libva-wayland2 libwacom-dev
  libwayland-bin libxcb-cursor0 libxcb-dri3-dev libxcomposite-dev
  libxdamage-dev libxdo3 libxfixes-dev libxft-dev libxkbcommon-dev
  libxrender-dev libxss-dev libxtst-dev libxv-dev libxxf86vm-dev lld-19
  llvm-19 llvm-19-linker-tools llvm-19-runtime llvm-runtime mesa-libgallium
  mesa-utils-bin mount native-architecture openjdk-21-jre-headless
  pango1.0-tools perl-base perl-modules-5.40 python3-iniconfig python3-pluggy
  sgml-base systemd systemd-sysv util-linux uuid-dev xml-core xserver-common
The following packages will be REMOVED:
  default-jre initramfs-tools initramfs-tools-core libreoffice-nlpsolver
  libreoffice-script-provider-bsh libreoffice-script-provider-js
  libreoffice-sdbc-hsqldb libreoffice-wiki-publisher
  linux-headers-6.12.96+deb13-amd64 linux-headers-amd64
  linux-image-6.12.96+deb13-amd64 openjdk-21-jdk openjdk-21-jre udev
  xserver-xorg-core xserver-xorg-video-dummy
The following NEW packages will be installed:
  7zip binutils-mipsel-linux-gnu bison clang clang-19 extra-cmake-modules flex
  gdb genisoimage gettext gir1.2-atk-1.0 gir1.2-atspi-2.0
  gir1.2-cloudproviders-0.3.0 gir1.2-freedesktop gir1.2-freedesktop-dev
  gir1.2-gdkpixbuf-2.0 gir1.2-glib-2.0 gir1.2-glib-2.0-dev gir1.2-gtk-3.0
  gir1.2-gudev-1.0 gir1.2-harfbuzz-0.0 gir1.2-ibus-1.0 gir1.2-pango-1.0
  girepository-tools gperf libaio-dev libaio1t64 libasound2-dev
  libatk-bridge2.0-dev libatk1.0-dev libatspi2.0-dev libavcodec-dev
  libavformat-dev libavutil-dev libbabeltrace1 libblkid-dev
  libcairo-script-interpreter2 libcairo2-dev libcap-dev libcapstone5
  libclang-common-19-dev libclang-cpp19 libclang1-19 libcloudproviders-dev
  libdatrie-dev libdbus-1-dev libdebuginfod-common libdebuginfod1t64
  libdecor-0-dev libdrm-dev libdrm-nouveau2 libdrm-radeon1 libegl-dev
  libegl1-mesa-dev libepoxy-dev libevdev-dev libffi-dev libfontconfig-dev
  libfreetype-dev libfribidi-dev libgbm-dev libgc1 libgdk-pixbuf-2.0-dev
  libgdk-pixbuf2.0-bin libgio-2.0-dev libgio-2.0-dev-bin libgirepository-2.0-0
  libgl-dev libgl1-mesa-dev libgles-dev libgles1 libgles2 libglib2.0-bin
  libglib2.0-data libglib2.0-dev libglib2.0-dev-bin libglvnd-core-dev
  libglvnd-dev libglx-dev libgraphite2-dev libgtk-3-dev libgudev-1.0-dev
  libharfbuzz-cairo0 libharfbuzz-dev libharfbuzz-gobject0 libibus-1.0-5
  libibus-1.0-dev libinput-dev libipt2 libmount-dev libmtdev-dev
  libobjc-14-dev libobjc4 libopengl-dev libopus-dev libpango1.0-dev
  libpcap-dev libpcap0.8-dev libpcap0.8t64 libpciaccess-dev libpfm4
  libpipewire-0.3-dev libpixman-1-dev libpulse-dev libpulse-mainloop-glib0
  libraqm0 libsamplerate0-dev libsdl2-dev libselinux1-dev libsepol-dev
  libset-scalar-perl libsndio-dev libsndio7.0 libsource-highlight-common
  libsource-highlight4t64 libspa-0.2-dev libswresample-dev libswscale-dev
  libsysprof-capture-4-dev libsystemd-dev libthai-dev libudev-dev libva-dev
  libva-glx2 libva-wayland2 libvpl-dev libvulkan-dev libwacom-dev
  libwayland-bin libwayland-dev libx11-xcb-dev libx264-dev
  libxcb-composite0-dev libxcb-cursor-dev libxcb-cursor0 libxcb-damage0-dev
  libxcb-dri3-dev libxcb-glx0-dev libxcb-icccm4-dev libxcb-image0-dev
  libxcb-keysyms1-dev libxcb-present-dev libxcb-randr0-dev
  libxcb-render-util0-dev libxcb-render0-dev libxcb-shape0-dev libxcb-shm0-dev
  libxcb-sync-dev libxcb-util-dev libxcb-xfixes0-dev libxcb-xinput-dev
  libxcb-xkb-dev libxcomposite-dev libxcursor-dev libxdamage-dev libxdo3
  libxext-dev libxfixes-dev libxft-dev libxi-dev libxinerama-dev
  libxkbcommon-dev libxkbcommon-x11-dev libxrandr-dev libxrender-dev
  libxss-dev libxtst-dev libxv-dev libxxf86vm-dev lld lld-19 llvm llvm-19
  llvm-19-linker-tools llvm-19-runtime llvm-runtime mesa-utils mesa-utils-bin
  mesa-vulkan-drivers nasm native-architecture pango1.0-tools pkg-config
  python3-capstone python3-iniconfig python3-pil python3-pluggy
  python3-pycdlib python3-pyelftools python3-pytest sgml-base
  wayland-protocols xdotool xml-core yasm
The following packages will be upgraded:
  autoconf automake build-essential ca-certificates cmake curl
  debian-archive-keyring dpkg-dev ffmpeg fonts-dejavu-core git gpgv
  libasound2-data libasound2t64 libatk-bridge2.0-0t64 libatk1.0-0t64
  libatspi2.0-0t64 libblkid1 libcap2 libcurl4-openssl-dev libcurl4t64
  libegl-mesa0 libfreetype6 libgbm1 libgdk-pixbuf-2.0-0
  libgdk-pixbuf2.0-common libgl1-mesa-dri libglib2.0-0t64 libglx-mesa0
  libgraphite2-3 libharfbuzz-icu0 libharfbuzz-subset0 libharfbuzz0b
  libjpeg-dev liblastlog2-2 liblz4-dev liblzma-dev libmount1 libpam-systemd
  libperl5.40 libpng-dev libsmartcols1 libssl-dev libssl3t64 libsystemd-shared
  libsystemd0 libtool libudev1 libuuid1 libwebp-dev libx11-dev libxcb1-dev
  libzstd-dev make mesa-libgallium mount ninja-build openjdk-21-jdk-headless
  openjdk-21-jre-headless patch perl perl-base perl-modules-5.40 python3
  python3-dev python3-numpy python3-pip python3-venv systemd systemd-sysv
  unzip util-linux uuid-dev xauth xserver-common xvfb xz-utils zip
78 upgraded, 195 newly installed, 16 to remove and 465 not upgraded.
E: Packages need to be removed but remove is disabled.
