[TS:native] original-EE AOT via PS2Recomp; missing functions STOP; no EE interpreter fallback
INFO: Initializing raylib 5.5
INFO: Platform backend: DESKTOP (GLFW)
INFO: Supported raylib modules:
INFO:     > rcore:..... loaded (mandatory)
INFO:     > rlgl:...... loaded (mandatory)
INFO:     > rshapes:... loaded (optional)
INFO:     > rtextures:. loaded (optional)
INFO:     > rtext:..... loaded (optional)
INFO:     > rmodels:... loaded (optional)
INFO:     > raudio:.... loaded (optional)
INFO: DISPLAY: Device initialized successfully
INFO:     > Display size: 1920 x 1080
INFO:     > Screen size:  640 x 448
INFO:     > Render size:  640 x 448
INFO:     > Viewport offsets: 0, 0
INFO: GLAD: OpenGL extensions loaded successfully
INFO: GL: Supported extensions count: 296
INFO: GL: OpenGL device information:
INFO:     > Vendor:   ATI Technologies Inc.
INFO:     > Renderer: AMD Radeon 780M Graphics
INFO:     > Version:  3.3.0 Core Profile Context 26.3.1.260309
INFO:     > GLSL:     4.60
INFO: GL: VAO extension detected, VAO functions loaded successfully
INFO: GL: NPOT textures extension detected, full NPOT textures supported
INFO: GL: DXT compressed textures supported
INFO: GL: ETC2/EAC compressed textures supported
INFO: PLATFORM: DESKTOP (GLFW - Win32): Initialized successfully
INFO: TEXTURE: [ID 1] Texture loaded successfully (1x1 | R8G8B8A8 | 1 mipmaps)
INFO: TEXTURE: [ID 1] Default texture loaded successfully
INFO: SHADER: [ID 1] Vertex shader compiled successfully
INFO: SHADER: [ID 2] Fragment shader compiled successfully
INFO: SHADER: [ID 3] Program shader loaded successfully
INFO: SHADER: [ID 3] Default shader loaded successfully
INFO: RLGL: Render batch vertex buffers loaded successfully in RAM (CPU)
INFO: RLGL: Render batch vertex buffers loaded successfully in VRAM (GPU)
INFO: RLGL: Default OpenGL state initialized successfully
INFO: TEXTURE: [ID 2] Texture loaded successfully (128x128 | GRAY_ALPHA | 1 mipmaps)
INFO: FONT: Default font loaded successfully (224 glyphs)
INFO: SYSTEM: Working Directory: D:\Programming\GitHub\Timesplitters
INFO: AUDIO: Device initialized successfully
INFO:     > Backend:       miniaudio | WASAPI
INFO:     > Format:        32-bit IEEE Floating Point -> 32-bit IEEE Floating Point
INFO:     > Channels:      2 -> 2
INFO:     > Sample rate:   48000 -> 48000
INFO:     > Periods size:  1440
INFO: TIMER: Target time per frame: 16.667 milliseconds
Loading segment: 0x200000 - 0x1ff5390 (filesz: 0x1afd94, memsz: 0x1df5390)
Registered code region: 200000 - 3afd94[kernel:callback-arena] base=0x80000 end=0x100000
ELF file loaded successfully. Entry point: 0x200008[TS:pad-script] D:\Programming\GitHub\Timesplitters\scripts\pad\frontend-smoke.pad
Starting execution at address 0x200008INFO: TEXTURE: [ID 3] Texture loaded successfully (640x512 | R8G8B8A8 | 1 mipmaps)
[SetupHeap] base=0x1ff5390 alignedBase=0x1ff5390 size=0x8000 runtimeBase=0x1ff5390 runtimeEnd=0x1ff5390
[ps2xIOP] [IOP] loaded IRX id=1 entry=0x10abc base=0x10000 start=0
[SifInitRpc] Initialized[SIF module] load-emulated id=1 ref=1 path="cdrom0:\MODULES\SIO2MAN.IRX;1"
[ps2xIOP] [IOP] loaded IRX id=2 entry=0x11d54 base=0x11300 start=0
[SIF module] load-emulated id=2 ref=1 path="cdrom0:\MODULES\MTAPMAN.IRX;1"
[ps2xIOP] [IOP] loaded IRX id=3 entry=0x15e68 base=0x13000 start=0
[SIF module] load-emulated id=3 ref=1 path="cdrom0:\MODULES\PADMAN.IRX;1"
[ps2xIOP] [IOP] loaded IRX id=4 entry=0x1c458 base=0x1c300 start=0
[SIF module] load-emulated id=4 ref=1 path="cdrom0:\MODULES\MCMAN.IRX;1"
[ps2xIOP] [IOP] loaded IRX id=5 entry=0x3fb40 base=0x3fb00 start=0
[SIF module] load-emulated id=5 ref=1 path="cdrom0:\MODULES\MCSERV.IRX;1"
[ps2xIOP] [IOP] loaded IRX id=6 entry=0x46830 base=0x42e00 start=0
[SIF module] load-emulated id=6 ref=1 path="cdrom0:\MODULES\LIBSD.IRX;1"
[ps2xIOP] [IOP printf] sdr driver version 1.4.0 (C)SCEI

[ps2xIOP] [IOP printf]  Exit rsd_main 

[ps2xIOP] [IOP] loaded IRX id=7 entry=0x47500 base=0x47500 start=0
[SIF module] load-emulated id=7 ref=1 path="cdrom0:\MODULES\SDRDRV.IRX;1"
[ps2xIOP] [IOP printf] FRD Stream Driver v%d.%d

[ps2xIOP] [IOP printf] Exit stream loader thread

[ps2xIOP] [IOP] loaded IRX id=8 entry=0x48700 base=0x48700 start=0
[SIF module] load-emulated id=8 ref=1 path="cdrom0:\MODULES\STREAM.IRX;1"
[gs:reg] idx=0 reg=0x41 value=0x8005
[gs:copy-reg] reg=0x41 value=0x8005 primCtxt=0 ctx0fbp=0 ctx1fbp=0
[gs:reg] idx=1 reg=0x42 value=0x3
[gs:reg] idx=2 reg=0x4c value=0x100000
[gs:reg] idx=3 reg=0x18 value=0x0
[gs:reg] idx=4 reg=0x40 value=0x400000004000000
[gs:reg] idx=5 reg=0x47 value=0x0
[gs:reg] idx=6 reg=0x0 value=0x6
[gs:copy-reg] reg=0x0 value=0x6 primCtxt=0 ctx0fbp=0 ctx1fbp=0
[gs:reg] idx=7 reg=0x1 value=0x3f80000000000000
[gs:reg] idx=8 reg=0x4 value=0x0
[gs:kick] idx=0 drawing=1 prim=6 vtxCount=1
[gs:reg] idx=9 reg=0x4 value=0x40004000
[gs:kick] idx=1 drawing=1 prim=6 vtxCount=2
[gs:prim] idx=0 type=6 tme=0 abe=0 fst=0 ctxt=0 fbp=0 fbw=16 psm=0x0 tex0=(tbp0=0 tbw=0 psm=0x0 tw=0 th=0 tcc=0 tfx=0 cbp=0 cpsm=0x0 csm=0 csa=0) texclut=(cbw=0 cou=0 cov=0) ofx=0 ofy=0 scissor=(0,0)-(1024,1024) test=0x0 alpha=0x3 v0=(0,0) uv0=(0,0) stq0=(0,0,1) v1=(1024,1024) uv1=(0,0) stq1=(0,0,1) v2=(0,0) uv2=(0,0) stq2=(0,0,1) rgba0=(0,0,0,0) rgba1=(0,0,0,0) rgba2=(0,0,0,0)
[sceDmaSend] ch=0x1000a000 madr=0x3136b0 qwc=0xa tadr=0x3136b0 chcr=0x181
[ps2xIOP] [IOP printf] goto stream cmd loop

[gs:reg] idx=10 reg=0x4c value=0x20a0000
[gs:reg] idx=11 reg=0x18 value=0x790800006c00
[gs:reg] idx=12 reg=0x40 value=0xdf0000027f0000
[gs:reg] idx=13 reg=0x47 value=0x30000
[gs:reg] idx=14 reg=0x4c value=0x20a0000
[gs:reg] idx=15 reg=0x18 value=0x790000006c00
[gs:reg] idx=16 reg=0x40 value=0xdf0000027f0000
[gs:reg] idx=17 reg=0x47 value=0x30000
[gs:reg] idx=18 reg=0x4c value=0x20a0000
[gs:reg] idx=19 reg=0x18 value=0x790800006c00
[gs:reg] idx=20 reg=0x40 value=0xdf0000027f0000
[gs:reg] idx=21 reg=0x47 value=0x30000
[gs:reg] idx=22 reg=0x4c value=0x20a0000
[gs:reg] idx=23 reg=0x18 value=0x790000006c00
[gs:reg] idx=24 reg=0x40 value=0xdf0000027f0000
[gs:reg] idx=25 reg=0x47 value=0x30000
[gs:reg] idx=26 reg=0x4c value=0x20a0000
[gs:reg] idx=27 reg=0x18 value=0x790800006c00
[gs:reg] idx=28 reg=0x40 value=0xdf0000027f0000
[gs:reg] idx=29 reg=0x47 value=0x30000
[gs:reg] idx=30 reg=0x4c value=0x20a0000
[gs:reg] idx=31 reg=0x18 value=0x790000006c00
[gs:reg] idx=32 reg=0x40 value=0xdf0000027f0000
[gs:reg] idx=33 reg=0x47 value=0x30000
[run:tick] tick=120 pc=0x201b90 ra=0x201b90 sp=0x1ffff00 gp=0x3b47f0 dispfb1=0x11400 display1=0xdf27f000202a4 activeThreads=1 dma=2 gif=2 gsw=0 vif=0
[gs:reg] idx=34 reg=0x4c value=0x20a0000
[gs:reg] idx=35 reg=0x18 value=0x790800006c00
[gs:reg] idx=36 reg=0x40 value=0xdf0000027f0000
[gs:reg] idx=37 reg=0x47 value=0x30000
[gs:reg] idx=38 reg=0x4c value=0x20a0000
[gs:reg] idx=39 reg=0x18 value=0x790000006c00
[gs:reg] idx=40 reg=0x40 value=0xdf0000027f0000
[gs:reg] idx=41 reg=0x47 value=0x30000
[gs:reg] idx=42 reg=0x4c value=0x20a0000
[gs:reg] idx=43 reg=0x18 value=0x790800006c00
[gs:reg] idx=44 reg=0x40 value=0xdf0000027f0000
[gs:reg] idx=45 reg=0x47 value=0x30000
[gs:reg] idx=46 reg=0x4c value=0x20a0000
[gs:reg] idx=47 reg=0x18 value=0x790000006c00
[gs:reg] idx=48 reg=0x40 value=0xdf0000027f0000
[gs:reg] idx=49 reg=0x47 value=0x30000
[gs:reg] idx=50 reg=0x4c value=0x20a0000
[gs:reg] idx=51 reg=0x18 value=0x790800006c00
[gs:reg] idx=52 reg=0x40 value=0xdf0000027f0000
[gs:reg] idx=53 reg=0x47 value=0x30000
[gs:reg] idx=54 reg=0x4c value=0x20a0000
[gs:reg] idx=55 reg=0x18 value=0x790000006c00
[gs:reg] idx=56 reg=0x40 value=0xdf0000027f0000
[gs:reg] idx=57 reg=0x47 value=0x30000
[gs:reg] idx=58 reg=0x4c value=0x20a0000
[gs:reg] idx=59 reg=0x18 value=0x790800006c00
[gs:reg] idx=60 reg=0x40 value=0xdf0000027f0000
[gs:reg] idx=61 reg=0x47 value=0x30000
[gs:reg] idx=62 reg=0x4c value=0x20a0000
[gs:reg] idx=63 reg=0x18 value=0x790000006c00
[gs:reg] idx=64 reg=0x40 value=0xdf0000027f0000
[gs:reg] idx=65 reg=0x47 value=0x30000
[gs:reg] idx=66 reg=0x4c value=0x20a0000
[gs:reg] idx=67 reg=0x18 value=0x790800006c00
[gs:reg] idx=68 reg=0x40 value=0xdf0000027f0000
[gs:reg] idx=69 reg=0x47 value=0x30000
[gs:reg] idx=70 reg=0x4c value=0x20a0000
[gs:reg] idx=71 reg=0x18 value=0x790000006c00
[gs:reg] idx=72 reg=0x40 value=0xdf0000027f0000
[gs:reg] idx=73 reg=0x47 value=0x30000
[gs:reg] idx=74 reg=0x4c value=0x20a0000
[gs:reg] idx=75 reg=0x18 value=0x790800006c00
[gs:reg] idx=76 reg=0x40 value=0xdf0000027f0000
[gs:reg] idx=77 reg=0x47 value=0x30000
[gs:reg] idx=78 reg=0x4c value=0x20a0000
[gs:reg] idx=79 reg=0x18 value=0x790000006c00
[gs:reg] idx=80 reg=0x40 value=0xdf0000027f0000
[gs:reg] idx=81 reg=0x47 value=0x30000
[gs:reg] idx=82 reg=0x4c value=0x20a0000
[gs:reg] idx=83 reg=0x18 value=0x790800006c00
[gs:reg] idx=84 reg=0x40 value=0xdf0000027f0000
[gs:reg] idx=85 reg=0x47 value=0x30000
[gs:reg] idx=86 reg=0x4c value=0x20a0000
[gs:reg] idx=87 reg=0x18 value=0x790000006c00
[gs:reg] idx=88 reg=0x40 value=0xdf0000027f0000
[gs:reg] idx=89 reg=0x47 value=0x30000
[run:tick] tick=240 pc=0x201a88 ra=0x2001f4 sp=0x1ffff10 gp=0x3b47f0 dispfb1=0x11400 display1=0xdf27f000202a4 activeThreads=1 dma=2 gif=2 gsw=0 vif=0
[gs:reg] idx=90 reg=0x4c value=0x20a0000
[gs:reg] idx=91 reg=0x18 value=0x790800006c00
[gs:reg] idx=92 reg=0x40 value=0xdf0000027f0000
[gs:reg] idx=93 reg=0x47 value=0x30000
[gs:reg] idx=94 reg=0x4c value=0x20a0000
[gs:reg] idx=95 reg=0x18 value=0x790000006c00
[gs:reg] idx=96 reg=0x40 value=0xdf0000027f0000
[gs:reg] idx=97 reg=0x47 value=0x30000
[gs:reg] idx=98 reg=0x4c value=0x20a0000
[gs:reg] idx=99 reg=0x18 value=0x790800006c00
[gs:reg] idx=100 reg=0x40 value=0xdf0000027f0000
[gs:reg] idx=101 reg=0x47 value=0x30000
[pad:open] port=0 slot=0 dma=0x31c740 connected=1
[pad:open] port=0 slot=1 dma=0x31c8c0 connected=0
[pad:open] port=0 slot=2 dma=0x31ca40 connected=0
[pad:open] port=0 slot=3 dma=0x31cbc0 connected=0
[pad:open] port=1 slot=0 dma=0x31cd40 connected=1
[pad:open] port=1 slot=1 dma=0x31cec0 connected=0
[pad:open] port=1 slot=2 dma=0x31d040 connected=0
[pad:open] port=1 slot=3 dma=0x31d1c0 connected=0
PS2 printf: Timezone=-300
PS2 printf: SummerTime=0
PS2 GsGetIMR: Returning IMR=0x0 pc=0x2d0448 ra=0x2ce948
PS2 GsGetIMR: Returning IMR=0x0 pc=0x2d0448 ra=0x2ce888
PS2 GsPutIMR:  new=0x0 a0_64=0x0 a0_32=0x0 a1_32=0x0 pc=0x2950248 ra=0x2943124
[gs:reg] idx=102 reg=0x4c value=0x20a0000
[gs:reg] idx=103 reg=0x18 value=0x790000006c00
[gs:reg] idx=104 reg=0x40 value=0xdf0000027f0000
[gs:reg] idx=105 reg=0x47 value=0x30000
[gs:reg] idx=106 reg=0x4c value=0x20a0000
[gs:reg] idx=107 reg=0x18 value=0x790800006c00
[gs:reg] idx=108 reg=0x40 value=0xdf0000027f0000
[gs:reg] idx=109 reg=0x47 value=0x30000
[gs:reg] idx=110 reg=0x4c value=0x20a0000
[gs:reg] idx=111 reg=0x18 value=0x790000006c00
[gs:reg] idx=112 reg=0x40 value=0xdf0000027f0000
[gs:reg] idx=113 reg=0x47 value=0x30000
[gs:reg] idx=114 reg=0x4c value=0x20a0000
[gs:reg] idx=115 reg=0x18 value=0x790800006c00
[gs:reg] idx=116 reg=0x40 value=0xdf0000027f0000
[gs:reg] idx=117 reg=0x47 value=0x30000
[gs:reg] idx=118 reg=0x4c value=0x20a0000
[gs:reg] idx=119 reg=0x18 value=0x790000006c00
[gs:reg] idx=120 reg=0x40 value=0xdf0000027f0000
[gs:reg] idx=121 reg=0x47 value=0x30000
[gs:reg] idx=122 reg=0x4c value=0x20a0000
[gs:reg] idx=123 reg=0x18 value=0x790800006c00
[gs:reg] idx=124 reg=0x40 value=0xdf0000027f0000
[gs:reg] idx=125 reg=0x47 value=0x30000
[gs:reg] idx=126 reg=0x4c value=0x20a0000
[gs:reg] idx=127 reg=0x18 value=0x790000006c00
[run:tick] tick=360 pc=0x201a88 ra=0x201c04 sp=0x1eb1ed0 gp=0x3b47f0 dispfb1=0x11400 display1=0xdf27f000202a4 activeThreads=3 dma=2 gif=2 gsw=0 vif=0
[frame:upload] idx=0 tick=3 displayFbp=0 sourceFbp=0 size=640x224 preferred=0
[gs:copy-reg] reg=0x0 value=0x4e primCtxt=0 ctx0fbp=0 ctx1fbp=0
[gs:kick] idx=2 drawing=1 prim=6 vtxCount=1
[gs:kick] idx=3 drawing=1 prim=6 vtxCount=2
[gs:prim] idx=1 type=6 tme=0 abe=1 fst=0 ctxt=0 fbp=0 fbw=10 psm=0x2 tex0=(tbp0=0 tbw=0 psm=0x0 tw=0 th=0 tcc=0 tfx=0 cbp=0 cpsm=0x0 csm=0 csa=0) texclut=(cbw=0 cou=0 cov=0) ofx=1728 ofy=1936 scissor=(0,0)-(639,223) test=0x30000 alpha=0x3 v0=(1728,1936) uv0=(0,0) stq0=(0,0,1) v1=(2369,2161) uv1=(0,0) stq1=(0,0,1) v2=(0,0) uv2=(0,0) stq2=(0,0,1) rgba0=(0,0,0,128) rgba1=(0,0,0,128) rgba2=(0,0,0,0)
[gs:copy-reg] reg=0x0 value=0x4c primCtxt=0 ctx0fbp=0 ctx1fbp=0
[gs:packed-xyzf] idx=0 x=32768 y=32768 z=0x8000 fog=0 kick=1 prim=4
[gs:kick] idx=4 drawing=1 prim=4 vtxCount=1
[gs:packed-xyzf] idx=1 x=32768 y=32768 z=0x8000 fog=0 kick=1 prim=4
[gs:kick] idx=5 drawing=1 prim=4 vtxCount=2
[gs:packed-xyzf] idx=2 x=32768 y=32768 z=0x8000 fog=0 kick=1 prim=4
[gs:kick] idx=6 drawing=1 prim=4 vtxCount=3
[gs:prim] idx=2 type=4 tme=0 abe=1 fst=0 ctxt=0 fbp=0 fbw=10 psm=0x2 tex0=(tbp0=5184 tbw=8 psm=0x13 tw=9 th=7 tcc=1 tfx=0 cbp=16356 cpsm=0x0 csm=0 csa=0) texclut=(cbw=0 cou=0 cov=0) ofx=1728 ofy=1936 scissor=(0,0)-(639,223) test=0x50000 alpha=0x3 v0=(2048,2048) uv0=(0,0) stq0=(0,0,1) v1=(2048,2048) uv1=(0,0) stq1=(0,0,1) v2=(2048,2048) uv2=(0,0) stq2=(0,0,1) rgba0=(255,255,255,255) rgba1=(255,255,255,255) rgba2=(255,255,255,255)
[gs:copy-reg] reg=0x0 value=0x156 primCtxt=0 ctx0fbp=0 ctx1fbp=0
[gs:packed-xyz] idx=3 x=28672 y=31136 z=0xffffffff kick=1 prim=6
[gs:kick] idx=7 drawing=1 prim=6 vtxCount=1
[gs:packed-xyz] idx=4 x=36864 y=32160 z=0xffffffff kick=1 prim=6
[gs:kick] idx=8 drawing=1 prim=6 vtxCount=2
[gs:prim] idx=3 type=6 tme=1 abe=1 fst=1 ctxt=0 fbp=0 fbw=10 psm=0x2 tex0=(tbp0=5184 tbw=8 psm=0x13 tw=9 th=7 tcc=1 tfx=0 cbp=16356 cpsm=0x0 csm=0 csa=0) texclut=(cbw=0 cou=0 cov=0) ofx=1728 ofy=1936 scissor=(0,0)-(639,223) test=0x30000 alpha=0x3 v0=(1792,1946) uv0=(0,0) stq0=(0,0,1) v1=(2304,2010) uv1=(512,128) stq1=(0,0,1) v2=(0,0) uv2=(0,0) stq2=(0,0,1) rgba0=(127,127,127,127) rgba1=(127,127,127,127) rgba2=(0,0,0,0)
[gs:copy-reg] reg=0x0 value=0x4c primCtxt=0 ctx0fbp=0 ctx1fbp=0
[gs:packed-xyzf] idx=5 x=32768 y=32768 z=0x8000 fog=0 kick=1 prim=4
[gs:kick] idx=9 drawing=1 prim=4 vtxCount=1
[gs:packed-xyzf] idx=6 x=32768 y=32768 z=0x8000 fog=0 kick=1 prim=4
[gs:kick] idx=10 drawing=1 prim=4 vtxCount=2
[gs:packed-xyzf] idx=7 x=32768 y=32768 z=0x8000 fog=0 kick=1 prim=4
[gs:kick] idx=11 drawing=1 prim=4 vtxCount=3
[gs:prim] idx=4 type=4 tme=0 abe=1 fst=0 ctxt=0 fbp=0 fbw=10 psm=0x2 tex0=(tbp0=5440 tbw=8 psm=0x13 tw=9 th=7 tcc=1 tfx=0 cbp=16360 cpsm=0x0 csm=0 csa=0) texclut=(cbw=0 cou=0 cov=0) ofx=1728 ofy=1936 scissor=(0,0)-(639,223) test=0x50000 alpha=0x3 v0=(2048,2048) uv0=(512,128) stq0=(0,0,1) v1=(2048,2048) uv1=(512,128) stq1=(0,0,1) v2=(2048,2048) uv2=(512,128) stq2=(0,0,1) rgba0=(255,255,255,255) rgba1=(255,255,255,255) rgba2=(255,255,255,255)
[gs:copy-reg] reg=0x0 value=0x156 primCtxt=0 ctx0fbp=0 ctx1fbp=0
[gs:packed-xyz] idx=8 x=28672 y=32160 z=0xffffffff kick=1 prim=6
[gs:kick] idx=12 drawing=1 prim=6 vtxCount=1
[gs:packed-xyz] idx=9 x=36864 y=33184 z=0xffffffff kick=1 prim=6
[gs:kick] idx=13 drawing=1 prim=6 vtxCount=2
[gs:prim] idx=5 type=6 tme=1 abe=1 fst=1 ctxt=0 fbp=0 fbw=10 psm=0x2 tex0=(tbp0=5440 tbw=8 psm=0x13 tw=9 th=7 tcc=1 tfx=0 cbp=16360 cpsm=0x0 csm=0 csa=0) texclut=(cbw=0 cou=0 cov=0) ofx=1728 ofy=1936 scissor=(0,0)-(639,223) test=0x30000 alpha=0x3 v0=(1792,2010) uv0=(0,0) stq0=(0,0,1) v1=(2304,2074) uv1=(512,128) stq1=(0,0,1) v2=(0,0) uv2=(0,0) stq2=(0,0,1) rgba0=(127,127,127,127) rgba1=(127,127,127,127) rgba2=(0,0,0,0)
[gs:copy-reg] reg=0x0 value=0x4c primCtxt=0 ctx0fbp=0 ctx1fbp=0
[gs:packed-xyzf] idx=10 x=32768 y=32768 z=0x8000 fog=0 kick=1 prim=4
[gs:kick] idx=14 drawing=1 prim=4 vtxCount=1
[gs:packed-xyzf] idx=11 x=32768 y=32768 z=0x8000 fog=0 kick=1 prim=4
[gs:kick] idx=15 drawing=1 prim=4 vtxCount=2
[gs:packed-xyzf] idx=12 x=32768 y=32768 z=0x8000 fog=0 kick=1 prim=4
[gs:kick] idx=16 drawing=1 prim=4 vtxCount=3
[gs:prim] idx=6 type=4 tme=0 abe=1 fst=0 ctxt=0 fbp=0 fbw=10 psm=0x2 tex0=(tbp0=5696 tbw=8 psm=0x13 tw=9 th=6 tcc=1 tfx=0 cbp=16364 cpsm=0x0 csm=0 csa=0) texclut=(cbw=0 cou=0 cov=0) ofx=1728 ofy=1936 scissor=(0,0)-(639,223) test=0x50000 alpha=0x3 v0=(2048,2048) uv0=(512,128) stq0=(0,0,1) v1=(2048,2048) uv1=(512,128) stq1=(0,0,1) v2=(2048,2048) uv2=(512,128) stq2=(0,0,1) rgba0=(255,255,255,255) rgba1=(255,255,255,255) rgba2=(255,255,255,255)
[gs:copy-reg] reg=0x0 value=0x156 primCtxt=0 ctx0fbp=0 ctx1fbp=0
[gs:packed-xyz] idx=13 x=28672 y=33184 z=0xffffffff kick=1 prim=6
[gs:kick] idx=17 drawing=1 prim=6 vtxCount=1
[gs:packed-xyz] idx=14 x=36864 y=33696 z=0xffffffff kick=1 prim=6
[gs:kick] idx=18 drawing=1 prim=6 vtxCount=2
[gs:prim] idx=7 type=6 tme=1 abe=1 fst=1 ctxt=0 fbp=0 fbw=10 psm=0x2 tex0=(tbp0=5696 tbw=8 psm=0x13 tw=9 th=6 tcc=1 tfx=0 cbp=16364 cpsm=0x0 csm=0 csa=0) texclut=(cbw=0 cou=0 cov=0) ofx=1728 ofy=1936 scissor=(0,0)-(639,223) test=0x30000 alpha=0x3 v0=(1792,2074) uv0=(0,0) stq0=(0,0,1) v1=(2304,2106) uv1=(512,64) stq1=(0,0,1) v2=(0,0) uv2=(0,0) stq2=(0,0,1) rgba0=(127,127,127,127) rgba1=(127,127,127,127) rgba2=(0,0,0,0)
[gs:copy-reg] reg=0x49 value=0x0 primCtxt=0 ctx0fbp=0 ctx1fbp=0
[gs:texa] idx=0 value=0x0 ta0=0x0 aem=0 ta1=0x0
[gs:copy-reg] reg=0x0 value=0x4c primCtxt=0 ctx0fbp=0 ctx1fbp=0
[gs:packed-xyzf] idx=15 x=32768 y=32768 z=0x8000 fog=0 kick=1 prim=4
[gs:kick] idx=19 drawing=1 prim=4 vtxCount=1
[gs:packed-xyzf] idx=16 x=32768 y=32768 z=0x8000 fog=0 kick=1 prim=4
[gs:kick] idx=20 drawing=1 prim=4 vtxCount=2
[gs:packed-xyzf] idx=17 x=32768 y=32768 z=0x8000 fog=0 kick=1 prim=4
[gs:kick] idx=21 drawing=1 prim=4 vtxCount=3
[gs:prim] idx=8 type=4 tme=0 abe=1 fst=0 ctxt=0 fbp=0 fbw=10 psm=0x2 tex0=(tbp0=5120 tbw=2 psm=0x13 tw=7 th=7 tcc=1 tfx=0 cbp=16352 cpsm=0x0 csm=0 csa=0) texclut=(cbw=0 cou=0 cov=0) ofx=1728 ofy=1936 scissor=(0,0)-(639,223) test=0x30000 alpha=0x44 v0=(2048,2048) uv0=(512,64) stq0=(0,0,1) v1=(2048,2048) uv1=(512,64) stq1=(0,0,1) v2=(2048,2048) uv2=(512,64) stq2=(0,0,1) rgba0=(255,255,255,255) rgba1=(255,255,255,255) rgba2=(255,255,255,255)
[gs:copy-reg] reg=0x0 value=0x156 primCtxt=0 ctx0fbp=0 ctx1fbp=0
[gs:packed-xyz] idx=18 x=28592 y=33904 z=0xffffffff kick=1 prim=6
[gs:kick] idx=22 drawing=1 prim=6 vtxCount=1
[gs:packed-xyz] idx=19 x=28656 y=33936 z=0xffffffff kick=1 prim=6
[gs:kick] idx=23 drawing=1 prim=6 vtxCount=2
[gs:prim] idx=9 type=6 tme=1 abe=1 fst=1 ctxt=0 fbp=0 fbw=10 psm=0x2 tex0=(tbp0=5120 tbw=2 psm=0x13 tw=7 th=7 tcc=1 tfx=0 cbp=16352 cpsm=0x0 csm=0 csa=0) texclut=(cbw=0 cou=0 cov=0) ofx=1728 ofy=1936 scissor=(0,0)-(639,223) test=0x30000 alpha=0x44 v0=(1787,2119) uv0=(5,0) stq0=(0,0,1) v1=(1791,2121) uv1=(14,4) stq1=(0,0,1) v2=(0,0) uv2=(0,0) stq2=(0,0,1) rgba0=(127,127,127,127) rgba1=(127,127,127,127) rgba2=(0,0,0,0)
[gs:copy-reg] reg=0x0 value=0x156 primCtxt=0 ctx0fbp=0 ctx1fbp=0
[gs:packed-xyz] idx=20 x=28656 y=33904 z=0xffffffff kick=1 prim=6
[gs:kick] idx=24 drawing=1 prim=6 vtxCount=1
[gs:packed-xyz] idx=21 x=28784 y=33984 z=0xffffffff kick=1 prim=6
[gs:kick] idx=25 drawing=1 prim=6 vtxCount=2
[gs:prim] idx=10 type=6 tme=1 abe=1 fst=1 ctxt=0 fbp=0 fbw=10 psm=0x2 tex0=(tbp0=5120 tbw=2 psm=0x13 tw=7 th=7 tcc=1 tfx=0 cbp=16352 cpsm=0x0 csm=0 csa=0) texclut=(cbw=0 cou=0 cov=0) ofx=1728 ofy=1936 scissor=(0,0)-(639,223) test=0x30000 alpha=0x44 v0=(1791,2119) uv0=(103,49) stq0=(0,0,1) v1=(1799,2124) uv1=(119,58) stq1=(0,0,1) v2=(0,0) uv2=(0,0) stq2=(0,0,1) rgba0=(127,127,127,127) rgba1=(127,127,127,127) rgba2=(0,0,0,0)
[gs:copy-reg] reg=0x0 value=0x156 primCtxt=0 ctx0fbp=0 ctx1fbp=0
[gs:packed-xyz] idx=22 x=28784 y=33904 z=0xffffffff kick=1 prim=6
[gs:kick] idx=26 drawing=1 prim=6 vtxCount=1
[gs:packed-xyz] idx=23 x=28816 y=33984 z=0xffffffff kick=1 prim=6
[gs:kick] idx=27 drawing=1 prim=6 vtxCount=2
[gs:prim] idx=11 type=6 tme=1 abe=1 fst=1 ctxt=0 fbp=0 fbw=10 psm=0x2 tex0=(tbp0=5120 tbw=2 psm=0x13 tw=7 th=7 tcc=1 tfx=0 cbp=16352 cpsm=0x0 csm=0 csa=0) texclut=(cbw=0 cou=0 cov=0) ofx=1728 ofy=1936 scissor=(0,0)-(639,223) test=0x30000 alpha=0x44 v0=(1799,2119) uv0=(116,73) stq0=(0,0,1) v1=(1801,2124) uv1=(121,82) stq1=(0,0,1) v2=(0,0) uv2=(0,0) stq2=(0,0,1) rgba0=(127,127,127,127) rgba1=(127,127,127,127) rgba2=(0,0,0,0)
[gs:copy-reg] reg=0x0 value=0x156 primCtxt=0 ctx0fbp=0 ctx1fbp=0
[gs:packed-xyz] idx=24 x=28816 y=33920 z=0xffffffff kick=1 prim=6
[gs:kick] idx=28 drawing=1 prim=6 vtxCount=1
[gs:packed-xyz] idx=25 x=28960 y=33984 z=0xffffffff kick=1 prim=6
[gs:kick] idx=29 drawing=1 prim=6 vtxCount=2
[gs:prim] idx=12 type=6 tme=1 abe=1 fst=1 ctxt=0 fbp=0 fbw=10 psm=0x2 tex0=(tbp0=5120 tbw=2 psm=0x13 tw=7 th=7 tcc=1 tfx=0 cbp=16352 cpsm=0x0 csm=0 csa=0) texclut=(cbw=0 cou=0 cov=0) ofx=1728 ofy=1936 scissor=(0,0)-(639,223) test=0x30000 alpha=0x44 v0=(1801,2120) uv0=(25,87) stq0=(0,0,1) v1=(1810,2124) uv1=(44,94) stq1=(0,0,1) v2=(0,0) uv2=(0,0) stq2=(0,0,1) rgba0=(127,127,127,127) rgba1=(127,127,127,127) rgba2=(0,0,0,0)
[gs:copy-reg] reg=0x0 value=0x156 primCtxt=0 ctx0fbp=0 ctx1fbp=0
[gs:packed-xyz] idx=26 x=28960 y=33920 z=0xffffffff kick=1 prim=6
[gs:kick] idx=30 drawing=1 prim=6 vtxCount=1
[gs:packed-xyz] idx=27 x=29056 y=33984 z=0xffffffff kick=1 prim=6
[gs:kick] idx=31 drawing=1 prim=6 vtxCount=2
[gs:prim] idx=13 type=6 tme=1 abe=1 fst=1 ctxt=0 fbp=0 fbw=10 psm=0x2 tex0=(tbp0=5120 tbw=2 psm=0x13 tw=7 th=7 tcc=1 tfx=0 cbp=16352 cpsm=0x0 csm=0 csa=0) texclut=(cbw=0 cou=0 cov=0) ofx=1728 ofy=1936 scissor=(0,0)-(639,223) test=0x30000 alpha=0x44 v0=(1810,2120) uv0=(70,75) stq0=(0,0,1) v1=(1816,2124) uv1=(82,82) stq1=(0,0,1) v2=(0,0) uv2=(0,0) stq2=(0,0,1) rgba0=(127,127,127,127) rgba1=(127,127,127,127) rgba2=(0,0,0,0)
[gs:copy-reg] reg=0x0 value=0x156 primCtxt=0 ctx0fbp=0 ctx1fbp=0
[gs:packed-xyz] idx=28 x=29040 y=33904 z=0xffffffff kick=1 prim=6
[gs:kick] idx=32 drawing=1 prim=6 vtxCount=1
[gs:packed-xyz] idx=29 x=29136 y=33984 z=0xffffffff kick=1 prim=6
[gs:kick] idx=33 drawing=1 prim=6 vtxCount=2
[gs:prim] idx=14 type=6 tme=1 abe=1 fst=1 ctxt=0 fbp=0 fbw=10 psm=0x2 tex0=(tbp0=5120 tbw=2 psm=0x13 tw=7 th=7 tcc=1 tfx=0 cbp=16352 cpsm=0x0 csm=0 csa=0) texclut=(cbw=0 cou=0 cov=0) ofx=1728 ofy=1936 scissor=(0,0)-(639,223) test=0x30000 alpha=0x44 v0=(1815,2119) uv0=(91,49) stq0=(0,0,1) v1=(1821,2124) uv1=(103,58) stq1=(0,0,1) v2=(0,0) uv2=(0,0) stq2=(0,0,1) rgba0=(127,127,127,127) rgba1=(127,127,127,127) rgba2=(0,0,0,0)
[gs:copy-reg] reg=0x0 value=0x156 primCtxt=0 ctx0fbp=0 ctx1fbp=0
[gs:packed-xyz] idx=30 x=29120 y=33920 z=0xffffffff kick=1 prim=6
[gs:kick] idx=34 drawing=1 prim=6 vtxCount=1
[gs:packed-xyz] idx=31 x=29216 y=34000 z=0xffffffff kick=1 prim=6
[gs:kick] idx=35 drawing=1 prim=6 vtxCount=2
[gs:prim] idx=15 type=6 tme=1 abe=1 fst=1 ctxt=0 fbp=0 fbw=10 psm=0x2 tex0=(tbp0=5120 tbw=2 psm=0x13 tw=7 th=7 tcc=1 tfx=0 cbp=16352 cpsm=0x0 csm=0 csa=0) texclut=(cbw=0 cou=0 cov=0) ofx=1728 ofy=1936 scissor=(0,0)-(639,223) test=0x30000 alpha=0x44 v0=(1820,2120) uv0=(68,87) stq0=(0,0,1) v1=(1826,2125) uv1=(81,95) stq1=(0,0,1) v2=(0,0) uv2=(0,0) stq2=(0,0,1) rgba0=(127,127,127,127) rgba1=(127,127,127,127) rgba2=(0,0,0,0)
[gs:copy-reg] reg=0x0 value=0x156 primCtxt=0 ctx0fbp=0 ctx1fbp=0
[gs:packed-xyz] idx=32 x=29216 y=33904 z=0xffffffff kick=1 prim=6
[gs:kick] idx=36 drawing=1 prim=6 vtxCount=1
[gs:packed-xyz] idx=33 x=29248 y=33984 z=0xffffffff kick=1 prim=6
[gs:kick] idx=37 drawing=1 prim=6 vtxCount=2
[gs:prim] idx=16 type=6 tme=1 abe=1 fst=1 ctxt=0 fbp=0 fbw=10 psm=0x2 tex0=(tbp0=5120 tbw=2 psm=0x13 tw=7 th=7 tcc=1 tfx=0 cbp=16352 cpsm=0x0 csm=0 csa=0) texclut=(cbw=0 cou=0 cov=0) ofx=1728 ofy=1936 scissor=(0,0)-(639,223) test=0x30000 alpha=0x44 v0=(1826,2119) uv0=(20,84) stq0=(0,0,1) v1=(1828,2124) uv1=(25,94) stq1=(0,0,1) v2=(0,0) uv2=(0,0) stq2=(0,0,1) rgba0=(127,127,127,127) rgba1=(127,127,127,127) rgba2=(0,0,0,0)
[gs:copy-reg] reg=0x0 value=0x156 primCtxt=0 ctx0fbp=0 ctx1fbp=0
[gs:packed-xyz] idx=34 x=29248 y=33904 z=0xffffffff kick=1 prim=6
[gs:kick] idx=38 drawing=1 prim=6 vtxCount=1
[gs:packed-xyz] idx=35 x=29280 y=33984 z=0xffffffff kick=1 prim=6
[gs:kick] idx=39 drawing=1 prim=6 vtxCount=2
[gs:prim] idx=17 type=6 tme=1 abe=1 fst=1 ctxt=0 fbp=0 fbw=10 psm=0x2 tex0=(tbp0=5120 tbw=2 psm=0x13 tw=7 th=7 tcc=1 tfx=0 cbp=16352 cpsm=0x0 csm=0 csa=0) texclut=(cbw=0 cou=0 cov=0) ofx=1728 ofy=1936 scissor=(0,0)-(639,223) test=0x30000 alpha=0x44 v0=(1828,2119) uv0=(116,73) stq0=(0,0,1) v1=(1830,2124) uv1=(121,82) stq1=(0,0,1) v2=(0,0) uv2=(0,0) stq2=(0,0,1) rgba0=(127,127,127,127) rgba1=(127,127,127,127) rgba2=(0,0,0,0)
[gs:copy-reg] reg=0x0 value=0x156 primCtxt=0 ctx0fbp=0 ctx1fbp=0
[gs:packed-xyz] idx=36 x=29280 y=33920 z=0xffffffff kick=1 prim=6
[gs:kick] idx=40 drawing=1 prim=6 vtxCount=1
[gs:packed-xyz] idx=37 x=29344 y=33984 z=0xffffffff kick=1 prim=6
[gs:kick] idx=41 drawing=1 prim=6 vtxCount=2
[gs:prim] idx=18 type=6 tme=1 abe=1 fst=1 ctxt=0 fbp=0 fbw=10 psm=0x2 tex0=(tbp0=5120 tbw=2 psm=0x13 tw=7 th=7 tcc=1 tfx=0 cbp=16352 cpsm=0x0 csm=0 csa=0) texclut=(cbw=0 cou=0 cov=0) ofx=1728 ofy=1936 scissor=(0,0)-(639,223) test=0x30000 alpha=0x44 v0=(1830,2120) uv0=(113,86) stq0=(0,0,1) v1=(1834,2124) uv1=(122,94) stq1=(0,0,1) v2=(0,0) uv2=(0,0) stq2=(0,0,1) rgba0=(127,127,127,127) rgba1=(127,127,127,127) rgba2=(0,0,0,0)
[gs:copy-reg] reg=0x0 value=0x156 primCtxt=0 ctx0fbp=0 ctx1fbp=0
[gs:packed-xyz] idx=38 x=29344 y=33920 z=0xffffffff kick=1 prim=6
[gs:kick] idx=42 drawing=1 prim=6 vtxCount=1
[gs:packed-xyz] idx=39 x=29408 y=33984 z=0xffffffff kick=1 prim=6
[gs:kick] idx=43 drawing=1 prim=6 vtxCount=2
[gs:prim] idx=19 type=6 tme=1 abe=1 fst=1 ctxt=0 fbp=0 fbw=10 psm=0x2 tex0=(tbp0=5120 tbw=2 psm=0x13 tw=7 th=7 tcc=1 tfx=0 cbp=16352 cpsm=0x0 csm=0 csa=0) texclut=(cbw=0 cou=0 cov=0) ofx=1728 ofy=1936 scissor=(0,0)-(639,223) test=0x30000 alpha=0x44 v0=(1834,2120) uv0=(113,86) stq0=(0,0,1) v1=(1838,2124) uv1=(122,94) stq1=(0,0,1) v2=(0,0) uv2=(0,0) stq2=(0,0,1) rgba0=(127,127,127,127) rgba1=(127,127,127,127) rgba2=(0,0,0,0)
[gs:copy-reg] reg=0x0 value=0x156 primCtxt=0 ctx0fbp=0 ctx1fbp=0
[gs:packed-xyz] idx=40 x=29392 y=33920 z=0xffffffff kick=1 prim=6
[gs:kick] idx=44 drawing=1 prim=6 vtxCount=1
[gs:packed-xyz] idx=41 x=29488 y=33984 z=0xffffffff kick=1 prim=6
[gs:kick] idx=45 drawing=1 prim=6 vtxCount=2
[gs:prim] idx=20 type=6 tme=1 abe=1 fst=1 ctxt=0 fbp=0 fbw=10 psm=0x2 tex0=(tbp0=5120 tbw=2 psm=0x13 tw=7 th=7 tcc=1 tfx=0 cbp=16352 cpsm=0x0 csm=0 csa=0) texclut=(cbw=0 cou=0 cov=0) ofx=1728 ofy=1936 scissor=(0,0)-(639,223) test=0x30000 alpha=0x44 v0=(1837,2120) uv0=(70,75) stq0=(0,0,1) v1=(1843,2124) uv1=(82,82) stq1=(0,0,1) v2=(0,0) uv2=(0,0) stq2=(0,0,1) rgba0=(127,127,127,127) rgba1=(127,127,127,127) rgba2=(0,0,0,0)
[gs:copy-reg] reg=0x0 value=0x156 primCtxt=0 ctx0fbp=0 ctx1fbp=0
[gs:packed-xyz] idx=42 x=29472 y=33920 z=0xffffffff kick=1 prim=6
[gs:kick] idx=46 drawing=1 prim=6 vtxCount=1
[gs:packed-xyz] idx=43 x=29536 y=33984 z=0xffffffff kick=1 prim=6
[gs:kick] idx=47 drawing=1 prim=6 vtxCount=2
[gs:prim] idx=21 type=6 tme=1 abe=1 fst=1 ctxt=0 fbp=0 fbw=10 psm=0x2 tex0=(tbp0=5120 tbw=2 psm=0x13 tw=7 th=7 tcc=1 tfx=0 cbp=16352 cpsm=0x0 csm=0 csa=0) texclut=(cbw=0 cou=0 cov=0) ofx=1728 ofy=1936 scissor=(0,0)-(639,223) test=0x30000 alpha=0x44 v0=(1842,2120) uv0=(94,87) stq0=(0,0,1) v1=(1846,2124) uv1=(102,94) stq1=(0,0,1) v2=(0,0) uv2=(0,0) stq2=(0,0,1) rgba0=(127,127,127,127) rgba1=(127,127,127,127) rgba2=(0,0,0,0)
[gs:copy-reg] reg=0x0 value=0x156 primCtxt=0 ctx0fbp=0 ctx1fbp=0
[gs:packed-xyz] idx=44 x=29520 y=33920 z=0xffffffff kick=1 prim=6
[gs:kick] idx=48 drawing=1 prim=6 vtxCount=1
[gs:packed-xyz] idx=45 x=29600 y=33984 z=0xffffffff kick=1 prim=6
[gs:kick] idx=49 drawing=1 prim=6 vtxCount=2
[gs:prim] idx=22 type=6 tme=1 abe=1 fst=1 ctxt=0 fbp=0 fbw=10 psm=0x2 tex0=(tbp0=5120 tbw=2 psm=0x13 tw=7 th=7 tcc=1 tfx=0 cbp=16352 cpsm=0x0 csm=0 csa=0) texclut=(cbw=0 cou=0 cov=0) ofx=1728 ofy=1936 scissor=(0,0)-(639,223) test=0x30000 alpha=0x44 v0=(1845,2120) uv0=(102,87) stq0=(0,0,1) v1=(1850,2124) uv1=(113,94) stq1=(0,0,1) v2=(0,0) uv2=(0,0) stq2=(0,0,1) rgba0=(127,127,127,127) rgba1=(127,127,127,127) rgba2=(0,0,0,0)
[gs:copy-reg] reg=0x0 value=0x156 primCtxt=0 ctx0fbp=0 ctx1fbp=0
[gs:packed-xyz] idx=46 x=29600 y=33904 z=0xffffffff kick=1 prim=6
[gs:kick] idx=50 drawing=1 prim=6 vtxCount=1
[gs:packed-xyz] idx=47 x=29664 y=33936 z=0xffffffff kick=1 prim=6
[gs:kick] idx=51 drawing=1 prim=6 vtxCount=2
[gs:prim] idx=23 type=6 tme=1 abe=1 fst=1 ctxt=0 fbp=0 fbw=10 psm=0x2 tex0=(tbp0=5120 tbw=2 psm=0x13 tw=7 th=7 tcc=1 tfx=0 cbp=16352 cpsm=0x0 csm=0 csa=0) texclut=(cbw=0 cou=0 cov=0) ofx=1728 ofy=1936 scissor=(0,0)-(639,223) test=0x30000 alpha=0x44 v0=(1850,2119) uv0=(5,0) stq0=(0,0,1) v1=(1854,2121) uv1=(14,4) stq1=(0,0,1) v2=(0,0) uv2=(0,0) stq2=(0,0,1) rgba0=(127,127,127,127) rgba1=(127,127,127,127) rgba2=(0,0,0,0)
[gs:copy-reg] reg=0x0 value=0x156 primCtxt=0 ctx0fbp=0 ctx1fbp=0
[gs:packed-xyz] idx=48 x=29728 y=33920 z=0xffffffff kick=1 prim=6
[gs:kick] idx=52 drawing=1 prim=6 vtxCount=1
[gs:packed-xyz] idx=49 x=29824 y=33984 z=0xffffffff kick=1 prim=6
[gs:kick] idx=53 drawing=1 prim=6 vtxCount=2
[gs:prim] idx=24 type=6 tme=1 abe=1 fst=1 ctxt=0 fbp=0 fbw=10 psm=0x2 tex0=(tbp0=5120 tbw=2 psm=0x13 tw=7 th=7 tcc=1 tfx=0 cbp=16352 cpsm=0x0 csm=0 csa=0) texclut=(cbw=0 cou=0 cov=0) ofx=1728 ofy=1936 scissor=(0,0)-(639,223) test=0x30000 alpha=0x44 v0=(1858,2120) uv0=(19,75) stq0=(0,0,1) v1=(1864,2124) uv1=(32,82) stq1=(0,0,1) v2=(0,0) uv2=(0,0) stq2=(0,0,1) rgba0=(127,127,127,127) rgba1=(127,127,127,127) rgba2=(0,0,0,0)
[gs:copy-reg] reg=0x0 value=0x156 primCtxt=0 ctx0fbp=0 ctx1fbp=0
[gs:packed-xyz] idx=50 x=29824 y=33920 z=0xffffffff kick=1 prim=6
[gs:kick] idx=54 drawing=1 prim=6 vtxCount=1
[gs:packed-xyz] idx=51 x=29904 y=33984 z=0xffffffff kick=1 prim=6
[gs:kick] idx=55 drawing=1 prim=6 vtxCount=2
[gs:prim] idx=25 type=6 tme=1 abe=1 fst=1 ctxt=0 fbp=0 fbw=10 psm=0x2 tex0=(tbp0=5120 tbw=2 psm=0x13 tw=7 th=7 tcc=1 tfx=0 cbp=16352 cpsm=0x0 csm=0 csa=0) texclut=(cbw=0 cou=0 cov=0) ofx=1728 ofy=1936 scissor=(0,0)-(639,223) test=0x30000 alpha=0x44 v0=(1864,2120) uv0=(44,87) stq0=(0,0,1) v1=(1869,2124) uv1=(55,94) stq1=(0,0,1) v2=(0,0) uv2=(0,0) stq2=(0,0,1) rgba0=(127,127,127,127) rgba1=(127,127,127,127) rgba2=(0,0,0,0)
[gs:copy-reg] reg=0x0 value=0x156 primCtxt=0 ctx0fbp=0 ctx1fbp=0
[gs:packed-xyz] idx=52 x=29904 y=33904 z=0xffffffff kick=1 prim=6
[gs:kick] idx=56 drawing=1 prim=6 vtxCount=1
[gs:packed-xyz] idx=53 x=30000 y=33984 z=0xffffffff kick=1 prim=6
[gs:kick] idx=57 drawing=1 prim=6 vtxCount=2
[gs:prim] idx=26 type=6 tme=1 abe=1 fst=1 ctxt=0 fbp=0 fbw=10 psm=0x2 tex0=(tbp0=5120 tbw=2 psm=0x13 tw=7 th=7 tcc=1 tfx=0 cbp=16352 cpsm=0x0 csm=0 csa=0) texclut=(cbw=0 cou=0 cov=0) ofx=1728 ofy=1936 scissor=(0,0)-(639,223) test=0x30000 alpha=0x44 v0=(1869,2119) uv0=(57,72) stq0=(0,0,1) v1=(1875,2124) uv1=(70,82) stq1=(0,0,1) v2=(0,0) uv2=(0,0) stq2=(0,0,1) rgba0=(127,127,127,127) rgba1=(127,127,127,127) rgba2=(0,0,0,0)
[gs:copy-reg] reg=0x0 value=0x156 primCtxt=0 ctx0fbp=0 ctx1fbp=0
[gs:packed-xyz] idx=54 x=30064 y=33904 z=0xffffffff kick=1 prim=6
[gs:kick] idx=58 drawing=1 prim=6 vtxCount=1
[gs:packed-xyz] idx=55 x=30128 y=33936 z=0xffffffff kick=1 prim=6
[gs:kick] idx=59 drawing=1 prim=6 vtxCount=2
[gs:prim] idx=27 type=6 tme=1 abe=1 fst=1 ctxt=0 fbp=0 fbw=10 psm=0x2 tex0=(tbp0=5120 tbw=2 psm=0x13 tw=7 th=7 tcc=1 tfx=0 cbp=16352 cpsm=0x0 csm=0 csa=0) texclut=(cbw=0 cou=0 cov=0) ofx=1728 ofy=1936 scissor=(0,0)-(639,223) test=0x30000 alpha=0x44 v0=(1879,2119) uv0=(5,0) stq0=(0,0,1) v1=(1883,2121) uv1=(14,4) stq1=(0,0,1) v2=(0,0) uv2=(0,0) stq2=(0,0,1) rgba0=(127,127,127,127) rgba1=(127,127,127,127) rgba2=(0,0,0,0)
[gs:copy-reg] reg=0x0 value=0x156 primCtxt=0 ctx0fbp=0 ctx1fbp=0
[gs:packed-xyz] idx=56 x=30128 y=33904 z=0xffffffff kick=1 prim=6
[gs:kick] idx=60 drawing=1 prim=6 vtxCount=1
[gs:packed-xyz] idx=57 x=30208 y=33984 z=0xffffffff kick=1 prim=6
[gs:kick] idx=61 drawing=1 prim=6 vtxCount=2
[gs:prim] idx=28 type=6 tme=1 abe=1 fst=1 ctxt=0 fbp=0 fbw=10 psm=0x2 tex0=(tbp0=5120 tbw=2 psm=0x13 tw=7 th=7 tcc=1 tfx=0 cbp=16352 cpsm=0x0 csm=0 csa=0) texclut=(cbw=0 cou=0 cov=0) ofx=1728 ofy=1936 scissor=(0,0)-(639,223) test=0x30000 alpha=0x44 v0=(1883,2119) uv0=(43,37) stq0=(0,0,1) v1=(1888,2124) uv1=(54,46) stq1=(0,0,1) v2=(0,0) uv2=(0,0) stq2=(0,0,1) rgba0=(127,127,127,127) rgba1=(127,127,127,127) rgba2=(0,0,0,0)
[gs:copy-reg] reg=0x0 value=0x156 primCtxt=0 ctx0fbp=0 ctx1fbp=0
[gs:packed-xyz] idx=58 x=30192 y=33920 z=0xffffffff kick=1 prim=6
[gs:kick] idx=62 drawing=1 prim=6 vtxCount=1
[gs:packed-xyz] idx=59 x=30256 y=33984 z=0xffffffff kick=1 prim=6
[gs:kick] idx=63 drawing=1 prim=6 vtxCount=2
[gs:prim] idx=29 type=6 tme=1 abe=1 fst=1 ctxt=0 fbp=0 fbw=10 psm=0x2 tex0=(tbp0=5120 tbw=2 psm=0x13 tw=7 th=7 tcc=1 tfx=0 cbp=16352 cpsm=0x0 csm=0 csa=0) texclut=(cbw=0 cou=0 cov=0) ofx=1728 ofy=1936 scissor=(0,0)-(639,223) test=0x30000 alpha=0x44 v0=(1887,2120) uv0=(94,87) stq0=(0,0,1) v1=(1891,2124) uv1=(102,94) stq1=(0,0,1) v2=(0,0) uv2=(0,0) stq2=(0,0,1) rgba0=(127,127,127,127) rgba1=(127,127,127,127) rgba2=(0,0,0,0)
[gs:copy-reg] reg=0x0 value=0x156 primCtxt=0 ctx0fbp=0 ctx1fbp=0
[gs:packed-xyz] idx=60 x=30240 y=33920 z=0xffffffff kick=1 prim=6
[gs:kick] idx=64 drawing=1 prim=6 vtxCount=1
[gs:packed-xyz] idx=61 x=30336 y=33984 z=0xffffffff kick=1 prim=6
[gs:kick] idx=65 drawing=1 prim=6 vtxCount=2
[gs:prim] idx=30 type=6 tme=1 abe=1 fst=1 ctxt=0 fbp=0 fbw=10 psm=0x2 tex0=(tbp0=5120 tbw=2 psm=0x13 tw=7 th=7 tcc=1 tfx=0 cbp=16352 cpsm=0x0 csm=0 csa=0) texclut=(cbw=0 cou=0 cov=0) ofx=1728 ofy=1936 scissor=(0,0)-(639,223) test=0x30000 alpha=0x44 v0=(1890,2120) uv0=(70,75) stq0=(0,0,1) v1=(1896,2124) uv1=(82,82) stq1=(0,0,1) v2=(0,0) uv2=(0,0) stq2=(0,0,1) rgba0=(127,127,127,127) rgba1=(127,127,127,127) rgba2=(0,0,0,0)
[gs:copy-reg] reg=0x0 value=0x156 primCtxt=0 ctx0fbp=0 ctx1fbp=0
[gs:packed-xyz] idx=62 x=30320 y=33920 z=0xffffffff kick=1 prim=6
[gs:kick] idx=66 drawing=1 prim=6 vtxCount=1
[gs:packed-xyz] idx=63 x=30416 y=33984 z=0xffffffff kick=1 prim=6
[gs:kick] idx=67 drawing=1 prim=6 vtxCount=2
[gs:prim] idx=31 type=6 tme=1 abe=1 fst=1 ctxt=0 fbp=0 fbw=10 psm=0x2 tex0=(tbp0=5120 tbw=2 psm=0x13 tw=7 th=7 tcc=1 tfx=0 cbp=16352 cpsm=0x0 csm=0 csa=0) texclut=(cbw=0 cou=0 cov=0) ofx=1728 ofy=1936 scissor=(0,0)-(639,223) test=0x30000 alpha=0x44 v0=(1895,2120) uv0=(70,75) stq0=(0,0,1) v1=(1901,2124) uv1=(82,82) stq1=(0,0,1) v2=(0,0) uv2=(0,0) stq2=(0,0,1) rgba0=(127,127,127,127) rgba1=(127,127,127,127) rgba2=(0,0,0,0)
[gs:copy-reg] reg=0x0 value=0x156 primCtxt=0 ctx0fbp=0 ctx1fbp=0
[gs:kick] idx=68 drawing=1 prim=6 vtxCount=1
[gs:kick] idx=69 drawing=1 prim=6 vtxCount=2
[gs:prim] idx=32 type=6 tme=1 abe=1 fst=1 ctxt=0 fbp=0 fbw=10 psm=0x2 tex0=(tbp0=5120 tbw=2 psm=0x13 tw=7 th=7 tcc=1 tfx=0 cbp=16352 cpsm=0x0 csm=0 csa=0) texclut=(cbw=0 cou=0 cov=0) ofx=1728 ofy=1936 scissor=(0,0)-(639,223) test=0x30000 alpha=0x44 v0=(1904,2119) uv0=(77,49) stq0=(0,0,1) v1=(1911,2124) uv1=(91,58) stq1=(0,0,1) v2=(0,0) uv2=(0,0) stq2=(0,0,1) rgba0=(127,127,127,127) rgba1=(127,127,127,127) rgba2=(0,0,0,0)
[gs:copy-reg] reg=0x0 value=0x156 primCtxt=0 ctx0fbp=0 ctx1fbp=0
[gs:kick] idx=70 drawing=1 prim=6 vtxCount=1
[gs:kick] idx=71 drawing=1 prim=6 vtxCount=2
[gs:prim] idx=33 type=6 tme=1 abe=1 fst=1 ctxt=0 fbp=0 fbw=10 psm=0x2 tex0=(tbp0=5120 tbw=2 psm=0x13 tw=7 th=7 tcc=1 tfx=0 cbp=16352 cpsm=0x0 csm=0 csa=0) texclut=(cbw=0 cou=0 cov=0) ofx=1728 ofy=1936 scissor=(0,0)-(639,223) test=0x30000 alpha=0x44 v0=(1910,2120) uv0=(19,75) stq0=(0,0,1) v1=(1916,2124) uv1=(32,82) stq1=(0,0,1) v2=(0,0) uv2=(0,0) stq2=(0,0,1) rgba0=(127,127,127,127) rgba1=(127,127,127,127) rgba2=(0,0,0,0)
[gs:copy-reg] reg=0x0 value=0x156 primCtxt=0 ctx0fbp=0 ctx1fbp=0
[gs:kick] idx=72 drawing=1 prim=6 vtxCount=1
[gs:kick] idx=73 drawing=1 prim=6 vtxCount=2
[gs:prim] idx=34 type=6 tme=1 abe=1 fst=1 ctxt=0 fbp=0 fbw=10 psm=0x2 tex0=(tbp0=5120 tbw=2 psm=0x13 tw=7 th=7 tcc=1 tfx=0 cbp=16352 cpsm=0x0 csm=0 csa=0) texclut=(cbw=0 cou=0 cov=0) ofx=1728 ofy=1936 scissor=(0,0)-(639,223) test=0x30000 alpha=0x44 v0=(1916,2119) uv0=(57,72) stq0=(0,0,1) v1=(1922,2124) uv1=(70,82) stq1=(0,0,1) v2=(0,0) uv2=(0,0) stq2=(0,0,1) rgba0=(127,127,127,127) rgba1=(127,127,127,127) rgba2=(0,0,0,0)
[gs:copy-reg] reg=0x0 value=0x156 primCtxt=0 ctx0fbp=0 ctx1fbp=0
[gs:kick] idx=74 drawing=1 prim=6 vtxCount=1
[gs:kick] idx=75 drawing=1 prim=6 vtxCount=2
[gs:prim] idx=35 type=6 tme=1 abe=1 fst=1 ctxt=0 fbp=0 fbw=10 psm=0x2 tex0=(tbp0=5120 tbw=2 psm=0x13 tw=7 th=7 tcc=1 tfx=0 cbp=16352 cpsm=0x0 csm=0 csa=0) texclut=(cbw=0 cou=0 cov=0) ofx=1728 ofy=1936 scissor=(0,0)-(639,223) test=0x30000 alpha=0x44 v0=(1922,2119) uv0=(116,73) stq0=(0,0,1) v1=(1924,2124) uv1=(121,82) stq1=(0,0,1) v2=(0,0) uv2=(0,0) stq2=(0,0,1) rgba0=(127,127,127,127) rgba1=(127,127,127,127) rgba2=(0,0,0,0)
[gs:copy-reg] reg=0x0 value=0x156 primCtxt=0 ctx0fbp=0 ctx1fbp=0
[gs:kick] idx=76 drawing=1 prim=6 vtxCount=1
[gs:kick] idx=77 drawing=1 prim=6 vtxCount=2
[gs:prim] idx=36 type=6 tme=1 abe=1 fst=1 ctxt=0 fbp=0 fbw=10 psm=0x2 tex0=(tbp0=5120 tbw=2 psm=0x13 tw=7 th=7 tcc=1 tfx=0 cbp=16352 cpsm=0x0 csm=0 csa=0) texclut=(cbw=0 cou=0 cov=0) ofx=1728 ofy=1936 scissor=(0,0)-(639,223) test=0x30000 alpha=0x44 v0=(1924,2120) uv0=(45,75) stq0=(0,0,1) v1=(1930,2124) uv1=(57,82) stq1=(0,0,1) v2=(0,0) uv2=(0,0) stq2=(0,0,1) rgba0=(127,127,127,127) rgba1=(127,127,127,127) rgba2=(0,0,0,0)
[gs:copy-reg] reg=0x0 value=0x156 primCtxt=0 ctx0fbp=0 ctx1fbp=0
[gs:kick] idx=78 drawing=1 prim=6 vtxCount=1
[gs:kick] idx=79 drawing=1 prim=6 vtxCount=2
[gs:prim] idx=37 type=6 tme=1 abe=1 fst=1 ctxt=0 fbp=0 fbw=10 psm=0x2 tex0=(tbp0=5120 tbw=2 psm=0x13 tw=7 th=7 tcc=1 tfx=0 cbp=16352 cpsm=0x0 csm=0 csa=0) texclut=(cbw=0 cou=0 cov=0) ofx=1728 ofy=1936 scissor=(0,0)-(639,223) test=0x30000 alpha=0x44 v0=(1929,2120) uv0=(19,75) stq0=(0,0,1) v1=(1935,2124) uv1=(32,82) stq1=(0,0,1) v2=(0,0) uv2=(0,0) stq2=(0,0,1) rgba0=(127,127,127,127) rgba1=(127,127,127,127) rgba2=(0,0,0,0)
[gs:copy-reg] reg=0x0 value=0x156 primCtxt=0 ctx0fbp=0 ctx1fbp=0
[gs:kick] idx=80 drawing=1 prim=6 vtxCount=1
[gs:kick] idx=81 drawing=1 prim=6 vtxCount=2
[gs:prim] idx=38 type=6 tme=1 abe=1 fst=1 ctxt=0 fbp=0 fbw=10 psm=0x2 tex0=(tbp0=5120 tbw=2 psm=0x13 tw=7 th=7 tcc=1 tfx=0 cbp=16352 cpsm=0x0 csm=0 csa=0) texclut=(cbw=0 cou=0 cov=0) ofx=1728 ofy=1936 scissor=(0,0)-(639,223) test=0x30000 alpha=0x44 v0=(1935,2119) uv0=(20,84) stq0=(0,0,1) v1=(1937,2124) uv1=(25,94) stq1=(0,0,1) v2=(0,0) uv2=(0,0) stq2=(0,0,1) rgba0=(127,127,127,127) rgba1=(127,127,127,127) rgba2=(0,0,0,0)
[gs:copy-reg] reg=0x0 value=0x156 primCtxt=0 ctx0fbp=0 ctx1fbp=0
[gs:kick] idx=82 drawing=1 prim=6 vtxCount=1
[gs:kick] idx=83 drawing=1 prim=6 vtxCount=2
[gs:prim] idx=39 type=6 tme=1 abe=1 fst=1 ctxt=0 fbp=0 fbw=10 psm=0x2 tex0=(tbp0=5120 tbw=2 psm=0x13 tw=7 th=7 tcc=1 tfx=0 cbp=16352 cpsm=0x0 csm=0 csa=0) texclut=(cbw=0 cou=0 cov=0) ofx=1728 ofy=1936 scissor=(0,0)-(639,223) test=0x30000 alpha=0x44 v0=(1941,2119) uv0=(15,37) stq0=(0,0,1) v1=(1949,2124) uv1=(31,46) stq1=(0,0,1) v2=(0,0) uv2=(0,0) stq2=(0,0,1) rgba0=(127,127,127,127) rgba1=(127,127,127,127) rgba2=(0,0,0,0)
[gs:copy-reg] reg=0x0 value=0x156 primCtxt=0 ctx0fbp=0 ctx1fbp=0
[gs:kick] idx=84 drawing=1 prim=6 vtxCount=1
[gs:kick] idx=85 drawing=1 prim=6 vtxCount=2
[gs:prim] idx=40 type=6 tme=1 abe=1 fst=1 ctxt=0 fbp=0 fbw=10 psm=0x2 tex0=(tbp0=5120 tbw=2 psm=0x13 tw=7 th=7 tcc=1 tfx=0 cbp=16352 cpsm=0x0 csm=0 csa=0) texclut=(cbw=0 cou=0 cov=0) ofx=1728 ofy=1936 scissor=(0,0)-(639,223) test=0x30000 alpha=0x44 v0=(1948,2120) uv0=(70,75) stq0=(0,0,1) v1=(1954,2124) uv1=(82,82) stq1=(0,0,1) v2=(0,0) uv2=(0,0) stq2=(0,0,1) rgba0=(127,127,127,127) rgba1=(127,127,127,127) rgba2=(0,0,0,0)
[gs:copy-reg] reg=0x0 value=0x156 primCtxt=0 ctx0fbp=0 ctx1fbp=0
[gs:kick] idx=86 drawing=1 prim=6 vtxCount=1
[gs:kick] idx=87 drawing=1 prim=6 vtxCount=2
[gs:prim] idx=41 type=6 tme=1 abe=1 fst=1 ctxt=0 fbp=0 fbw=10 psm=0x2 tex0=(tbp0=5120 tbw=2 psm=0x13 tw=7 th=7 tcc=1 tfx=0 cbp=16352 cpsm=0x0 csm=0 csa=0) texclut=(cbw=0 cou=0 cov=0) ofx=1728 ofy=1936 scissor=(0,0)-(639,223) test=0x30000 alpha=0x44 v0=(1953,2120) uv0=(102,87) stq0=(0,0,1) v1=(1958,2124) uv1=(113,94) stq1=(0,0,1) v2=(0,0) uv2=(0,0) stq2=(0,0,1) rgba0=(127,127,127,127) rgba1=(127,127,127,127) rgba2=(0,0,0,0)
[gs:copy-reg] reg=0x0 value=0x156 primCtxt=0 ctx0fbp=0 ctx1fbp=0
[gs:kick] idx=88 drawing=1 prim=6 vtxCount=1
[gs:kick] idx=89 drawing=1 prim=6 vtxCount=2
[gs:prim] idx=42 type=6 tme=1 abe=1 fst=1 ctxt=0 fbp=0 fbw=10 psm=0x2 tex0=(tbp0=5120 tbw=2 psm=0x13 tw=7 th=7 tcc=1 tfx=0 cbp=16352 cpsm=0x0 csm=0 csa=0) texclut=(cbw=0 cou=0 cov=0) ofx=1728 ofy=1936 scissor=(0,0)-(639,223) test=0x30000 alpha=0x44 v0=(1958,2119) uv0=(116,73) stq0=(0,0,1) v1=(1960,2124) uv1=(121,82) stq1=(0,0,1) v2=(0,0) uv2=(0,0) stq2=(0,0,1) rgba0=(127,127,127,127) rgba1=(127,127,127,127) rgba2=(0,0,0,0)
[gs:copy-reg] reg=0x0 value=0x156 primCtxt=0 ctx0fbp=0 ctx1fbp=0
[gs:kick] idx=90 drawing=1 prim=6 vtxCount=1
[gs:kick] idx=91 drawing=1 prim=6 vtxCount=2
[gs:prim] idx=43 type=6 tme=1 abe=1 fst=1 ctxt=0 fbp=0 fbw=10 psm=0x2 tex0=(tbp0=5120 tbw=2 psm=0x13 tw=7 th=7 tcc=1 tfx=0 cbp=16352 cpsm=0x0 csm=0 csa=0) texclut=(cbw=0 cou=0 cov=0) ofx=1728 ofy=1936 scissor=(0,0)-(639,223) test=0x30000 alpha=0x44 v0=(1960,2120) uv0=(92,75) stq0=(0,0,1) v1=(1966,2125) uv1=(105,83) stq1=(0,0,1) v2=(0,0) uv2=(0,0) stq2=(0,0,1) rgba0=(127,127,127,127) rgba1=(127,127,127,127) rgba2=(0,0,0,0)
[gs:copy-reg] reg=0x0 value=0x156 primCtxt=0 ctx0fbp=0 ctx1fbp=0
[gs:kick] idx=92 drawing=1 prim=6 vtxCount=1
[gs:kick] idx=93 drawing=1 prim=6 vtxCount=2
[gs:prim] idx=44 type=6 tme=1 abe=1 fst=1 ctxt=0 fbp=0 fbw=10 psm=0x2 tex0=(tbp0=5120 tbw=2 psm=0x13 tw=7 th=7 tcc=1 tfx=0 cbp=16352 cpsm=0x0 csm=0 csa=0) texclut=(cbw=0 cou=0 cov=0) ofx=1728 ofy=1936 scissor=(0,0)-(639,223) test=0x30000 alpha=0x44 v0=(1965,2120) uv0=(44,87) stq0=(0,0,1) v1=(1970,2124) uv1=(55,94) stq1=(0,0,1) v2=(0,0) uv2=(0,0) stq2=(0,0,1) rgba0=(127,127,127,127) rgba1=(127,127,127,127) rgba2=(0,0,0,0)
[gs:copy-reg] reg=0x0 value=0x156 primCtxt=0 ctx0fbp=0 ctx1fbp=0
[gs:kick] idx=94 drawing=1 prim=6 vtxCount=1
[gs:kick] idx=95 drawing=1 prim=6 vtxCount=2
[gs:prim] idx=45 type=6 tme=1 abe=1 fst=1 ctxt=0 fbp=0 fbw=10 psm=0x2 tex0=(tbp0=5120 tbw=2 psm=0x13 tw=7 th=7 tcc=1 tfx=0 cbp=16352 cpsm=0x0 csm=0 csa=0) texclut=(cbw=0 cou=0 cov=0) ofx=1728 ofy=1936 scissor=(0,0)-(639,223) test=0x30000 alpha=0x44 v0=(1971,2119) uv0=(5,0) stq0=(0,0,1) v1=(1975,2121) uv1=(14,4) stq1=(0,0,1) v2=(0,0) uv2=(0,0) stq2=(0,0,1) rgba0=(127,127,127,127) rgba1=(127,127,127,127) rgba2=(0,0,0,0)
[gs:copy-reg] reg=0x0 value=0x156 primCtxt=0 ctx0fbp=0 ctx1fbp=0
[gs:prim] idx=46 type=6 tme=1 abe=1 fst=1 ctxt=0 fbp=0 fbw=10 psm=0x2 tex0=(tbp0=5120 tbw=2 psm=0x13 tw=7 th=7 tcc=1 tfx=0 cbp=16352 cpsm=0x0 csm=0 csa=0) texclut=(cbw=0 cou=0 cov=0) ofx=1728 ofy=1936 scissor=(0,0)-(639,223) test=0x30000 alpha=0x44 v0=(1979,2120) uv0=(19,75) stq0=(0,0,1) v1=(1985,2124) uv1=(32,82) stq1=(0,0,1) v2=(0,0) uv2=(0,0) stq2=(0,0,1) rgba0=(127,127,127,127) rgba1=(127,127,127,127) rgba2=(0,0,0,0)
[gs:copy-reg] reg=0x0 value=0x156 primCtxt=0 ctx0fbp=0 ctx1fbp=0
[gs:prim] idx=47 type=6 tme=1 abe=1 fst=1 ctxt=0 fbp=0 fbw=10 psm=0x2 tex0=(tbp0=5120 tbw=2 psm=0x13 tw=7 th=7 tcc=1 tfx=0 cbp=16352 cpsm=0x0 csm=0 csa=0) texclut=(cbw=0 cou=0 cov=0) ofx=1728 ofy=1936 scissor=(0,0)-(639,223) test=0x30000 alpha=0x44 v0=(1985,2120) uv0=(44,87) stq0=(0,0,1) v1=(1990,2124) uv1=(55,94) stq1=(0,0,1) v2=(0,0) uv2=(0,0) stq2=(0,0,1) rgba0=(127,127,127,127) rgba1=(127,127,127,127) rgba2=(0,0,0,0)
[gs:copy-reg] reg=0x0 value=0x156 primCtxt=0 ctx0fbp=0 ctx1fbp=0
[gs:prim] idx=48 type=6 tme=1 abe=1 fst=1 ctxt=0 fbp=0 fbw=10 psm=0x2 tex0=(tbp0=5120 tbw=2 psm=0x13 tw=7 th=7 tcc=1 tfx=0 cbp=16352 cpsm=0x0 csm=0 csa=0) texclut=(cbw=0 cou=0 cov=0) ofx=1728 ofy=1936 scissor=(0,0)-(639,223) test=0x30000 alpha=0x44 v0=(1990,2119) uv0=(57,72) stq0=(0,0,1) v1=(1996,2124) uv1=(70,82) stq1=(0,0,1) v2=(0,0) uv2=(0,0) stq2=(0,0,1) rgba0=(127,127,127,127) rgba1=(127,127,127,127) rgba2=(0,0,0,0)
[gs:copy-reg] reg=0x0 value=0x156 primCtxt=0 ctx0fbp=0 ctx1fbp=0
[gs:prim] idx=49 type=6 tme=1 abe=1 fst=1 ctxt=0 fbp=0 fbw=10 psm=0x2 tex0=(tbp0=5120 tbw=2 psm=0x13 tw=7 th=7 tcc=1 tfx=0 cbp=16352 cpsm=0x0 csm=0 csa=0) texclut=(cbw=0 cou=0 cov=0) ofx=1728 ofy=1936 scissor=(0,0)-(639,223) test=0x30000 alpha=0x44 v0=(2000,2120) uv0=(19,75) stq0=(0,0,1) v1=(2006,2124) uv1=(32,82) stq1=(0,0,1) v2=(0,0) uv2=(0,0) stq2=(0,0,1) rgba0=(127,127,127,127) rgba1=(127,127,127,127) rgba2=(0,0,0,0)
[gs:copy-reg] reg=0x0 value=0x156 primCtxt=0 ctx0fbp=0 ctx1fbp=0
[gs:prim] idx=50 type=6 tme=1 abe=1 fst=1 ctxt=0 fbp=0 fbw=10 psm=0x2 tex0=(tbp0=5120 tbw=2 psm=0x13 tw=7 th=7 tcc=1 tfx=0 cbp=16352 cpsm=0x0 csm=0 csa=0) texclut=(cbw=0 cou=0 cov=0) ofx=1728 ofy=1936 scissor=(0,0)-(639,223) test=0x30000 alpha=0x44 v0=(2006,2119) uv0=(20,84) stq0=(0,0,1) v1=(2008,2124) uv1=(25,94) stq1=(0,0,1) v2=(0,0) uv2=(0,0) stq2=(0,0,1) rgba0=(127,127,127,127) rgba1=(127,127,127,127) rgba2=(0,0,0,0)
[gs:copy-reg] reg=0x0 value=0x156 primCtxt=0 ctx0fbp=0 ctx1fbp=0
[gs:prim] idx=51 type=6 tme=1 abe=1 fst=1 ctxt=0 fbp=0 fbw=10 psm=0x2 tex0=(tbp0=5120 tbw=2 psm=0x13 tw=7 th=7 tcc=1 tfx=0 cbp=16352 cpsm=0x0 csm=0 csa=0) texclut=(cbw=0 cou=0 cov=0) ofx=1728 ofy=1936 scissor=(0,0)-(639,223) test=0x30000 alpha=0x44 v0=(2008,2119) uv0=(20,84) stq0=(0,0,1) v1=(2010,2124) uv1=(25,94) stq1=(0,0,1) v2=(0,0) uv2=(0,0) stq2=(0,0,1) rgba0=(127,127,127,127) rgba1=(127,127,127,127) rgba2=(0,0,0,0)
[gs:copy-reg] reg=0x0 value=0x156 primCtxt=0 ctx0fbp=0 ctx1fbp=0
[gs:prim] idx=52 type=6 tme=1 abe=1 fst=1 ctxt=0 fbp=0 fbw=10 psm=0x2 tex0=(tbp0=5120 tbw=2 psm=0x13 tw=7 th=7 tcc=1 tfx=0 cbp=16352 cpsm=0x0 csm=0 csa=0) texclut=(cbw=0 cou=0 cov=0) ofx=1728 ofy=1936 scissor=(0,0)-(639,223) test=0x30000 alpha=0x44 v0=(2014,2120) uv0=(19,75) stq0=(0,0,1) v1=(2020,2124) uv1=(32,82) stq1=(0,0,1) v2=(0,0) uv2=(0,0) stq2=(0,0,1) rgba0=(127,127,127,127) rgba1=(127,127,127,127) rgba2=(0,0,0,0)
[gs:copy-reg] reg=0x0 value=0x156 primCtxt=0 ctx0fbp=0 ctx1fbp=0
[gs:prim] idx=53 type=6 tme=1 abe=1 fst=1 ctxt=0 fbp=0 fbw=10 psm=0x2 tex0=(tbp0=5120 tbw=2 psm=0x13 tw=7 th=7 tcc=1 tfx=0 cbp=16352 cpsm=0x0 csm=0 csa=0) texclut=(cbw=0 cou=0 cov=0) ofx=1728 ofy=1936 scissor=(0,0)-(639,223) test=0x30000 alpha=0x44 v0=(2020,2120) uv0=(102,87) stq0=(0,0,1) v1=(2025,2124) uv1=(113,94) stq1=(0,0,1) v2=(0,0) uv2=(0,0) stq2=(0,0,1) rgba0=(127,127,127,127) rgba1=(127,127,127,127) rgba2=(0,0,0,0)
[gs:copy-reg] reg=0x0 value=0x156 primCtxt=0 ctx0fbp=0 ctx1fbp=0
[gs:prim] idx=54 type=6 tme=1 abe=1 fst=1 ctxt=0 fbp=0 fbw=10 psm=0x2 tex0=(tbp0=5120 tbw=2 psm=0x13 tw=7 th=7 tcc=1 tfx=0 cbp=16352 cpsm=0x0 csm=0 csa=0) texclut=(cbw=0 cou=0 cov=0) ofx=1728 ofy=1936 scissor=(0,0)-(639,223) test=0x30000 alpha=0x44 v0=(2024,2120) uv0=(102,87) stq0=(0,0,1) v1=(2029,2124) uv1=(113,94) stq1=(0,0,1) v2=(0,0) uv2=(0,0) stq2=(0,0,1) rgba0=(127,127,127,127) rgba1=(127,127,127,127) rgba2=(0,0,0,0)
[gs:copy-reg] reg=0x0 value=0x156 primCtxt=0 ctx0fbp=0 ctx1fbp=0
[gs:prim] idx=55 type=6 tme=1 abe=1 fst=1 ctxt=0 fbp=0 fbw=10 psm=0x2 tex0=(tbp0=5120 tbw=2 psm=0x13 tw=7 th=7 tcc=1 tfx=0 cbp=16352 cpsm=0x0 csm=0 csa=0) texclut=(cbw=0 cou=0 cov=0) ofx=1728 ofy=1936 scissor=(0,0)-(639,223) test=0x30000 alpha=0x44 v0=(2029,2120) uv0=(55,87) stq0=(0,0,1) v1=(2035,2124) uv1=(68,94) stq1=(0,0,1) v2=(0,0) uv2=(0,0) stq2=(0,0,1) rgba0=(127,127,127,127) rgba1=(127,127,127,127) rgba2=(0,0,0,0)
[gs:copy-reg] reg=0x0 value=0x156 primCtxt=0 ctx0fbp=0 ctx1fbp=0
[gs:prim] idx=56 type=6 tme=1 abe=1 fst=1 ctxt=0 fbp=0 fbw=10 psm=0x2 tex0=(tbp0=5120 tbw=2 psm=0x13 tw=7 th=7 tcc=1 tfx=0 cbp=16352 cpsm=0x0 csm=0 csa=0) texclut=(cbw=0 cou=0 cov=0) ofx=1728 ofy=1936 scissor=(0,0)-(639,223) test=0x30000 alpha=0x44 v0=(2035,2120) uv0=(45,75) stq0=(0,0,1) v1=(2041,2124) uv1=(57,82) stq1=(0,0,1) v2=(0,0) uv2=(0,0) stq2=(0,0,1) rgba0=(127,127,127,127) rgba1=(127,127,127,127) rgba2=(0,0,0,0)
[gs:copy-reg] reg=0x0 value=0x156 primCtxt=0 ctx0fbp=0 ctx1fbp=0
[gs:prim] idx=57 type=6 tme=1 abe=1 fst=1 ctxt=0 fbp=0 fbw=10 psm=0x2 tex0=(tbp0=5120 tbw=2 psm=0x13 tw=7 th=7 tcc=1 tfx=0 cbp=16352 cpsm=0x0 csm=0 csa=0) texclut=(cbw=0 cou=0 cov=0) ofx=1728 ofy=1936 scissor=(0,0)-(639,223) test=0x30000 alpha=0x44 v0=(2040,2119) uv0=(116,73) stq0=(0,0,1) v1=(2042,2124) uv1=(121,82) stq1=(0,0,1) v2=(0,0) uv2=(0,0) stq2=(0,0,1) rgba0=(127,127,127,127) rgba1=(127,127,127,127) rgba2=(0,0,0,0)
[gs:copy-reg] reg=0x0 value=0x156 primCtxt=0 ctx0fbp=0 ctx1fbp=0
[gs:prim] idx=58 type=6 tme=1 abe=1 fst=1 ctxt=0 fbp=0 fbw=10 psm=0x2 tex0=(tbp0=5120 tbw=2 psm=0x13 tw=7 th=7 tcc=1 tfx=0 cbp=16352 cpsm=0x0 csm=0 csa=0) texclut=(cbw=0 cou=0 cov=0) ofx=1728 ofy=1936 scissor=(0,0)-(639,223) test=0x30000 alpha=0x44 v0=(2042,2120) uv0=(19,75) stq0=(0,0,1) v1=(2048,2124) uv1=(32,82) stq1=(0,0,1) v2=(0,0) uv2=(0,0) stq2=(0,0,1) rgba0=(127,127,127,127) rgba1=(127,127,127,127) rgba2=(0,0,0,0)
[gs:copy-reg] reg=0x0 value=0x156 primCtxt=0 ctx0fbp=0 ctx1fbp=0
[gs:prim] idx=59 type=6 tme=1 abe=1 fst=1 ctxt=0 fbp=0 fbw=10 psm=0x2 tex0=(tbp0=5120 tbw=2 psm=0x13 tw=7 th=7 tcc=1 tfx=0 cbp=16352 cpsm=0x0 csm=0 csa=0) texclut=(cbw=0 cou=0 cov=0) ofx=1728 ofy=1936 scissor=(0,0)-(639,223) test=0x30000 alpha=0x44 v0=(2048,2120) uv0=(113,86) stq0=(0,0,1) v1=(2052,2124) uv1=(122,94) stq1=(0,0,1) v2=(0,0) uv2=(0,0) stq2=(0,0,1) rgba0=(127,127,127,127) rgba1=(127,127,127,127) rgba2=(0,0,0,0)
[gs:copy-reg] reg=0x0 value=0x156 primCtxt=0 ctx0fbp=0 ctx1fbp=0
[gs:prim] idx=60 type=6 tme=1 abe=1 fst=1 ctxt=0 fbp=0 fbw=10 psm=0x2 tex0=(tbp0=5120 tbw=2 psm=0x13 tw=7 th=7 tcc=1 tfx=0 cbp=16352 cpsm=0x0 csm=0 csa=0) texclut=(cbw=0 cou=0 cov=0) ofx=1728 ofy=1936 scissor=(0,0)-(639,223) test=0x30000 alpha=0x44 v0=(2051,2120) uv0=(70,75) stq0=(0,0,1) v1=(2057,2124) uv1=(82,82) stq1=(0,0,1) v2=(0,0) uv2=(0,0) stq2=(0,0,1) rgba0=(127,127,127,127) rgba1=(127,127,127,127) rgba2=(0,0,0,0)
[gs:copy-reg] reg=0x0 value=0x156 primCtxt=0 ctx0fbp=0 ctx1fbp=0
[gs:prim] idx=61 type=6 tme=1 abe=1 fst=1 ctxt=0 fbp=0 fbw=10 psm=0x2 tex0=(tbp0=5120 tbw=2 psm=0x13 tw=7 th=7 tcc=1 tfx=0 cbp=16352 cpsm=0x0 csm=0 csa=0) texclut=(cbw=0 cou=0 cov=0) ofx=1728 ofy=1936 scissor=(0,0)-(639,223) test=0x30000 alpha=0x44 v0=(2056,2119) uv0=(57,72) stq0=(0,0,1) v1=(2062,2124) uv1=(70,82) stq1=(0,0,1) v2=(0,0) uv2=(0,0) stq2=(0,0,1) rgba0=(127,127,127,127) rgba1=(127,127,127,127) rgba2=(0,0,0,0)
[gs:prim] idx=62 type=6 tme=1 abe=1 fst=1 ctxt=0 fbp=0 fbw=10 psm=0x2 tex0=(tbp0=5120 tbw=2 psm=0x13 tw=7 th=7 tcc=1 tfx=0 cbp=16352 cpsm=0x0 csm=0 csa=0) texclut=(cbw=0 cou=0 cov=0) ofx=1728 ofy=1936 scissor=(0,0)-(639,223) test=0x30000 alpha=0x44 v0=(2066,2119) uv0=(20,84) stq0=(0,0,1) v1=(2068,2124) uv1=(25,94) stq1=(0,0,1) v2=(0,0) uv2=(0,0) stq2=(0,0,1) rgba0=(127,127,127,127) rgba1=(127,127,127,127) rgba2=(0,0,0,0)
[gs:prim] idx=63 type=6 tme=1 abe=1 fst=1 ctxt=0 fbp=0 fbw=10 psm=0x2 tex0=(tbp0=5120 tbw=2 psm=0x13 tw=7 th=7 tcc=1 tfx=0 cbp=16352 cpsm=0x0 csm=0 csa=0) texclut=(cbw=0 cou=0 cov=0) ofx=1728 ofy=1936 scissor=(0,0)-(639,223) test=0x30000 alpha=0x44 v0=(2068,2120) uv0=(55,87) stq0=(0,0,1) v1=(2074,2124) uv1=(68,94) stq1=(0,0,1) v2=(0,0) uv2=(0,0) stq2=(0,0,1) rgba0=(127,127,127,127) rgba1=(127,127,127,127) rgba2=(0,0,0,0)
[gs:texa] idx=1 value=0x0 ta0=0x0 aem=0 ta1=0x0
[sceDmaSend] ch=0x10009000 madr=0x0 qwc=0x0 tadr=0x100000 chcr=0x185
[sceDmaSend:head] ch=0x10009000 tagQwc=0x3bd id=0x3 irq=0x0 addr=0x2eeff0 w2=0x0 w3=0x0
[frame:upload] idx=1 tick=4 displayFbp=0 sourceFbp=0 size=640x224 preferred=0
[frame:upload] idx=2 tick=5 displayFbp=0 sourceFbp=0 size=640x224 preferred=0
[gs:texa] idx=2 value=0x0 ta0=0x0 aem=0 ta1=0x0
[gs:texa] idx=3 value=0x0 ta0=0x0 aem=0 ta1=0x0
[sceDmaSend] ch=0x10009000 madr=0x0 qwc=0x0 tadr=0x1ec1f80 chcr=0x185
[sceDmaSend:head] ch=0x10009000 tagQwc=0x3bd id=0x3 irq=0x0 addr=0x2eeff0 w2=0x0 w3=0x0
[frame:upload] idx=3 tick=6 displayFbp=0 sourceFbp=0 size=640x224 preferred=0
[frame:upload] idx=4 tick=7 displayFbp=0 sourceFbp=0 size=640x224 preferred=0
[gs:texa] idx=4 value=0x0 ta0=0x0 aem=0 ta1=0x0
[gs:texa] idx=5 value=0x0 ta0=0x0 aem=0 ta1=0x0
[sceDmaSend] ch=0x10009000 madr=0x0 qwc=0x0 tadr=0x100000 chcr=0x185
[sceDmaSend:head] ch=0x10009000 tagQwc=0x3bd id=0x3 irq=0x0 addr=0x2eeff0 w2=0x0 w3=0x0
[frame:upload] idx=5 tick=8 displayFbp=0 sourceFbp=0 size=640x224 preferred=0
[run:tick] tick=480 pc=0x201a88 ra=0x201c04 sp=0x1eb1ed0 gp=0x3b47f0 dispfb1=0x11400 display1=0xdf27f000202a4 activeThreads=3 dma=35 gif=26 gsw=0 vif=6
Game thread returned. PC=0x201a88 RA=0x20184c
INFO: TEXTURE: [ID 3] Unloaded texture data from VRAM (GPU)
INFO: TEXTURE: [ID 2] Unloaded texture data from VRAM (GPU)
INFO: SHADER: [ID 3] Default shader unloaded successfully
INFO: TEXTURE: [ID 1] Default texture unloaded successfully
INFO: Window closed successfully
[run] exiting loop[TS:stopped] timeout=1 pc=0x2d0048 dma=35 gif=26 gs=0 vif=6 threads=3
[TS:kernel] cycles=284840808 running=2
[TS:thread] id=1 status=2 wait=1 waitid=0 depth=0 pc=0x2d0048 ra=0x20184c sp=0x1ffff20 entry=0x200008
[TS:thread] id=2 status=0 wait=0 waitid=0 depth=0 pc=0x201a88 ra=0x201c04 sp=0x1eb1ed0 entry=0x200c48
[TS:thread] id=3 status=2 wait=2 waitid=1 depth=0 pc=0x2d0168 ra=0x200f64 sp=0x1ec1f10 entry=0x200f20
[TS:semaphore] id=1 count=0 max=1 waiters=1
[TS:semaphore] id=2 count=0 max=1 waiters=0
[TS:semaphore] id=3 count=1 max=1 waiters=0
[TS:semaphore] id=4 count=0 max=1 waiters=0
[TS:registers] thread=1 pc=0x2d0048
[TS:reg] t=1 n=0 lo=0x0 hi=0x0 fbits=0x3e800000 f=0.25
[TS:reg] t=1 n=1 lo=0x3e800000 hi=0x0 fbits=0x0 f=0
[TS:reg] t=1 n=2 lo=0x0 hi=0x0 fbits=0x0 f=0
[TS:reg] t=1 n=3 lo=0x32 hi=0x0 fbits=0x0 f=0
[TS:reg] t=1 n=4 lo=0x0 hi=0x0 fbits=0x0 f=0
[TS:reg] t=1 n=5 lo=0x0 hi=0x0 fbits=0x0 f=0
[TS:reg] t=1 n=6 lo=0x10000 hi=0x0 fbits=0x0 f=0
[TS:reg] t=1 n=7 lo=0x1 hi=0x0 fbits=0x0 f=0
[TS:reg] t=1 n=8 lo=0x2 hi=0x0 fbits=0x0 f=0
[TS:reg] t=1 n=9 lo=0x0 hi=0x0 fbits=0x0 f=0
[TS:reg] t=1 n=10 lo=0x0 hi=0x0 fbits=0x0 f=0
[TS:reg] t=1 n=11 lo=0x7fffffff hi=0x0 fbits=0x0 f=0
[TS:reg] t=1 n=12 lo=0xfffffffff0000000 hi=0x0 fbits=0xbb491000 f=-0.00306797
[TS:reg] t=1 n=13 lo=0xccccccc hi=0x0 fbits=0x0 f=0
[TS:reg] t=1 n=14 lo=0xcccccccc hi=0x0 fbits=0x0 f=0
[TS:reg] t=1 n=15 lo=0x7 hi=0x0 fbits=0x0 f=0
[TS:reg] t=1 n=16 lo=0x1eb0000 hi=0x0 fbits=0x0 f=0
[TS:reg] t=1 n=17 lo=0x1ec0000 hi=0x0 fbits=0x0 f=0
[TS:reg] t=1 n=18 lo=0x1e90000 hi=0x0 fbits=0x0 f=0
[TS:reg] t=1 n=19 lo=0x200000 hi=0x0 fbits=0x0 f=0
[TS:reg] t=1 n=20 lo=0x1eb0000 hi=0x0 fbits=0x0 f=0
[TS:reg] t=1 n=21 lo=0x3b47f0 hi=0x0 fbits=0x0 f=0
[TS:reg] t=1 n=22 lo=0x1fb0000 hi=0x0 fbits=0x0 f=0
[TS:reg] t=1 n=23 lo=0x200000 hi=0x0 fbits=0x0 f=0
[TS:reg] t=1 n=24 lo=0x1fffe20 hi=0x0 fbits=0x0 f=0
[TS:reg] t=1 n=25 lo=0x0 hi=0x0 fbits=0x0 f=0
[TS:reg] t=1 n=26 lo=0x0 hi=0x0 fbits=0x0 f=0
[TS:reg] t=1 n=27 lo=0x0 hi=0x0 fbits=0x0 f=0
[TS:reg] t=1 n=28 lo=0x3b47f0 hi=0x0 fbits=0x0 f=0
[TS:reg] t=1 n=29 lo=0x1ffff20 hi=0x0 fbits=0x0 f=0
[TS:reg] t=1 n=30 lo=0x2f2c30 hi=0x0 fbits=0x0 f=0
[TS:reg] t=1 n=31 lo=0x20184c hi=0x0 fbits=0x0 f=0
[TS:registers] thread=2 pc=0x201a88
[TS:reg] t=2 n=0 lo=0x0 hi=0x0 fbits=0x3f800000 f=1
[TS:reg] t=2 n=1 lo=0x7149f2ca hi=0x0 fbits=0x3f800000 f=1
[TS:reg] t=2 n=2 lo=0x1 hi=0x0 fbits=0x47000000 f=32768
[TS:reg] t=2 n=3 lo=0x6d hi=0x0 fbits=0x44f20000 f=1936
[TS:reg] t=2 n=4 lo=0xd1a870 hi=0x0 fbits=0xc6fffe00 f=-32767
[TS:reg] t=2 n=5 lo=0x1e91f80 hi=0x0 fbits=0x42e00000 f=112
[TS:reg] t=2 n=6 lo=0x6b hi=0x0 fbits=0x43a00000 f=320
[TS:reg] t=2 n=7 lo=0x72 hi=0x0 fbits=0x3f800000 f=1
[TS:reg] t=2 n=8 lo=0x61 hi=0x0 fbits=0x3d5fd116 f=0.0546428
[TS:reg] t=2 n=9 lo=0x5f hi=0x0 fbits=0x3d43fd86 f=0.0478492
[TS:reg] t=2 n=10 lo=0x65 hi=0x0 fbits=0x3e088889 f=0.133333
[TS:reg] t=2 n=11 lo=0x528 hi=0x0 fbits=0x3f13cd3b f=0.57735
[TS:reg] t=2 n=12 lo=0xc05e38 hi=0x0 fbits=0x3f800000 f=1
[TS:reg] t=2 n=13 lo=0x0 hi=0x0 fbits=0x0 f=0
[TS:reg] t=2 n=14 lo=0x1ff0000 hi=0x0 fbits=0x0 f=0
[TS:reg] t=2 n=15 lo=0x320000 hi=0x0 fbits=0x0 f=0
[TS:reg] t=2 n=16 lo=0xfffffff hi=0x0 fbits=0x0 f=0
[TS:reg] t=2 n=17 lo=0x1 hi=0x0 fbits=0x3f800000 f=1
[TS:reg] t=2 n=18 lo=0x2f2c00 hi=0x0 fbits=0x0 f=0
[TS:reg] t=2 n=19 lo=0xc hi=0x0 fbits=0x3f800000 f=1
[TS:reg] t=2 n=20 lo=0x2f0000 hi=0x0 fbits=0x0 f=0
[TS:reg] t=2 n=21 lo=0x1 hi=0x0 fbits=0x0 f=0
[TS:reg] t=2 n=22 lo=0x380000 hi=0x0 fbits=0x0 f=0
[TS:reg] t=2 n=23 lo=0x3adb00 hi=0x0 fbits=0x0 f=0
[TS:reg] t=2 n=24 lo=0x320000 hi=0x0 fbits=0x0 f=0
[TS:reg] t=2 n=25 lo=0x320000 hi=0x0 fbits=0x0 f=0
[TS:reg] t=2 n=26 lo=0x0 hi=0x0 fbits=0x0 f=0
[TS:reg] t=2 n=27 lo=0x0 hi=0x0 fbits=0x0 f=0
[TS:reg] t=2 n=28 lo=0x3b47f0 hi=0x0 fbits=0x0 f=0
[TS:reg] t=2 n=29 lo=0x1eb1ed0 hi=0x0 fbits=0x0 f=0
[TS:reg] t=2 n=30 lo=0x380000 hi=0x0 fbits=0x0 f=0
[TS:reg] t=2 n=31 lo=0x201c04 hi=0x0 fbits=0x0 f=0
[TS:registers] thread=3 pc=0x2d0168
[TS:reg] t=3 n=0 lo=0x0 hi=0x0 fbits=0x41a3fe0d f=20.499
[TS:reg] t=3 n=1 lo=0x0 hi=0x0 fbits=0x41a3fe0d f=20.499
[TS:reg] t=3 n=2 lo=0x4 hi=0x0 fbits=0x41a3fe0d f=20.499
[TS:reg] t=3 n=3 lo=0x44 hi=0x0 fbits=0x0 f=0
[TS:reg] t=3 n=4 lo=0x1 hi=0x0 fbits=0x0 f=0
[TS:reg] t=3 n=5 lo=0x6855b0da hi=0x0 fbits=0x0 f=0
[TS:reg] t=3 n=6 lo=0x100000 hi=0x0 fbits=0x0 f=0
[TS:reg] t=3 n=7 lo=0x0 hi=0x0 fbits=0x0 f=0
[TS:reg] t=3 n=8 lo=0x1 hi=0x0 fbits=0x0 f=0
[TS:reg] t=3 n=9 lo=0x0 hi=0x0 fbits=0x0 f=0
[TS:reg] t=3 n=10 lo=0x50 hi=0x0 fbits=0x0 f=0
[TS:reg] t=3 n=11 lo=0x51 hi=0x0 fbits=0x0 f=0
[TS:reg] t=3 n=12 lo=0x60 hi=0x0 fbits=0x0 f=0
[TS:reg] t=3 n=13 lo=0x1 hi=0x0 fbits=0x0 f=0
[TS:reg] t=3 n=14 lo=0x53 hi=0x0 fbits=0x0 f=0
[TS:reg] t=3 n=15 lo=0x52 hi=0x0 fbits=0x0 f=0
[TS:reg] t=3 n=16 lo=0x3 hi=0x0 fbits=0x0 f=0
[TS:reg] t=3 n=17 lo=0x1 hi=0x0 fbits=0x0 f=0
[TS:reg] t=3 n=18 lo=0x3adb00 hi=0x0 fbits=0x0 f=0
[TS:reg] t=3 n=19 lo=0x380000 hi=0x0 fbits=0x0 f=0
[TS:reg] t=3 n=20 lo=0x200000 hi=0x0 fbits=0x0 f=0
[TS:reg] t=3 n=21 lo=0x2f0000 hi=0x0 fbits=0x0 f=0
[TS:reg] t=3 n=22 lo=0x0 hi=0x0 fbits=0x0 f=0
[TS:reg] t=3 n=23 lo=0x0 hi=0x0 fbits=0x0 f=0
[TS:reg] t=3 n=24 lo=0x0 hi=0x0 fbits=0x0 f=0
[TS:reg] t=3 n=25 lo=0x0 hi=0x0 fbits=0x0 f=0
[TS:reg] t=3 n=26 lo=0x0 hi=0x0 fbits=0x0 f=0
[TS:reg] t=3 n=27 lo=0x0 hi=0x0 fbits=0x0 f=0
[TS:reg] t=3 n=28 lo=0x3b47f0 hi=0x0 fbits=0x0 f=0
[TS:reg] t=3 n=29 lo=0x1ec1f10 hi=0x0 fbits=0x0 f=0
[TS:reg] t=3 n=30 lo=0x0 hi=0x0 fbits=0x0 f=0
[TS:reg] t=3 n=31 lo=0x200f64 hi=0x0 fbits=0x0 f=0
[TS:DMA] ch=0 chcr=0x0 madr=0x0 qwc=0x0 tadr=0x0 sadr=0x0
[TS:DMA] ch=1 chcr=0x70000085 madr=0x0 qwc=0x0 tadr=0x102ad0 sadr=0x0
[TS:DMA] ch=2 chcr=0x1 madr=0x1fedb00 qwc=0x0 tadr=0x3136b0 sadr=0x0
[TS:DMA] ch=3 chcr=0x0 madr=0x0 qwc=0x0 tadr=0x0 sadr=0x0
[TS:DMA] ch=4 chcr=0x0 madr=0x0 qwc=0x0 tadr=0x0 sadr=0x0
[TS:DMA] ch=5 chcr=0x0 madr=0x0 qwc=0x0 tadr=0x0 sadr=0x0
[TS:DMA] ch=6 chcr=0x0 madr=0x0 qwc=0x0 tadr=0x0 sadr=0x0
[TS:DMA] ch=7 chcr=0x0 madr=0x0 qwc=0x0 tadr=0x0 sadr=0x0
[TS:DMA] ch=8 chcr=0x0 madr=0x0 qwc=0x0 tadr=0x0 sadr=0x0
[TS:DMA] ch=9 chcr=0x0 madr=0x0 qwc=0x0 tadr=0x0 sadr=0x0
[TS:original] numdmafail=0
[TS:VIF] unit=0 stat=0x0 code=0x0 err=0x0 cycle=0x0 num=0x0 top=0x0 tops=0x0
[TS:VIF] unit=1 stat=0x0 code=0x0 err=0x0 cycle=0x404 num=0x0 top=0x246 tops=0x8c
[TS:IOP] cycles=28101621 instructions=2209 modules=8 threads=12 rpcservers=10
[TS:IOP-service] MCSERV active=1 unknown_rpc_logs=0
[TS:IOP-service] dbcman active=0 reported_version=784 version_queries=0 failed_version_replies=0 unknown_rpc_logs=0
[TS:IOP-service] libsd active=1
[TS:sound-memory] writes=0 bytes_written=0 reads=0 bytes_read=0 note=memory-transfers-not-mixed-audio
[TS:pad-script] reads=4 exhausted=0
INFO: AUDIO: Device closed successfully
